KWL LANGUAGE language=en from=setting error=0
KWL SETTINGS open present=1
KL EVENTS subscribed classes=0x2f
KWL POWER source=ac percent=100 charging=0
KWL DISPLAY device=zedBSD i915 (Gen12 Xe) width=1920 height=1080 refresh_mhz=60011
KWL STARTUP step=vulkan-device ms=59
KWL STARTUP step=vulkan-objects-arrow ms=53
KWL STARTUP step=wallpaper-picture ms=14
KWL STARTUP step=wallpaper ms=413
KWL STARTUP step=glyphs-text ms=26
KWL STARTUP step=glyphs-icons ms=31
KWL STARTUP step=glyphs-mark ms=22
KWL GLASS atlas cache-top=344 cells=294 faces=1
KWL STARTUP step=glyphs ms=152
KWL STARTUP step=tiles ms=98
KWL GLASS ready text=1
KWL STARTUP step=compose ms=787 at_ms=8425
KWL INPUT device=/dev/input/event0 kind=pointer abs=0
KWL INPUT device=/dev/input/event1 kind=keyboard abs=0
KWL INPUT device=/dev/input/event2 kind=touchpad abs=0 resolution=12,12 size=1336,760
KWL STARTUP step=input ms=1 at_ms=8426
KWL KEYMAP format=xkb_v1 errno=0
KWL STARTUP step=keymap ms=0 at_ms=8426
KWL STARTUP step=socket ms=0 at_ms=8426
KWL CLIENT client=1 fd=12 ime=1
KWL IME started pid=35 client=1 --method=ja
KWL READY socket=/run/user/1000/wayland-0 width=1920 height=1080 timeout_ms=18446744073709551615 pid=23 role=normal
KWL MEDIA volumes=0 icon=0
KWL CORNER zone x=1892 y=0 width=28 height=28
KWL OSK zone kind=flick x=1892 y=1052 size=28
KWL OSK zone kind=qwerty x=0 y=1052 size=28
KWL ACTIVATION token client=0 app=KEILAND_DESKTOP_TOKEN=1d33957c12bc7ee4639ee9372dbc739b exec /bi granted=1 reason=spawn at_ms=8442
KWL DESKTOP start pid=36 command=/bin/files --desktop at_ms=8448
KWL ACTIVATION token client=0 app=exec /bin/settings --welcome granted=1 reason=spawn at_ms=8448
KWL WELCOME start pid=37
KWL STARTUP step=output-display ms=11
KWL STARTUP step=output-pipelines ms=7
KWL HANDOFF go=1 waited_ms=0 at_ms=8474
KWL STARTUP step=output-swapchain ms=13
KWL STARTUP step=output-targets ms=0
KWL OUTPUT open width=1920 height=1080 images=3 format=37
KWL MODE window switch_ms=31 at_ms=8487
KWL GLASS desktops x=1523 step=34 width=30
KWL NETWORK icon x=1651 y=3 width=30 height=38
KWL VOLUME icon x=1685 y=3 width=30 height=38
KWL OUTPUT display index=0 name=zedbsd-port-v1:pci:0000:00:02.0:edp:A internal=1 shown=1 width=1920 height=1080
KWL OUTPUT displays count=1
KWL HOME skip name=X terminal missing=/bin/zterm
KWL HOME prepared names=17
KWL VOLUME reachable=1 device=1
KEI-IME METHOD 1
KEI-IME LANGUAGE id=direct
KWL IME language=direct
KWL IME indicator x=1619 label=A
KWL PERF 5006ms: passes=337 timeouts=332 | poll 66.5% work 34.9%
KWL PERF compose frames=3 draw_ms=12.90 (acquire 0.06 submit+present 12.59) frame_ms=14.31
KWL NETWORK state reachable=0 connected=0 kind=none interface= wifi=absent ssid=
KWL NETWORK state reachable=0 connected=0 kind=none interface= wifi=absent ssid=
KWL PERF 5005ms: passes=500 timeouts=500 | poll 99.0% work 0.9%
KWL PERF compose frames=2 draw_ms=10.87 (acquire 0.03 submit+present 10.69) frame_ms=12.44
KWL PERF 5000ms: passes=500 timeouts=500 | poll 99.4% work 0.5%
KEI-IME POPUP ready=1 error=0
KEI-IME READY languages=2
KWL CLIENT client=2 fd=18
KWL CLIENT client=3 fd=19
KWL INSET create client=3 inset=23 toplevel=21
KWL EDIT create client=3 edit=25 toplevel=21
KWL BOUNDS client=3 surface=19 width=1896 height=960
KWL CONFIGURE client=3 surface=19 serial=2 width=0 height=0 fullscreen=0
KWL SEAT client=3 pointer=1 keyboard=0 touch=0
KWL SEAT client=3 pointer=1 keyboard=1 touch=0
KWL DESKTOP role client=2 surface=19 x=0 y=44 width=1920 height=1036
KWL SEAT client=2 pointer=1 keyboard=0 touch=0
KWL SEAT client=2 pointer=1 keyboard=1 touch=0
KWL DESKTOP ack serial=3
ZFILES DESKTOP configure x=0 y=44 width=1920 height=1036
KWL IMPORT client=3 buffer=32 width=1180 height=800 bytes=3776512
ZSETTINGS ABOUT system=Kei/zedBSD 1.0.0 Beta 2 kernel=zedBSD 1.0.0-beta2+g2fe4a50 machine=x86_64 cores=12 host=kei
KWL IMPORT client=3 buffer=33 width=1180 height=800 bytes=3776512
KWL IMPORT client=3 buffer=34 width=1180 height=800 bytes=3776512
ZSETTINGS PAGE home
ZSETTINGS WELCOME step=0 name=welcome
KWL IMPORT client=2 buffer=30 width=1920 height=1036 bytes=7958528
KWL IMPORT client=3 buffer=35 width=1180 height=800 bytes=3776512
KWL IMPORT client=2 buffer=31 width=1920 height=1036 bytes=7958528
KWL IMPORT client=3 buffer=36 width=1180 height=800 bytes=3776512
KWL IMPORT client=2 buffer=32 width=1920 height=1036 bytes=7958528
KWL IMPORT client=3 buffer=37 width=1180 height=800 bytes=3776512
ZFILES LOCATION kind=folder path=/home/kei/Desktop items=0 error=0
KWL IMPORT client=2 buffer=33 width=1920 height=1036 bytes=7958528
KWL IMPORT client=2 buffer=34 width=1920 height=1036 bytes=7958528
KWL SYSTEM object client=3 get=2 id=42
KWL SYSTEM object client=3 get=3 id=43
KWL SYSTEM object client=3 get=4 id=44
KWL SYSTEM object client=3 get=5 id=45
KWL SYSTEM object client=3 get=7 id=46
KWL SYSTEM object client=3 get=8 id=47
KWL NOTIFY object client=3 id=48
KWL MAIL object client=3 id=49
KWL PHONE object client=3 id=50
KWL PRINTERS object client=3 id=51
ZSETTINGS SYSTEM open capabilities=0x7efe
ZSETTINGS NETWORK state reachable=0 connected=0 kind=0 interface= wifi=0 ssid=
KWL IMPORT client=2 buffer=35 width=1920 height=1036 bytes=7958528
KWL SETTINGS snapshot client=2 object=39
KWL PERF 5238ms: passes=371 timeouts=345 | poll 65.7% work 34.2%
KWL PERF compose frames=12 draw_ms=11.42 (acquire 1.95 submit+present 9.28) frame_ms=11.75
KWL SETTINGS snapshot client=3 object=56
ZSETTINGS LOOK open opacity=100 wallpaper= writable=1
ZSETTINGS SOUND open live=1 reachable=1 value=100 muted=0
ZSETTINGS SOUND report reachable=1 device=1 value=100 muted=0
KWL SYSTEM result client=3 object=42 request=1 applied=0
ZFILES ACCENT index=0
ZSETTINGS APPEARANCE appearance=0
ZSETTINGS GLASS blur=1
ZSETTINGS GLASS on
ZFILES DESKTOP layout saved=0 error=0
ZFILES DESKTOP grid width=1920 height=1036 columns=19 rows=9
ZFILES DESKTOP ready items=0 cells=0 width=1920 height=1036 at_ms=28705 newest_age_ms=-1 hidden=0
ZSETTINGS MENU state back=0 forward=0 sidebar=0 page=home
ZSETTINGS MENU ready items=20
ZSETTINGS TITLEBAR state back=0 forward=0 parts=1 last=Settings sidebar=0 query= focus=0
ZSETTINGS TITLEBAR ready controls=6
ZFILES MENU context-only
ZFILES DESKTOP startup entered_ms=10278 fonts=16590 instance=0 window=81 present=19 app=51 canvas=1680 draw=6 shown=18 menus=0
ZFILES READY width=1920 height=1036 token=-
KWL DESKTOP drawn at_ms=28723
ZSETTINGS LAYOUT page=home controls=2
ZSETTINGS CONTROL index=9002 x=1089 y=28 width=59 height=32
ZSETTINGS CONTROL index=9001 x=1094 y=752 width=62 height=32
ZSETTINGS GLASS panels count=1
KWL MENU set client=3 place=63 menu=64
ZSETTINGS READY width=1180 height=800 glass=1 page=home
KWL MENU commit client=3 menu=64 serial=1 items=41 generation=1
KWL MENU commit client=3 menu=64 serial=2 items=41 generation=2
KWL MENU commit client=3 menu=64 serial=3 items=41 generation=3
KWL TITLEBAR create client=3 titlebar=66 toplevel=21
KWL TITLEBAR commit client=3 titlebar=66 serial=1 mode=1 controls=0 tabs=0 generation=1
KWL TITLEBAR commit client=3 titlebar=66 serial=2 mode=1 controls=6 tabs=0 generation=2
KWL TITLEBAR commit client=3 titlebar=66 serial=3 mode=1 controls=6 tabs=0 generation=3
KWL TITLEBAR commit client=3 titlebar=66 serial=4 mode=1 controls=6 tabs=0 generation=4
KWL TITLEBAR commit client=3 titlebar=66 serial=5 mode=1 controls=6 tabs=0 generation=5
KWL TITLEBAR commit client=3 titlebar=66 serial=6 mode=1 controls=6 tabs=0 generation=6
KWL GLASS client=3 surface=19 blur=1
KWL GLASS client=3 surface=19 panels=1 card:0,0,1180,800,16
KWL DECORATION applied client=3 surface=19 mode=2
KWL EDIT state client=3 edit=25 actions=0xff flags=0xd
ZSETTINGS NETWORK open links=3 dns=1 saved=0
ZSETTINGS NETWORK wired-link name=ue0 mode=1 address=10.0.30.3 router=10.0.0.1
KWL MAP client=3 surface=19 x=370 y=188
KWL IME app key=app:settings language=direct from=inherited
KWL GLASS glyph codepoint=U+2026 size=0 face=0 cell=0
KWL TITLEBAR control client=3 surface=19 where=floating id=1 x=493 y=143 width=30 height=30 shown=1
KWL TITLEBAR control client=3 surface=19 where=floating id=2 x=527 y=143 width=30 height=30 shown=1
KWL TITLEBAR control client=3 surface=19 where=floating id=3 x=561 y=143 width=30 height=30 shown=1
KWL TITLEBAR control client=3 surface=19 where=floating id=4 x=601 y=143 width=72 height=30 shown=1
KWL TITLEBAR control client=3 surface=19 where=floating id=5 x=1142 y=143 width=220 height=30 shown=1
KWL TITLEBAR control client=3 surface=19 where=floating id=6 x=1366 y=143 width=30 height=30 shown=1
KWL TITLEBAR control client=3 surface=19 where=floating id=0 x=1406 y=143 width=30 height=30 shown=1
KWL APPS bar count=1 hidden=0 desktop=2 apps=settings
KWL APPS icon app=settings x=58 y=0 width=34 height=44 windows=1
KWL SYSTEM result client=3 object=42 request=2 applied=0
KWL SYSTEM sharing answer error=0
ZSETTINGS SHARING state available=1 enabled=1 running=1 port=22 allowed=1 fingerprint=SHA256:5wUgx/N//rpIENM4/oFXl+GxgaSwnhTFmLqzLGs0YKo
KWL NETWORK state reachable=0 connected=0 kind=none interface= wifi=absent ssid=
KWL SYSTEM result client=3 object=42 request=3 applied=0
KWL SYSTEM enrolled pin=0 keys=0 listed=0
ZSETTINGS USERS enrolled changed
KWL NETWORK state reachable=1 connected=1 kind=wired interface=ue0 wifi=searching ssid=
ZSETTINGS NETWORK state reachable=1 connected=1 kind=1 interface=ue0 wifi=2 ssid=
KWL SYSTEM result client=3 object=42 request=4 applied=0
KWL SYSTEM result client=3 object=42 request=5 applied=0
KWL SYSTEM result client=3 object=42 request=6 applied=0
KWL PERF 5009ms: passes=515 timeouts=489 | poll 95.9% work 3.9%
KWL PERF compose frames=11 draw_ms=13.35 (acquire 0.04 submit+present 12.98) frame_ms=14.90
KWL SYSTEM result client=3 object=42 request=7 applied=0
KWL SYSTEM result client=3 object=42 request=8 applied=0
KWL SYSTEM result client=3 object=42 request=9 applied=0
KWL SYSTEM result client=3 object=42 request=10 applied=0
KWL SYSTEM result client=3 object=42 request=11 applied=0
KWL PERF 5000ms: passes=510 timeouts=500 | poll 99.0% work 0.7%
KWL SYSTEM result client=3 object=42 request=12 applied=0
KWL SYSTEM result client=3 object=42 request=13 applied=0
KWL SYSTEM result client=3 object=42 request=14 applied=0
KWL SYSTEM result client=3 object=42 request=15 applied=0
KWL SYSTEM result client=3 object=42 request=16 applied=0
KWL PERF 5000ms: passes=510 timeouts=500 | poll 99.4% work 0.4%
KWL SYSTEM result client=3 object=42 request=17 applied=0
KWL SYSTEM result client=3 object=42 request=18 applied=0
KWL SYSTEM result client=3 object=42 request=19 applied=0
KWL SYSTEM result client=3 object=42 request=20 applied=0
KWL SYSTEM result client=3 object=42 request=21 applied=0
KWL PERF 5000ms: passes=509 timeouts=499 | poll 99.4% work 0.5%
KWL SYSTEM result client=3 object=42 request=22 applied=0
KWL SYSTEM result client=3 object=42 request=23 applied=0
KWL SYSTEM result client=3 object=42 request=24 applied=0
KWL SYSTEM result client=3 object=42 request=25 applied=0
KWL SYSTEM result client=3 object=42 request=26 applied=0
KWL PERF 5000ms: passes=506 timeouts=496 | poll 98.9% work 0.8%
KWL SYSTEM result client=3 object=42 request=27 applied=0
KWL SYSTEM result client=3 object=42 request=28 applied=0
KWL SYSTEM result client=3 object=42 request=29 applied=0
KWL SYSTEM result client=3 object=42 request=30 applied=0
KWL SYSTEM result client=3 object=42 request=31 applied=0
KWL PERF 5000ms: passes=510 timeouts=500 | poll 99.1% work 0.7%
KWL SYSTEM result client=3 object=42 request=32 applied=0
KWL SYSTEM result client=3 object=42 request=33 applied=0
KWL SYSTEM result client=3 object=42 request=34 applied=0
KWL SYSTEM result client=3 object=42 request=35 applied=0
KWL SYSTEM result client=3 object=42 request=36 applied=0
KWL PERF 5000ms: passes=510 timeouts=500 | poll 99.3% work 0.6%
KWL SYSTEM result client=3 object=42 request=37 applied=0
KWL SYSTEM result client=3 object=42 request=38 applied=0
KWL SYSTEM result client=3 object=42 request=39 applied=0
KWL SYSTEM result client=3 object=42 request=40 applied=0
KWL SYSTEM result client=3 object=42 request=41 applied=0
KWL PERF 5000ms: passes=505 timeouts=495 | poll 99.1% work 0.7%
KWL SYSTEM result client=3 object=42 request=42 applied=0
KWL SYSTEM result client=3 object=42 request=43 applied=0
KWL SYSTEM result client=3 object=42 request=44 applied=0
KWL SYSTEM result client=3 object=42 request=45 applied=0
KWL SYSTEM result client=3 object=42 request=46 applied=0
KWL PERF 5000ms: passes=505 timeouts=495 | poll 99.0% work 0.8%
KWL SYSTEM result client=3 object=42 request=47 applied=0
KWL SYSTEM result client=3 object=42 request=48 applied=0
KWL SYSTEM result client=3 object=42 request=49 applied=0
KWL SYSTEM result client=3 object=42 request=50 applied=0
KWL SYSTEM result client=3 object=42 request=51 applied=0
KWL PERF 5000ms: passes=505 timeouts=495 | poll 99.1% work 0.7%
KWL SYSTEM result client=3 object=42 request=52 applied=0
KWL SYSTEM result client=3 object=42 request=53 applied=0
KWL SYSTEM result client=3 object=42 request=54 applied=0
KWL SYSTEM result client=3 object=42 request=55 applied=0
KWL SYSTEM result client=3 object=42 request=56 applied=0
KWL PERF 5000ms: passes=505 timeouts=495 | poll 99.0% work 0.8%
KWL SYSTEM result client=3 object=42 request=57 applied=0
KWL SYSTEM result client=3 object=42 request=58 applied=0
KWL SYSTEM result client=3 object=42 request=59 applied=0
KWL SYSTEM result client=3 object=42 request=60 applied=0
KWL PERF 5003ms: passes=505 timeouts=497 | poll 98.8% work 1.0%
KWL PERF compose frames=1 draw_ms=18.34 (acquire 0.03 submit+present 18.08) frame_ms=20.03
KWL SYSTEM result client=3 object=42 request=61 applied=0
KWL SYSTEM result client=3 object=42 request=62 applied=0
KWL SYSTEM result client=3 object=42 request=63 applied=0
KWL SYSTEM result client=3 object=42 request=64 applied=0
KWL SYSTEM result client=3 object=42 request=65 applied=0
KWL PERF 5001ms: passes=505 timeouts=495 | poll 99.1% work 0.7%
KWL SYSTEM result client=3 object=42 request=66 applied=0
KWL SYSTEM result client=3 object=42 request=67 applied=0
KWL SYSTEM result client=3 object=42 request=68 applied=0
KWL SYSTEM result client=3 object=42 request=69 applied=0
KWL SYSTEM result client=3 object=42 request=70 applied=0
KWL PERF 5000ms: passes=505 timeouts=495 | poll 99.0% work 0.7%
KWL SYSTEM result client=3 object=42 request=71 applied=0
KWL SYSTEM result client=3 object=42 request=72 applied=0
KWL SYSTEM result client=3 object=42 request=73 applied=0
KWL SYSTEM result client=3 object=42 request=74 applied=0
KWL SYSTEM result client=3 object=42 request=75 applied=0
KWL PERF 5004ms: passes=508 timeouts=498 | poll 98.9% work 0.8%
KWL SYSTEM result client=3 object=42 request=76 applied=0
KWL SYSTEM result client=3 object=42 request=77 applied=0
KWL SYSTEM result client=3 object=42 request=78 applied=0
KWL SYSTEM result client=3 object=42 request=79 applied=0
KWL SYSTEM result client=3 object=42 request=80 applied=0
KWL PERF 5005ms: passes=510 timeouts=500 | poll 99.0% work 0.8%
KWL SYSTEM result client=3 object=42 request=81 applied=0
KWL SYSTEM result client=3 object=42 request=82 applied=0
KWL SYSTEM result client=3 object=42 request=83 applied=0
KWL SYSTEM result client=3 object=42 request=84 applied=0
KWL SYSTEM result client=3 object=42 request=85 applied=0
KWL PERF 5002ms: passes=510 timeouts=500 | poll 99.0% work 0.8%
KWL SYSTEM result client=3 object=42 request=86 applied=0
KWL SYSTEM result client=3 object=42 request=87 applied=0
KWL SYSTEM result client=3 object=42 request=88 applied=0
KWL SYSTEM result client=3 object=42 request=89 applied=0
KWL SYSTEM result client=3 object=42 request=90 applied=0
KWL PERF 5002ms: passes=510 timeouts=500 | poll 99.1% work 0.7%
KWL SYSTEM result client=3 object=42 request=91 applied=0
KWL SYSTEM result client=3 object=42 request=92 applied=0
KWL SYSTEM result client=3 object=42 request=93 applied=0
KWL SYSTEM result client=3 object=42 request=94 applied=0
KWL SYSTEM result client=3 object=42 request=95 applied=0
KWL PERF 5000ms: passes=510 timeouts=500 | poll 99.1% work 0.7%
KWL SYSTEM result client=3 object=42 request=96 applied=0
KWL SYSTEM result client=3 object=42 request=97 applied=0
KWL SYSTEM result client=3 object=42 request=98 applied=0
KWL SYSTEM result client=3 object=42 request=99 applied=0
KWL SYSTEM result client=3 object=42 request=100 applied=0
KWL PERF 5000ms: passes=509 timeouts=499 | poll 99.1% work 0.7%
KWL SYSTEM result client=3 object=42 request=101 applied=0
KWL SYSTEM result client=3 object=42 request=102 applied=0
KWL SYSTEM result client=3 object=42 request=103 applied=0
KWL SYSTEM result client=3 object=42 request=104 applied=0
KWL SYSTEM result client=3 object=42 request=105 applied=0
KWL PERF 5000ms: passes=510 timeouts=500 | poll 99.1% work 0.7%
KWL SYSTEM result client=3 object=42 request=106 applied=0
KWL SYSTEM result client=3 object=42 request=107 applied=0
KWL SYSTEM result client=3 object=42 request=108 applied=0
KWL SYSTEM result client=3 object=42 request=109 applied=0
KWL SYSTEM result client=3 object=42 request=110 applied=0
KWL PERF 5000ms: passes=510 timeouts=500 | poll 99.1% work 0.7%
KWL SYSTEM result client=3 object=42 request=111 applied=0
KWL SYSTEM result client=3 object=42 request=112 applied=0
KWL SYSTEM result client=3 object=42 request=113 applied=0
KWL SYSTEM result client=3 object=42 request=114 applied=0
KWL SYSTEM result client=3 object=42 request=115 applied=0
KWL PERF 5000ms: passes=509 timeouts=499 | poll 99.1% work 0.7%
KWL SYSTEM result client=3 object=42 request=116 applied=0
KWL SYSTEM result client=3 object=42 request=117 applied=0
KWL SYSTEM result client=3 object=42 request=118 applied=0
KWL SYSTEM result client=3 object=42 request=119 applied=0
KWL SYSTEM result client=3 object=42 request=120 applied=0
KWL PERF 5000ms: passes=509 timeouts=499 | poll 98.7% work 1.1%
KWL PERF compose frames=1 draw_ms=18.47 (acquire 0.03 submit+present 18.13) frame_ms=20.09
KWL SYSTEM result client=3 object=42 request=121 applied=0
KWL SYSTEM result client=3 object=42 request=122 applied=0
KWL SYSTEM result client=3 object=42 request=123 applied=0
KWL SYSTEM result client=3 object=42 request=124 applied=0
KWL SYSTEM result client=3 object=42 request=125 applied=0
KWL PERF 5000ms: passes=510 timeouts=500 | poll 99.0% work 0.7%
KWL SYSTEM result client=3 object=42 request=126 applied=0
KWL SYSTEM result client=3 object=42 request=127 applied=0
KWL SYSTEM result client=3 object=42 request=128 applied=0
KWL SYSTEM result client=3 object=42 request=129 applied=0
KWL SYSTEM result client=3 object=42 request=130 applied=0
KWL PERF 5000ms: passes=510 timeouts=500 | poll 99.1% work 0.7%
KWL SYSTEM result client=3 object=42 request=131 applied=0
KWL SYSTEM result client=3 object=42 request=132 applied=0
KWL SYSTEM result client=3 object=42 request=133 applied=0
KWL SYSTEM result client=3 object=42 request=134 applied=0
KWL SYSTEM result client=3 object=42 request=135 applied=0
KWL PERF 5000ms: passes=510 timeouts=500 | poll 99.1% work 0.7%
KWL SYSTEM result client=3 object=42 request=136 applied=0
KWL SYSTEM result client=3 object=42 request=137 applied=0
KWL SYSTEM result client=3 object=42 request=138 applied=0
KWL SYSTEM result client=3 object=42 request=139 applied=0
KWL SYSTEM result client=3 object=42 request=140 applied=0
KWL PERF 5000ms: passes=508 timeouts=498 | poll 99.1% work 0.7%
KWL SYSTEM result client=3 object=42 request=141 applied=0
KWL SYSTEM result client=3 object=42 request=142 applied=0
KWL SYSTEM result client=3 object=42 request=143 applied=0
KWL SYSTEM result client=3 object=42 request=144 applied=0
KWL SYSTEM result client=3 object=42 request=145 applied=0
KWL PERF 5000ms: passes=507 timeouts=497 | poll 99.1% work 0.7%
KWL SYSTEM result client=3 object=42 request=146 applied=0
KWL SYSTEM result client=3 object=42 request=147 applied=0
KWL SYSTEM result client=3 object=42 request=148 applied=0
KWL SYSTEM result client=3 object=42 request=149 applied=0
KWL SYSTEM result client=3 object=42 request=150 applied=0
KWL PERF 5000ms: passes=508 timeouts=498 | poll 99.0% work 0.8%
KWL SYSTEM result client=3 object=42 request=151 applied=0
KWL SYSTEM result client=3 object=42 request=152 applied=0
KWL SYSTEM result client=3 object=42 request=153 applied=0
KWL SYSTEM result client=3 object=42 request=154 applied=0
KWL SYSTEM result client=3 object=42 request=155 applied=0
KWL PERF 5000ms: passes=506 timeouts=496 | poll 99.0% work 0.8%
KWL SYSTEM result client=3 object=42 request=156 applied=0
KWL SYSTEM result client=3 object=42 request=157 applied=0
KWL SYSTEM result client=3 object=42 request=158 applied=0
KWL SYSTEM result client=3 object=42 request=159 applied=0
KWL PERF 5000ms: passes=504 timeouts=495 | poll 99.0% work 0.8%
KWL SYSTEM result client=3 object=42 request=160 applied=0
KWL SYSTEM result client=3 object=42 request=161 applied=0
KWL SYSTEM result client=3 object=42 request=162 applied=0
KWL SYSTEM result client=3 object=42 request=163 applied=0
KWL SYSTEM result client=3 object=42 request=164 applied=0
KWL PERF 5000ms: passes=505 timeouts=496 | poll 99.0% work 0.8%
KWL SYSTEM result client=3 object=42 request=165 applied=0
KWL SYSTEM result client=3 object=42 request=166 applied=0
KWL SYSTEM result client=3 object=42 request=167 applied=0
KWL SYSTEM result client=3 object=42 request=168 applied=0
KWL SYSTEM result client=3 object=42 request=169 applied=0
KWL PERF 5000ms: passes=505 timeouts=495 | poll 99.0% work 0.8%
KWL SYSTEM result client=3 object=42 request=170 applied=0
KWL SYSTEM result client=3 object=42 request=171 applied=0
KWL SYSTEM result client=3 object=42 request=172 applied=0
KWL SYSTEM result client=3 object=42 request=173 applied=0
KWL SYSTEM result client=3 object=42 request=174 applied=0
KWL PERF 5000ms: passes=505 timeouts=495 | poll 99.0% work 0.8%
KWL SYSTEM result client=3 object=42 request=175 applied=0
KWL SYSTEM result client=3 object=42 request=176 applied=0
KWL SYSTEM result client=3 object=42 request=177 applied=0
KWL SYSTEM result client=3 object=42 request=178 applied=0
KWL SYSTEM result client=3 object=42 request=179 applied=0
KWL PERF 5000ms: passes=505 timeouts=495 | poll 98.6% work 1.2%
KWL PERF compose frames=1 draw_ms=19.19 (acquire 0.03 submit+present 18.83) frame_ms=21.10
KWL SYSTEM result client=3 object=42 request=180 applied=0
KWL SYSTEM result client=3 object=42 request=181 applied=0
KWL SYSTEM result client=3 object=42 request=182 applied=0
KWL SYSTEM result client=3 object=42 request=183 applied=0
KWL SYSTEM result client=3 object=42 request=184 applied=0
KWL PERF 5001ms: passes=509 timeouts=499 | poll 99.2% work 0.6%
KWL SYSTEM result client=3 object=42 request=185 applied=0
KWL SYSTEM result client=3 object=42 request=186 applied=0
KWL SYSTEM result client=3 object=42 request=187 applied=0
KWL SYSTEM result client=3 object=42 request=188 applied=0
KWL SYSTEM result client=3 object=42 request=189 applied=0
KWL PERF 5000ms: passes=510 timeouts=500 | poll 99.4% work 0.5%
KWL SYSTEM result client=3 object=42 request=190 applied=0
KWL SYSTEM result client=3 object=42 request=191 applied=0
KWL SYSTEM result client=3 object=42 request=192 applied=0
KWL SYSTEM result client=3 object=42 request=193 applied=0
KWL SYSTEM result client=3 object=42 request=194 applied=0
KWL PERF 5003ms: passes=508 timeouts=498 | poll 99.1% work 0.7%
KWL SYSTEM result client=3 object=42 request=195 applied=0
KWL SYSTEM result client=3 object=42 request=196 applied=0
KWL SYSTEM result client=3 object=42 request=197 applied=0
KWL SYSTEM result client=3 object=42 request=198 applied=0
KWL SYSTEM result client=3 object=42 request=199 applied=0
KWL PERF 5003ms: passes=509 timeouts=499 | poll 99.1% work 0.7%
KWL SYSTEM result client=3 object=42 request=200 applied=0
KWL SYSTEM result client=3 object=42 request=201 applied=0
KWL SYSTEM result client=3 object=42 request=202 applied=0
KWL SYSTEM result client=3 object=42 request=203 applied=0
KWL SYSTEM result client=3 object=42 request=204 applied=0
KWL PERF 5006ms: passes=510 timeouts=500 | poll 98.9% work 0.8%
KWL SYSTEM result client=3 object=42 request=205 applied=0
KWL SYSTEM result client=3 object=42 request=206 applied=0
KWL SYSTEM result client=3 object=42 request=207 applied=0
KWL SYSTEM result client=3 object=42 request=208 applied=0
KWL SYSTEM result client=3 object=42 request=209 applied=0
KWL PERF 5005ms: passes=510 timeouts=500 | poll 99.0% work 0.8%
KWL SYSTEM result client=3 object=42 request=210 applied=0
KWL SYSTEM result client=3 object=42 request=211 applied=0
KWL SYSTEM result client=3 object=42 request=212 applied=0
KWL SYSTEM result client=3 object=42 request=213 applied=0
KWL SYSTEM result client=3 object=42 request=214 applied=0
KWL PERF 5005ms: passes=510 timeouts=500 | poll 99.0% work 0.8%
KWL SYSTEM result client=3 object=42 request=215 applied=0
KWL SYSTEM result client=3 object=42 request=216 applied=0
KWL SYSTEM result client=3 object=42 request=217 applied=0
KWL SYSTEM result client=3 object=42 request=218 applied=0
KWL SYSTEM result client=3 object=42 request=219 applied=0
KWL PERF 5005ms: passes=510 timeouts=500 | poll 99.0% work 0.8%
KWL SYSTEM result client=3 object=42 request=220 applied=0
KWL SYSTEM result client=3 object=42 request=221 applied=0
KWL SYSTEM result client=3 object=42 request=222 applied=0
KWL SYSTEM result client=3 object=42 request=223 applied=0
KWL SYSTEM result client=3 object=42 request=224 applied=0
KWL PERF 5005ms: passes=510 timeouts=500 | poll 99.0% work 0.8%
KWL SYSTEM result client=3 object=42 request=225 applied=0
KWL SYSTEM result client=3 object=42 request=226 applied=0
KWL SYSTEM result client=3 object=42 request=227 applied=0
KWL SYSTEM result client=3 object=42 request=228 applied=0
KWL SYSTEM result client=3 object=42 request=229 applied=0
KWL PERF 5005ms: passes=510 timeouts=500 | poll 99.0% work 0.8%
KWL SYSTEM result client=3 object=42 request=230 applied=0
KWL SYSTEM result client=3 object=42 request=231 applied=0
KWL SYSTEM result client=3 object=42 request=232 applied=0
KWL SYSTEM result client=3 object=42 request=233 applied=0
KWL SYSTEM result client=3 object=42 request=234 applied=0
KWL PERF 5005ms: passes=510 timeouts=500 | poll 99.0% work 0.8%
KWL SYSTEM result client=3 object=42 request=235 applied=0
KWL SYSTEM result client=3 object=42 request=236 applied=0
KWL SYSTEM result client=3 object=42 request=237 applied=0
KWL SYSTEM result client=3 object=42 request=238 applied=0
KWL SYSTEM result client=3 object=42 request=239 applied=0
KWL PERF 5005ms: passes=508 timeouts=498 | poll 98.6% work 1.2%
KWL PERF compose frames=1 draw_ms=19.09 (acquire 0.03 submit+present 18.74) frame_ms=21.06
KWL SYSTEM result client=3 object=42 request=240 applied=0
KWL SYSTEM result client=3 object=42 request=241 applied=0
KWL SYSTEM result client=3 object=42 request=242 applied=0
KWL SYSTEM result client=3 object=42 request=243 applied=0
KWL SYSTEM result client=3 object=42 request=244 applied=0
KWL PERF 5004ms: passes=510 timeouts=500 | poll 99.0% work 0.8%
KWL SYSTEM result client=3 object=42 request=245 applied=0
KWL SYSTEM result client=3 object=42 request=246 applied=0
KWL SYSTEM result client=3 object=42 request=247 applied=0
KWL SYSTEM result client=3 object=42 request=248 applied=0
KWL SYSTEM result client=3 object=42 request=249 applied=0
KWL PERF 5005ms: passes=510 timeouts=500 | poll 99.0% work 0.8%
KWL SYSTEM result client=3 object=42 request=250 applied=0
KWL SYSTEM result client=3 object=42 request=251 applied=0
KWL SYSTEM result client=3 object=42 request=252 applied=0
KWL SYSTEM result client=3 object=42 request=253 applied=0
KWL SYSTEM result client=3 object=42 request=254 applied=0
KWL PERF 5005ms: passes=510 timeouts=500 | poll 99.0% work 0.8%
KWL SYSTEM result client=3 object=42 request=255 applied=0
KWL SYSTEM result client=3 object=42 request=256 applied=0
KWL SYSTEM result client=3 object=42 request=257 applied=0
KWL SYSTEM result client=3 object=42 request=258 applied=0
KWL PERF 5004ms: passes=508 timeouts=499 | poll 99.0% work 0.8%
KWL SYSTEM result client=3 object=42 request=259 applied=0
KWL SYSTEM result client=3 object=42 request=260 applied=0
KWL SYSTEM result client=3 object=42 request=261 applied=0
KWL SYSTEM result client=3 object=42 request=262 applied=0
KWL SYSTEM result client=3 object=42 request=263 applied=0
KWL PERF 5005ms: passes=510 timeouts=501 | poll 99.0% work 0.8%
KWL SYSTEM result client=3 object=42 request=264 applied=0
KWL SYSTEM result client=3 object=42 request=265 applied=0
KWL SYSTEM result client=3 object=42 request=266 applied=0
KWL SYSTEM result client=3 object=42 request=267 applied=0
KWL SYSTEM result client=3 object=42 request=268 applied=0
KWL PERF 5005ms: passes=510 timeouts=500 | poll 99.0% work 0.8%
KWL SYSTEM result client=3 object=42 request=269 applied=0
KWL SYSTEM result client=3 object=42 request=270 applied=0
KWL SYSTEM result client=3 object=42 request=271 applied=0
KWL SYSTEM result client=3 object=42 request=272 applied=0
KWL SYSTEM result client=3 object=42 request=273 applied=0
KWL PERF 5005ms: passes=510 timeouts=500 | poll 99.0% work 0.8%
KWL SYSTEM result client=3 object=42 request=274 applied=0
KWL SYSTEM result client=3 object=42 request=275 applied=0
KWL SYSTEM result client=3 object=42 request=276 applied=0
KWL SYSTEM result client=3 object=42 request=277 applied=0
KWL SYSTEM result client=3 object=42 request=278 applied=0
KWL PERF 5005ms: passes=510 timeouts=500 | poll 99.0% work 0.8%
KWL SYSTEM result client=3 object=42 request=279 applied=0
KWL SYSTEM result client=3 object=42 request=280 applied=0
KWL SYSTEM result client=3 object=42 request=281 applied=0
KWL SYSTEM result client=3 object=42 request=282 applied=0
KWL SYSTEM result client=3 object=42 request=283 applied=0
KWL PERF 5005ms: passes=510 timeouts=500 | poll 99.0% work 0.8%
KWL SYSTEM result client=3 object=42 request=284 applied=0
KWL SYSTEM result client=3 object=42 request=285 applied=0
KWL SYSTEM result client=3 object=42 request=286 applied=0
KWL SYSTEM result client=3 object=42 request=287 applied=0
KWL SYSTEM result client=3 object=42 request=288 applied=0
KWL PERF 5004ms: passes=510 timeouts=500 | poll 99.0% work 0.8%
KWL SYSTEM result client=3 object=42 request=289 applied=0
KWL SYSTEM result client=3 object=42 request=290 applied=0
KWL SYSTEM result client=3 object=42 request=291 applied=0
KWL SYSTEM result client=3 object=42 request=292 applied=0
KWL SYSTEM result client=3 object=42 request=293 applied=0
KWL PERF 5005ms: passes=510 timeouts=500 | poll 99.0% work 0.8%
KWL SYSTEM result client=3 object=42 request=294 applied=0
KWL SYSTEM result client=3 object=42 request=295 applied=0
KWL SYSTEM result client=3 object=42 request=296 applied=0
KWL SYSTEM result client=3 object=42 request=297 applied=0
KWL SYSTEM result client=3 object=42 request=298 applied=0
KWL PERF 5001ms: passes=505 timeouts=495 | poll 98.6% work 1.2%
KWL PERF compose frames=1 draw_ms=19.09 (acquire 0.03 submit+present 18.74) frame_ms=21.05
KWL SYSTEM result client=3 object=42 request=299 applied=0
KWL SYSTEM result client=3 object=42 request=300 applied=0
KWL SYSTEM result client=3 object=42 request=301 applied=0
KWL SYSTEM result client=3 object=42 request=302 applied=0
KWL SYSTEM result client=3 object=42 request=303 applied=0
KWL PERF 5000ms: passes=505 timeouts=495 | poll 99.0% work 0.8%
KWL SYSTEM result client=3 object=42 request=304 applied=0
KWL SYSTEM result client=3 object=42 request=305 applied=0
KWL SYSTEM result client=3 object=42 request=306 applied=0
KWL SYSTEM result client=3 object=42 request=307 applied=0
KWL SYSTEM result client=3 object=42 request=308 applied=0
KWL PERF 5001ms: passes=508 timeouts=498 | poll 99.0% work 0.8%
KWL SYSTEM result client=3 object=42 request=309 applied=0
KWL SYSTEM result client=3 object=42 request=310 applied=0
KWL SYSTEM result client=3 object=42 request=311 applied=0
KWL SYSTEM result client=3 object=42 request=312 applied=0
KWL SYSTEM result client=3 object=42 request=313 applied=0
KWL PERF 5000ms: passes=506 timeouts=496 | poll 99.0% work 0.8%
KWL SYSTEM result client=3 object=42 request=314 applied=0
KWL SYSTEM result client=3 object=42 request=315 applied=0
KWL SYSTEM result client=3 object=42 request=316 applied=0
KWL SYSTEM result client=3 object=42 request=317 applied=0
KWL SYSTEM result client=3 object=42 request=318 applied=0
KWL PERF 5005ms: passes=506 timeouts=496 | poll 99.1% work 0.7%
KWL SYSTEM result client=3 object=42 request=319 applied=0
KWL SYSTEM result client=3 object=42 request=320 applied=0
KWL SYSTEM result client=3 object=42 request=321 applied=0
KWL SYSTEM result client=3 object=42 request=322 applied=0
KWL SYSTEM result client=3 object=42 request=323 applied=0
KWL PERF 5007ms: passes=506 timeouts=496 | poll 99.1% work 0.7%
KWL SYSTEM result client=3 object=42 request=324 applied=0
KWL SYSTEM result client=3 object=42 request=325 applied=0
KWL SYSTEM result client=3 object=42 request=326 applied=0
KWL SYSTEM result client=3 object=42 request=327 applied=0
KWL SYSTEM result client=3 object=42 request=328 applied=0
KWL PERF 5002ms: passes=508 timeouts=498 | poll 99.0% work 0.8%
KWL SYSTEM result client=3 object=42 request=329 applied=0
KWL SYSTEM result client=3 object=42 request=330 applied=0
KWL SYSTEM result client=3 object=42 request=331 applied=0
KWL SYSTEM result client=3 object=42 request=332 applied=0
KWL SYSTEM result client=3 object=42 request=333 applied=0
KWL PERF 5001ms: passes=507 timeouts=497 | poll 99.0% work 0.8%
KWL SYSTEM result client=3 object=42 request=334 applied=0
KWL SYSTEM result client=3 object=42 request=335 applied=0
KWL SYSTEM result client=3 object=42 request=336 applied=0
KWL SYSTEM result client=3 object=42 request=337 applied=0
KWL SYSTEM result client=3 object=42 request=338 applied=0
KWL PERF 5000ms: passes=505 timeouts=495 | poll 99.0% work 0.8%
KWL SYSTEM result client=3 object=42 request=339 applied=0
KWL SYSTEM result client=3 object=42 request=340 applied=0
KWL SYSTEM result client=3 object=42 request=341 applied=0
KWL SYSTEM result client=3 object=42 request=342 applied=0
KWL SYSTEM result client=3 object=42 request=343 applied=0
KWL PERF 5000ms: passes=508 timeouts=498 | poll 99.0% work 0.8%
KWL SYSTEM result client=3 object=42 request=344 applied=0
KWL SYSTEM result client=3 object=42 request=345 applied=0
KWL SYSTEM result client=3 object=42 request=346 applied=0
KWL SYSTEM result client=3 object=42 request=347 applied=0
KWL SYSTEM result client=3 object=42 request=348 applied=0
KWL PERF 5001ms: passes=509 timeouts=499 | poll 99.0% work 0.8%
KWL SYSTEM result client=3 object=42 request=349 applied=0
KWL SYSTEM result client=3 object=42 request=350 applied=0
KWL SYSTEM result client=3 object=42 request=351 applied=0
KWL SYSTEM result client=3 object=42 request=352 applied=0
KWL SYSTEM result client=3 object=42 request=353 applied=0
KWL PERF 5000ms: passes=505 timeouts=495 | poll 99.2% work 0.6%
KWL SYSTEM result client=3 object=42 request=354 applied=0
KWL SYSTEM result client=3 object=42 request=355 applied=0
KWL SYSTEM result client=3 object=42 request=356 applied=0
KWL SYSTEM result client=3 object=42 request=357 applied=0
KWL SYSTEM result client=3 object=42 request=358 applied=0
KWL PERF 5001ms: passes=503 timeouts=493 | poll 98.8% work 1.0%
KWL PERF compose frames=1 draw_ms=19.08 (acquire 0.03 submit+present 18.71) frame_ms=21.13
KWL SYSTEM result client=3 object=42 request=359 applied=0
KWL SYSTEM result client=3 object=42 request=360 applied=0
KWL SYSTEM result client=3 object=42 request=361 applied=0
KWL SYSTEM result client=3 object=42 request=362 applied=0
KWL PERF 5001ms: passes=506 timeouts=498 | poll 99.0% work 0.8%
KWL SYSTEM result client=3 object=42 request=363 applied=0
KWL SYSTEM result client=3 object=42 request=364 applied=0
KWL SYSTEM result client=3 object=42 request=365 applied=0
KWL SYSTEM result client=3 object=42 request=366 applied=0
KWL SYSTEM result client=3 object=42 request=367 applied=0
KWL PERF 5003ms: passes=509 timeouts=499 | poll 99.1% work 0.7%
KWL SYSTEM result client=3 object=42 request=368 applied=0
KWL SYSTEM result client=3 object=42 request=369 applied=0
KWL SYSTEM result client=3 object=42 request=370 applied=0
KWL SYSTEM result client=3 object=42 request=371 applied=0
KWL SYSTEM result client=3 object=42 request=372 applied=0
KWL PERF 5004ms: passes=510 timeouts=500 | poll 99.1% work 0.7%
KWL SYSTEM result client=3 object=42 request=373 applied=0
KWL SYSTEM result client=3 object=42 request=374 applied=0
KWL SYSTEM result client=3 object=42 request=375 applied=0
KWL SYSTEM result client=3 object=42 request=376 applied=0
KWL SYSTEM result client=3 object=42 request=377 applied=0
KWL PERF 5003ms: passes=508 timeouts=498 | poll 99.1% work 0.7%
KWL SYSTEM result client=3 object=42 request=378 applied=0
KWL SYSTEM result client=3 object=42 request=379 applied=0
KWL SYSTEM result client=3 object=42 request=380 applied=0
KWL SYSTEM result client=3 object=42 request=381 applied=0
KWL SYSTEM result client=3 object=42 request=382 applied=0
KWL PERF 5002ms: passes=507 timeouts=497 | poll 99.2% work 0.6%
KWL SYSTEM result client=3 object=42 request=383 applied=0
KWL SYSTEM result client=3 object=42 request=384 applied=0
KWL SYSTEM result client=3 object=42 request=385 applied=0
KWL SYSTEM result client=3 object=42 request=386 applied=0
KWL SYSTEM result client=3 object=42 request=387 applied=0
KWL PERF 5005ms: passes=510 timeouts=500 | poll 99.1% work 0.7%
KWL SYSTEM result client=3 object=42 request=388 applied=0
KWL SYSTEM result client=3 object=42 request=389 applied=0
KWL SYSTEM result client=3 object=42 request=390 applied=0
KWL SYSTEM result client=3 object=42 request=391 applied=0
KWL SYSTEM result client=3 object=42 request=392 applied=0
KWL PERF 5005ms: passes=510 timeouts=500 | poll 99.1% work 0.7%
KWL SYSTEM result client=3 object=42 request=393 applied=0
KWL SYSTEM result client=3 object=42 request=394 applied=0
KWL SYSTEM result client=3 object=42 request=395 applied=0
KWL SYSTEM result client=3 object=42 request=396 applied=0
KWL SYSTEM result client=3 object=42 request=397 applied=0
KWL PERF 5004ms: passes=509 timeouts=499 | poll 99.1% work 0.7%
KWL SYSTEM result client=3 object=42 request=398 applied=0
KWL SYSTEM result client=3 object=42 request=399 applied=0
KWL SYSTEM result client=3 object=42 request=400 applied=0
KWL SYSTEM result client=3 object=42 request=401 applied=0
KWL SYSTEM result client=3 object=42 request=402 applied=0
KWL PERF 5004ms: passes=510 timeouts=500 | poll 99.1% work 0.7%
KWL SYSTEM result client=3 object=42 request=403 applied=0
KWL SYSTEM result client=3 object=42 request=404 applied=0
KWL SYSTEM result client=3 object=42 request=405 applied=0
KWL SYSTEM result client=3 object=42 request=406 applied=0
KWL SYSTEM result client=3 object=42 request=407 applied=0
KWL PERF 5001ms: passes=510 timeouts=500 | poll 99.1% work 0.7%
KWL SYSTEM result client=3 object=42 request=408 applied=0
KWL SYSTEM result client=3 object=42 request=409 applied=0
KWL SYSTEM result client=3 object=42 request=410 applied=0
KWL SYSTEM result client=3 object=42 request=411 applied=0
KWL SYSTEM result client=3 object=42 request=412 applied=0
KWL PERF 5000ms: passes=508 timeouts=498 | poll 99.1% work 0.7%
KWL SYSTEM result client=3 object=42 request=413 applied=0
KWL SYSTEM result client=3 object=42 request=414 applied=0
KWL SYSTEM result client=3 object=42 request=415 applied=0
KWL SYSTEM result client=3 object=42 request=416 applied=0
KWL SYSTEM result client=3 object=42 request=417 applied=0
KWL PERF 5000ms: passes=504 timeouts=494 | poll 98.8% work 1.0%
KWL PERF compose frames=1 draw_ms=18.39 (acquire 0.03 submit+present 18.03) frame_ms=20.14
KWL SYSTEM result client=3 object=42 request=418 applied=0
KWL SYSTEM result client=3 object=42 request=419 applied=0
KWL SYSTEM result client=3 object=42 request=420 applied=0
KWL SYSTEM result client=3 object=42 request=421 applied=0
KWL SYSTEM result client=3 object=42 request=422 applied=0
KWL PERF 5000ms: passes=505 timeouts=495 | poll 99.1% work 0.7%
KWL SYSTEM result client=3 object=42 request=423 applied=0
KWL SYSTEM result client=3 object=42 request=424 applied=0
KWL SYSTEM result client=3 object=42 request=425 applied=0
KWL SYSTEM result client=3 object=42 request=426 applied=0
KWL SYSTEM result client=3 object=42 request=427 applied=0
KWL PERF 5000ms: passes=505 timeouts=495 | poll 99.1% work 0.7%
KWL SYSTEM result client=3 object=42 request=428 applied=0
KWL SYSTEM result client=3 object=42 request=429 applied=0
KWL SYSTEM result client=3 object=42 request=430 applied=0
KWL SYSTEM result client=3 object=42 request=431 applied=0
KWL SYSTEM result client=3 object=42 request=432 applied=0
KWL PERF 5001ms: passes=506 timeouts=496 | poll 99.1% work 0.7%
KWL SYSTEM result client=3 object=42 request=433 applied=0
KWL SYSTEM result client=3 object=42 request=434 applied=0
KWL SYSTEM result client=3 object=42 request=435 applied=0
KWL SYSTEM result client=3 object=42 request=436 applied=0
KWL SYSTEM result client=3 object=42 request=437 applied=0
KWL PERF 5004ms: passes=510 timeouts=500 | poll 99.1% work 0.7%
KWL SYSTEM result client=3 object=42 request=438 applied=0
KWL SYSTEM result client=3 object=42 request=439 applied=0
KWL SYSTEM result client=3 object=42 request=440 applied=0
KWL SYSTEM result client=3 object=42 request=441 applied=0
KWL SYSTEM result client=3 object=42 request=442 applied=0
KWL PERF 5005ms: passes=510 timeouts=500 | poll 99.1% work 0.7%
KWL SYSTEM result client=3 object=42 request=443 applied=0
KWL SYSTEM result client=3 object=42 request=444 applied=0
KWL SYSTEM result client=3 object=42 request=445 applied=0
KWL SYSTEM result client=3 object=42 request=446 applied=0
KWL SYSTEM result client=3 object=42 request=447 applied=0
KWL PERF 5005ms: passes=510 timeouts=500 | poll 99.1% work 0.7%
KWL SYSTEM result client=3 object=42 request=448 applied=0
KWL SYSTEM result client=3 object=42 request=449 applied=0
KWL SYSTEM result client=3 object=42 request=450 applied=0
KWL SYSTEM result client=3 object=42 request=451 applied=0
KWL SYSTEM result client=3 object=42 request=452 applied=0
KWL PERF 5001ms: passes=510 timeouts=500 | poll 99.1% work 0.7%
KWL SYSTEM result client=3 object=42 request=453 applied=0
KWL SYSTEM result client=3 object=42 request=454 applied=0
KWL SYSTEM result client=3 object=42 request=455 applied=0
KWL SYSTEM result client=3 object=42 request=456 applied=0
KWL SYSTEM result client=3 object=42 request=457 applied=0
KWL PERF 5002ms: passes=508 timeouts=498 | poll 99.1% work 0.7%
KWL SYSTEM result client=3 object=42 request=458 applied=0
KWL SYSTEM result client=3 object=42 request=459 applied=0
KWL SYSTEM result client=3 object=42 request=460 applied=0
KWL SYSTEM result client=3 object=42 request=461 applied=0
KWL PERF 5004ms: passes=508 timeouts=500 | poll 99.1% work 0.7%
KWL SYSTEM result client=3 object=42 request=462 applied=0
KWL SYSTEM result client=3 object=42 request=463 applied=0
KWL SYSTEM result client=3 object=42 request=464 applied=0
KWL SYSTEM result client=3 object=42 request=465 applied=0
KWL SYSTEM result client=3 object=42 request=466 applied=0
KWL PERF 5002ms: passes=508 timeouts=498 | poll 99.1% work 0.7%
KWL SYSTEM result client=3 object=42 request=467 applied=0
KWL SYSTEM result client=3 object=42 request=468 applied=0
KWL SYSTEM result client=3 object=42 request=469 applied=0
KWL SYSTEM result client=3 object=42 request=470 applied=0
KWL SYSTEM result client=3 object=42 request=471 applied=0
KWL PERF 5002ms: passes=508 timeouts=498 | poll 99.1% work 0.7%
KWL SYSTEM result client=3 object=42 request=472 applied=0
KWL SYSTEM result client=3 object=42 request=473 applied=0
KWL SYSTEM result client=3 object=42 request=474 applied=0
KWL SYSTEM result client=3 object=42 request=475 applied=0
KWL SYSTEM result client=3 object=42 request=476 applied=0
KWL PERF 5000ms: passes=504 timeouts=494 | poll 98.7% work 1.1%
KWL PERF compose frames=1 draw_ms=19.00 (acquire 0.03 submit+present 18.65) frame_ms=21.05
KWL SYSTEM result client=3 object=42 request=477 applied=0
KWL SYSTEM result client=3 object=42 request=478 applied=0
KWL SYSTEM result client=3 object=42 request=479 applied=0
KWL SYSTEM result client=3 object=42 request=480 applied=0
KWL SYSTEM result client=3 object=42 request=481 applied=0
KWL PERF 5000ms: passes=505 timeouts=495 | poll 99.1% work 0.7%
KWL SYSTEM result client=3 object=42 request=482 applied=0
KWL SYSTEM result client=3 object=42 request=483 applied=0
KWL SYSTEM result client=3 object=42 request=484 applied=0
KWL SYSTEM result client=3 object=42 request=485 applied=0
KWL SYSTEM result client=3 object=42 request=486 applied=0
KWL PERF 5000ms: passes=505 timeouts=495 | poll 99.1% work 0.7%
KWL SYSTEM result client=3 object=42 request=487 applied=0
KWL SYSTEM result client=3 object=42 request=488 applied=0
KWL SYSTEM result client=3 object=42 request=489 applied=0
KWL SYSTEM result client=3 object=42 request=490 applied=0
KWL SYSTEM result client=3 object=42 request=491 applied=0
KWL PERF 5003ms: passes=508 timeouts=498 | poll 99.1% work 0.7%
KWL SYSTEM result client=3 object=42 request=492 applied=0
KWL SYSTEM result client=3 object=42 request=493 applied=0
KWL SYSTEM result client=3 object=42 request=494 applied=0
KWL SYSTEM result client=3 object=42 request=495 applied=0
KWL SYSTEM result client=3 object=42 request=496 applied=0
KWL PERF 5001ms: passes=510 timeouts=500 | poll 99.1% work 0.7%
KWL SYSTEM result client=3 object=42 request=497 applied=0
KWL SYSTEM result client=3 object=42 request=498 applied=0
KWL SYSTEM result client=3 object=42 request=499 applied=0
KWL SYSTEM result client=3 object=42 request=500 applied=0
KWL SYSTEM result client=3 object=42 request=501 applied=0
KWL PERF 5000ms: passes=509 timeouts=499 | poll 99.1% work 0.7%
KWL SYSTEM result client=3 object=42 request=502 applied=0
KWL SYSTEM result client=3 object=42 request=503 applied=0
KWL SYSTEM result client=3 object=42 request=504 applied=0
KWL SYSTEM result client=3 object=42 request=505 applied=0
KWL SYSTEM result client=3 object=42 request=506 applied=0
KWL PERF 5001ms: passes=509 timeouts=499 | poll 99.1% work 0.7%
KWL SYSTEM result client=3 object=42 request=507 applied=0
KWL SYSTEM result client=3 object=42 request=508 applied=0
KWL SYSTEM result client=3 object=42 request=509 applied=0
KWL SYSTEM result client=3 object=42 request=510 applied=0
KWL SYSTEM result client=3 object=42 request=511 applied=0
KWL PERF 5004ms: passes=505 timeouts=495 | poll 99.1% work 0.7%
KWL SYSTEM result client=3 object=42 request=512 applied=0
KWL SYSTEM result client=3 object=42 request=513 applied=0
KWL SYSTEM result client=3 object=42 request=514 applied=0
KWL SYSTEM result client=3 object=42 request=515 applied=0
KWL SYSTEM result client=3 object=42 request=516 applied=0
KWL PERF 5005ms: passes=505 timeouts=495 | poll 99.1% work 0.7%
KWL SYSTEM result client=3 object=42 request=517 applied=0
KWL SYSTEM result client=3 object=42 request=518 applied=0
KWL SYSTEM result client=3 object=42 request=519 applied=0
KWL SYSTEM result client=3 object=42 request=520 applied=0
KWL SYSTEM result client=3 object=42 request=521 applied=0
KWL PERF 5009ms: passes=506 timeouts=496 | poll 99.1% work 0.7%
KWL SYSTEM result client=3 object=42 request=522 applied=0
KWL SYSTEM result client=3 object=42 request=523 applied=0
KWL SYSTEM result client=3 object=42 request=524 applied=0
KWL SYSTEM result client=3 object=42 request=525 applied=0
KWL SYSTEM result client=3 object=42 request=526 applied=0
KWL PERF 5000ms: passes=505 timeouts=495 | poll 99.1% work 0.7%
KWL SYSTEM result client=3 object=42 request=527 applied=0
KWL SYSTEM result client=3 object=42 request=528 applied=0
KWL SYSTEM result client=3 object=42 request=529 applied=0
KWL SYSTEM result client=3 object=42 request=530 applied=0
KWL SYSTEM result client=3 object=42 request=531 applied=0
KWL PERF 5000ms: passes=505 timeouts=495 | poll 99.1% work 0.6%
KWL SYSTEM result client=3 object=42 request=532 applied=0
KWL SYSTEM result client=3 object=42 request=533 applied=0
KWL SYSTEM result client=3 object=42 request=534 applied=0
KWL SYSTEM result client=3 object=42 request=535 applied=0
KWL SYSTEM result client=3 object=42 request=536 applied=0
KWL PERF 5000ms: passes=504 timeouts=494 | poll 98.8% work 1.0%
KWL PERF compose frames=1 draw_ms=18.92 (acquire 0.04 submit+present 18.53) frame_ms=21.06
KWL SYSTEM result client=3 object=42 request=537 applied=0
KWL SYSTEM result client=3 object=42 request=538 applied=0
KWL SYSTEM result client=3 object=42 request=539 applied=0
KWL SYSTEM result client=3 object=42 request=540 applied=0
KWL SYSTEM result client=3 object=42 request=541 applied=0
KWL PERF 5000ms: passes=505 timeouts=495 | poll 99.2% work 0.6%
KWL SYSTEM result client=3 object=42 request=542 applied=0
KWL SYSTEM result client=3 object=42 request=543 applied=0
KWL SYSTEM result client=3 object=42 request=544 applied=0
KWL SYSTEM result client=3 object=42 request=545 applied=0
KWL SYSTEM result client=3 object=42 request=546 applied=0
KWL PERF 5000ms: passes=507 timeouts=497 | poll 99.0% work 0.7%
KWL SYSTEM result client=3 object=42 request=547 applied=0
KWL SYSTEM result client=3 object=42 request=548 applied=0
KWL SYSTEM result client=3 object=42 request=549 applied=0
KWL SYSTEM result client=3 object=42 request=550 applied=0
KWL SYSTEM result client=3 object=42 request=551 applied=0
KWL PERF 5000ms: passes=505 timeouts=495 | poll 99.0% work 0.8%
KWL SYSTEM result client=3 object=42 request=552 applied=0
KWL SYSTEM result client=3 object=42 request=553 applied=0
KWL SYSTEM result client=3 object=42 request=554 applied=0
KWL SYSTEM result client=3 object=42 request=555 applied=0
KWL SYSTEM result client=3 object=42 request=556 applied=0
KWL PERF 5003ms: passes=508 timeouts=498 | poll 99.0% work 0.8%
KWL SYSTEM result client=3 object=42 request=557 applied=0
KWL SYSTEM result client=3 object=42 request=558 applied=0
KWL SYSTEM result client=3 object=42 request=559 applied=0
KWL SYSTEM result client=3 object=42 request=560 applied=0
KWL PERF 5004ms: passes=508 timeouts=500 | poll 99.1% work 0.7%
KWL SYSTEM result client=3 object=42 request=561 applied=0
KWL SYSTEM result client=3 object=42 request=562 applied=0
KWL SYSTEM result client=3 object=42 request=563 applied=0
KWL SYSTEM result client=3 object=42 request=564 applied=0
KWL SYSTEM result client=3 object=42 request=565 applied=0
KWL PERF 5004ms: passes=510 timeouts=500 | poll 99.1% work 0.7%
KWL SYSTEM result client=3 object=42 request=566 applied=0
KWL SYSTEM result client=3 object=42 request=567 applied=0
KWL SYSTEM result client=3 object=42 request=568 applied=0
KWL SYSTEM result client=3 object=42 request=569 applied=0
KWL SYSTEM result client=3 object=42 request=570 applied=0
KWL PERF 5000ms: passes=510 timeouts=500 | poll 99.1% work 0.7%
KWL SYSTEM result client=3 object=42 request=571 applied=0
KWL SYSTEM result client=3 object=42 request=572 applied=0
KWL SYSTEM result client=3 object=42 request=573 applied=0
KWL SYSTEM result client=3 object=42 request=574 applied=0
KWL CLIP clear reason=lock count=0
KWL LOCK locked reason=idle user=kei
KWL GLASS glyph codepoint=U+2192 size=4 face=0 cell=1
KWL GREETER styles=1
KWL GREETER link x=794 y=713 width=332 height=28
KWL SYSTEM result client=3 object=42 request=575 applied=0
KWL PERF 5001ms: passes=509 timeouts=499 | poll 98.6% work 1.2%
KWL PERF compose frames=2 draw_ms=13.00 (acquire 0.03 submit+present 12.75) frame_ms=14.55
KWL SYSTEM result client=3 object=42 request=576 applied=0
KWL SYSTEM result client=3 object=42 request=577 applied=0
KWL SYSTEM result client=3 object=42 request=578 applied=0
KWL SYSTEM result client=3 object=42 request=579 applied=0
KWL SYSTEM result client=3 object=42 request=580 applied=0
KWL PERF 5000ms: passes=505 timeouts=495 | poll 99.4% work 0.4%
KWL SYSTEM result client=3 object=42 request=581 applied=0
KWL SYSTEM result client=3 object=42 request=582 applied=0
KWL SYSTEM result client=3 object=42 request=583 applied=0
KWL SYSTEM result client=3 object=42 request=584 applied=0
KWL SYSTEM result client=3 object=42 request=585 applied=0
KWL PERF 5000ms: passes=507 timeouts=497 | poll 99.4% work 0.4%
KWL SYSTEM result client=3 object=42 request=586 applied=0
KWL SYSTEM result client=3 object=42 request=587 applied=0
KWL SYSTEM result client=3 object=42 request=588 applied=0
KWL SYSTEM result client=3 object=42 request=589 applied=0
KWL SYSTEM result client=3 object=42 request=590 applied=0
KWL PERF 5000ms: passes=505 timeouts=495 | poll 99.4% work 0.4%
KWL SYSTEM result client=3 object=42 request=591 applied=0
KWL SYSTEM result client=3 object=42 request=592 applied=0
KWL SYSTEM result client=3 object=42 request=593 applied=0
KWL SYSTEM result client=3 object=42 request=594 applied=0
KWL SYSTEM result client=3 object=42 request=595 applied=0
KWL PERF 5000ms: passes=505 timeouts=495 | poll 99.1% work 0.7%
KWL PERF compose frames=1 draw_ms=14.59 (acquire 0.04 submit+present 14.33) frame_ms=16.09
KWL SYSTEM result client=3 object=42 request=596 applied=0
KWL SYSTEM result client=3 object=42 request=597 applied=0
KWL SYSTEM result client=3 object=42 request=598 applied=0
KWL SYSTEM result client=3 object=42 request=599 applied=0
KWL SYSTEM result client=3 object=42 request=600 applied=0
KWL PERF 5000ms: passes=505 timeouts=495 | poll 99.4% work 0.4%
KWL SYSTEM result client=3 object=42 request=601 applied=0
KWL SYSTEM result client=3 object=42 request=602 applied=0
KWL SYSTEM result client=3 object=42 request=603 applied=0
KWL SYSTEM result client=3 object=42 request=604 applied=0
KWL SYSTEM result client=3 object=42 request=605 applied=0
KWL PERF 5000ms: passes=508 timeouts=498 | poll 99.4% work 0.4%
KWL SYSTEM result client=3 object=42 request=606 applied=0
KWL SYSTEM result client=3 object=42 request=607 applied=0
KWL SYSTEM result client=3 object=42 request=608 applied=0
KWL SYSTEM result client=3 object=42 request=609 applied=0
KWL SYSTEM result client=3 object=42 request=610 applied=0
KWL PERF 5001ms: passes=508 timeouts=498 | poll 99.5% work 0.4%
KWL SYSTEM result client=3 object=42 request=611 applied=0
KWL SYSTEM result client=3 object=42 request=612 applied=0
KWL SYSTEM result client=3 object=42 request=613 applied=0
KWL SYSTEM result client=3 object=42 request=614 applied=0
KWL SYSTEM result client=3 object=42 request=615 applied=0
KWL PERF 5001ms: passes=506 timeouts=496 | poll 99.5% work 0.3%
KWL SYSTEM result client=3 object=42 request=616 applied=0
KWL SYSTEM result client=3 object=42 request=617 applied=0
KWL SYSTEM result client=3 object=42 request=618 applied=0
KWL SYSTEM result client=3 object=42 request=619 applied=0
KWL SYSTEM result client=3 object=42 request=620 applied=0
KWL PERF 5000ms: passes=510 timeouts=500 | poll 99.4% work 0.4%
KWL SYSTEM result client=3 object=42 request=621 applied=0
KWL SYSTEM result client=3 object=42 request=622 applied=0
KWL SYSTEM result client=3 object=42 request=623 applied=0
KWL SYSTEM result client=3 object=42 request=624 applied=0
KWL SYSTEM result client=3 object=42 request=625 applied=0
KWL PERF 5000ms: passes=510 timeouts=500 | poll 99.4% work 0.4%
KWL SYSTEM result client=3 object=42 request=626 applied=0
KWL SYSTEM result client=3 object=42 request=627 applied=0
KWL SYSTEM result client=3 object=42 request=628 applied=0
KWL SYSTEM result client=3 object=42 request=629 applied=0
KWL SYSTEM result client=3 object=42 request=630 applied=0
KWL PERF 5000ms: passes=510 timeouts=500 | poll 99.4% work 0.4%
KWL SYSTEM result client=3 object=42 request=631 applied=0
KWL SYSTEM result client=3 object=42 request=632 applied=0
KWL SYSTEM result client=3 object=42 request=633 applied=0
KWL SYSTEM result client=3 object=42 request=634 applied=0
KWL SYSTEM result client=3 object=42 request=635 applied=0
KWL PERF 5000ms: passes=510 timeouts=500 | poll 99.4% work 0.4%
KWL SYSTEM result client=3 object=42 request=636 applied=0
KWL SYSTEM result client=3 object=42 request=637 applied=0
KWL SYSTEM result client=3 object=42 request=638 applied=0
KWL SYSTEM result client=3 object=42 request=639 applied=0
KWL SYSTEM result client=3 object=42 request=640 applied=0
KWL PERF 5002ms: passes=509 timeouts=499 | poll 99.4% work 0.4%
KWL SYSTEM result client=3 object=42 request=641 applied=0
KWL SYSTEM result client=3 object=42 request=642 applied=0
KWL SYSTEM result client=3 object=42 request=643 applied=0
KWL SYSTEM result client=3 object=42 request=644 applied=0
KWL SYSTEM result client=3 object=42 request=645 applied=0
KWL PERF 5005ms: passes=510 timeouts=500 | poll 99.4% work 0.4%
KWL SYSTEM result client=3 object=42 request=646 applied=0
KWL SYSTEM result client=3 object=42 request=647 applied=0
KWL SYSTEM result client=3 object=42 request=648 applied=0
KWL SYSTEM result client=3 object=42 request=649 applied=0
KWL SYSTEM result client=3 object=42 request=650 applied=0
KWL PERF 5005ms: passes=510 timeouts=500 | poll 99.4% work 0.4%
KWL SYSTEM result client=3 object=42 request=651 applied=0
KWL SYSTEM result client=3 object=42 request=652 applied=0
KWL SYSTEM result client=3 object=42 request=653 applied=0
KWL SYSTEM result client=3 object=42 request=654 applied=0
KWL SYSTEM result client=3 object=42 request=655 applied=0
KWL PERF 5006ms: passes=509 timeouts=499 | poll 99.1% work 0.7%
KWL PERF compose frames=1 draw_ms=14.56 (acquire 0.03 submit+present 14.32) frame_ms=16.11
KWL SYSTEM result client=3 object=42 request=656 applied=0
KWL SYSTEM result client=3 object=42 request=657 applied=0
KWL SYSTEM result client=3 object=42 request=658 applied=0
KWL SYSTEM result client=3 object=42 request=659 applied=0
KWL SYSTEM result client=3 object=42 request=660 applied=0
KWL PERF 5005ms: passes=509 timeouts=499 | poll 99.5% work 0.3%
KWL SYSTEM result client=3 object=42 request=661 applied=0
KWL SYSTEM result client=3 object=42 request=662 applied=0
KWL SYSTEM result client=3 object=42 request=663 applied=0
KWL SYSTEM result client=3 object=42 request=664 applied=0
KWL PERF 5004ms: passes=509 timeouts=501 | poll 99.5% work 0.3%
KWL SYSTEM result client=3 object=42 request=665 applied=0
KWL SYSTEM result client=3 object=42 request=666 applied=0
KWL SYSTEM result client=3 object=42 request=667 applied=0
KWL SYSTEM result client=3 object=42 request=668 applied=0
KWL SYSTEM result client=3 object=42 request=669 applied=0
KWL PERF 5005ms: passes=510 timeouts=500 | poll 99.5% work 0.3%
KWL SYSTEM result client=3 object=42 request=670 applied=0
KWL SYSTEM result client=3 object=42 request=671 applied=0
KWL SYSTEM result client=3 object=42 request=672 applied=0
KWL SYSTEM result client=3 object=42 request=673 applied=0
KWL SYSTEM result client=3 object=42 request=674 applied=0
KWL PERF 5005ms: passes=510 timeouts=500 | poll 99.5% work 0.3%
KWL SYSTEM result client=3 object=42 request=675 applied=0
KWL SYSTEM result client=3 object=42 request=676 applied=0
KWL SYSTEM result client=3 object=42 request=677 applied=0
KWL SYSTEM result client=3 object=42 request=678 applied=0
KWL SYSTEM result client=3 object=42 request=679 applied=0
KWL PERF 5005ms: passes=510 timeouts=500 | poll 99.5% work 0.3%
KWL SYSTEM result client=3 object=42 request=680 applied=0
KWL SYSTEM result client=3 object=42 request=681 applied=0
KWL SYSTEM result client=3 object=42 request=682 applied=0
KWL SYSTEM result client=3 object=42 request=683 applied=0
KWL SYSTEM result client=3 object=42 request=684 applied=0
KWL PERF 5004ms: passes=510 timeouts=500 | poll 99.5% work 0.3%
KWL SYSTEM result client=3 object=42 request=685 applied=0
KWL SYSTEM result client=3 object=42 request=686 applied=0
KWL SYSTEM result client=3 object=42 request=687 applied=0
KWL SYSTEM result client=3 object=42 request=688 applied=0
KWL SYSTEM result client=3 object=42 request=689 applied=0
KWL PERF 5000ms: passes=505 timeouts=495 | poll 99.5% work 0.4%
KWL SYSTEM result client=3 object=42 request=690 applied=0
KWL SYSTEM result client=3 object=42 request=691 applied=0
KWL SYSTEM result client=3 object=42 request=692 applied=0
KWL SYSTEM result client=3 object=42 request=693 applied=0
KWL SYSTEM result client=3 object=42 request=694 applied=0
KWL PERF 5000ms: passes=508 timeouts=498 | poll 99.4% work 0.4%
KWL SYSTEM result client=3 object=42 request=695 applied=0
KWL SYSTEM result client=3 object=42 request=696 applied=0
KWL SYSTEM result client=3 object=42 request=697 applied=0
KWL SYSTEM result client=3 object=42 request=698 applied=0
KWL SYSTEM result client=3 object=42 request=699 applied=0
KWL PERF 5000ms: passes=510 timeouts=500 | poll 99.4% work 0.4%
KWL SYSTEM result client=3 object=42 request=700 applied=0
KWL SYSTEM result client=3 object=42 request=701 applied=0
KWL SYSTEM result client=3 object=42 request=702 applied=0
KWL SYSTEM result client=3 object=42 request=703 applied=0
KWL SYSTEM result client=3 object=42 request=704 applied=0
KWL PERF 5000ms: passes=510 timeouts=500 | poll 99.4% work 0.4%
KWL SYSTEM result client=3 object=42 request=705 applied=0
KWL SYSTEM result client=3 object=42 request=706 applied=0
KWL SYSTEM result client=3 object=42 request=707 applied=0
KWL SYSTEM result client=3 object=42 request=708 applied=0
KWL SYSTEM result client=3 object=42 request=709 applied=0
KWL PERF 5000ms: passes=510 timeouts=500 | poll 99.4% work 0.4%
KWL SYSTEM result client=3 object=42 request=710 applied=0
KWL SYSTEM result client=3 object=42 request=711 applied=0
KWL SYSTEM result client=3 object=42 request=712 applied=0
KWL SYSTEM result client=3 object=42 request=713 applied=0
KWL SYSTEM result client=3 object=42 request=714 applied=0
KWL PERF 5000ms: passes=509 timeouts=499 | poll 99.1% work 0.7%
KWL PERF compose frames=1 draw_ms=14.24 (acquire 0.03 submit+present 14.05) frame_ms=16.05
KWL SYSTEM result client=3 object=42 request=715 applied=0
KWL SYSTEM result client=3 object=42 request=716 applied=0
KWL SYSTEM result client=3 object=42 request=717 applied=0
KWL SYSTEM result client=3 object=42 request=718 applied=0
KWL SYSTEM result client=3 object=42 request=719 applied=0
KWL PERF 5000ms: passes=510 timeouts=500 | poll 99.4% work 0.4%
KWL SYSTEM result client=3 object=42 request=720 applied=0
KWL SYSTEM result client=3 object=42 request=721 applied=0
KWL SYSTEM result client=3 object=42 request=722 applied=0
KWL SYSTEM result client=3 object=42 request=723 applied=0
KWL SYSTEM result client=3 object=42 request=724 applied=0
KWL PERF 5000ms: passes=510 timeouts=500 | poll 99.4% work 0.4%
KWL SYSTEM result client=3 object=42 request=725 applied=0
KWL SYSTEM result client=3 object=42 request=726 applied=0
KWL SYSTEM result client=3 object=42 request=727 applied=0
KWL SYSTEM result client=3 object=42 request=728 applied=0
KWL SYSTEM result client=3 object=42 request=729 applied=0
KWL PERF 5000ms: passes=510 timeouts=500 | poll 99.4% work 0.4%
KWL SYSTEM result client=3 object=42 request=730 applied=0
KWL SYSTEM result client=3 object=42 request=731 applied=0
KWL SYSTEM result client=3 object=42 request=732 applied=0
KWL SYSTEM result client=3 object=42 request=733 applied=0
KWL SYSTEM result client=3 object=42 request=734 applied=0
KWL PERF 5000ms: passes=510 timeouts=500 | poll 99.4% work 0.4%
KWL SYSTEM result client=3 object=42 request=735 applied=0
KWL SYSTEM result client=3 object=42 request=736 applied=0
KWL SYSTEM result client=3 object=42 request=737 applied=0
KWL SYSTEM result client=3 object=42 request=738 applied=0
KWL SYSTEM result client=3 object=42 request=739 applied=0
KWL PERF 5002ms: passes=509 timeouts=499 | poll 99.4% work 0.4%
KWL SYSTEM result client=3 object=42 request=740 applied=0
KWL SYSTEM result client=3 object=42 request=741 applied=0
KWL SYSTEM result client=3 object=42 request=742 applied=0
KWL SYSTEM result client=3 object=42 request=743 applied=0
KWL SYSTEM result client=3 object=42 request=744 applied=0
KWL PERF 5003ms: passes=508 timeouts=498 | poll 99.5% work 0.3%
KWL SYSTEM result client=3 object=42 request=745 applied=0
KWL SYSTEM result client=3 object=42 request=746 applied=0
KWL SYSTEM result client=3 object=42 request=747 applied=0
KWL SYSTEM result client=3 object=42 request=748 applied=0
KWL SYSTEM result client=3 object=42 request=749 applied=0
KWL PERF 5001ms: passes=506 timeouts=496 | poll 99.4% work 0.4%
KWL SYSTEM result client=3 object=42 request=750 applied=0
KWL SYSTEM result client=3 object=42 request=751 applied=0
KWL SYSTEM result client=3 object=42 request=752 applied=0
KWL SYSTEM result client=3 object=42 request=753 applied=0
KWL SYSTEM result client=3 object=42 request=754 applied=0
KWL PERF 5000ms: passes=505 timeouts=495 | poll 99.4% work 0.4%
KWL SYSTEM result client=3 object=42 request=755 applied=0
KWL SYSTEM result client=3 object=42 request=756 applied=0
KWL SYSTEM result client=3 object=42 request=757 applied=0
KWL SYSTEM result client=3 object=42 request=758 applied=0
KWL SYSTEM result client=3 object=42 request=759 applied=0
KWL PERF 5001ms: passes=506 timeouts=496 | poll 99.4% work 0.4%
KWL SYSTEM result client=3 object=42 request=760 applied=0
KWL SYSTEM result client=3 object=42 request=761 applied=0
KWL SYSTEM result client=3 object=42 request=762 applied=0
KWL SYSTEM result client=3 object=42 request=763 applied=0
KWL PERF 5000ms: passes=508 timeouts=500 | poll 99.4% work 0.4%
KWL SYSTEM result client=3 object=42 request=764 applied=0
KWL SYSTEM result client=3 object=42 request=765 applied=0
KWL SYSTEM result client=3 object=42 request=766 applied=0
KWL SYSTEM result client=3 object=42 request=767 applied=0
KWL SYSTEM result client=3 object=42 request=768 applied=0
KWL PERF 5000ms: passes=510 timeouts=500 | poll 99.4% work 0.4%
KWL SYSTEM result client=3 object=42 request=769 applied=0
KWL SYSTEM result client=3 object=42 request=770 applied=0
KWL SYSTEM result client=3 object=42 request=771 applied=0
KWL SYSTEM result client=3 object=42 request=772 applied=0
KWL SYSTEM result client=3 object=42 request=773 applied=0
KWL PERF 5000ms: passes=508 timeouts=498 | poll 99.2% work 0.6%
KWL PERF compose frames=1 draw_ms=14.55 (acquire 0.02 submit+present 14.36) frame_ms=16.15
KWL SYSTEM result client=3 object=42 request=774 applied=0
KWL SYSTEM result client=3 object=42 request=775 applied=0
KWL SYSTEM result client=3 object=42 request=776 applied=0
KWL SYSTEM result client=3 object=42 request=777 applied=0
KWL SYSTEM result client=3 object=42 request=778 applied=0
KWL PERF 5000ms: passes=510 timeouts=500 | poll 99.5% work 0.4%
KWL SYSTEM result client=3 object=42 request=779 applied=0
KWL SYSTEM result client=3 object=42 request=780 applied=0
KWL SYSTEM result client=3 object=42 request=781 applied=0
KWL OUTPUT display index=0 name=zedbsd-port-v1:pci:0000:00:02.0:edp:A internal=1 shown=1 width=1920 height=1080
KWL OUTPUT display index=1 name=zedbsd-port-v1:pci:0000:00:02.0:hdmi:B internal=0 shown=0 width=1920 height=1280
KWL OUTPUT displays count=2
KWL OUTPUT head refused name=zedbsd-port-v1:pci:0000:00:02.0:hdmi:B errno=5
KWL SYSTEM result client=3 object=42 request=782 applied=0
KWL SYSTEM result client=3 object=42 request=783 applied=0
KWL PERF 5002ms: passes=509 timeouts=495 | poll 99.0% work 0.9%
KWL PERF compose frames=2 draw_ms=12.44 (acquire 0.03 submit+present 12.28) frame_ms=14.51
KWL SYSTEM result client=3 object=42 request=784 applied=0
KWL SYSTEM result client=3 object=42 request=785 applied=0
KWL GREETER auth user=kei style=1
KWL GREETER answer=OK reason=
KWL LOCK unlocked
KWL SYSTEM result client=3 object=42 request=786 applied=0
KWL SYSTEM result client=3 object=42 request=787 applied=0
KWL SYSTEM result client=3 object=42 request=788 applied=0
KWL PERF 5004ms: passes=510 timeouts=496 | poll 98.4% work 1.5%
KWL PERF compose frames=3 draw_ms=13.74 (acquire 0.02 submit+present 13.56) frame_ms=15.68
KWL SYSTEM result client=3 object=42 request=789 applied=0
KWL SYSTEM result client=3 object=42 request=790 applied=0
KWL SYSTEM result client=3 object=42 request=791 applied=0
KWL SYSTEM result client=3 object=42 request=792 applied=0
KWL SYSTEM result client=3 object=42 request=793 applied=0
KWL PERF 5000ms: passes=510 timeouts=500 | poll 99.1% work 0.7%
KWL SYSTEM result client=3 object=42 request=794 applied=0
KWL SYSTEM result client=3 object=42 request=795 applied=0
KWL SYSTEM result client=3 object=42 request=796 applied=0
KWL SYSTEM result client=3 object=42 request=797 applied=0
KWL SYSTEM result client=3 object=42 request=798 applied=0
KWL PERF 5000ms: passes=510 timeouts=500 | poll 99.1% work 0.7%
KWL SYSTEM result client=3 object=42 request=799 applied=0
KWL SYSTEM result client=3 object=42 request=800 applied=0
KWL SYSTEM result client=3 object=42 request=801 applied=0
KWL SYSTEM result client=3 object=42 request=802 applied=0
KWL SYSTEM result client=3 object=42 request=803 applied=0
KWL PERF 5000ms: passes=510 timeouts=500 | poll 99.2% work 0.7%
KWL SYSTEM result client=3 object=42 request=804 applied=0
KWL SYSTEM result client=3 object=42 request=805 applied=0
KWL SYSTEM result client=3 object=42 request=806 applied=0
KWL SYSTEM result client=3 object=42 request=807 applied=0
KWL SYSTEM result client=3 object=42 request=808 applied=0
KWL PERF 5000ms: passes=509 timeouts=499 | poll 99.1% work 0.7%
KWL SYSTEM result client=3 object=42 request=809 applied=0
KWL SYSTEM result client=3 object=42 request=810 applied=0
KWL SYSTEM result client=3 object=42 request=811 applied=0
KWL SYSTEM result client=3 object=42 request=812 applied=0
KWL SYSTEM result client=3 object=42 request=813 applied=0
KWL PERF 5003ms: passes=505 timeouts=495 | poll 99.1% work 0.7%
KWL SYSTEM result client=3 object=42 request=814 applied=0
KWL SYSTEM result client=3 object=42 request=815 applied=0
KWL SYSTEM result client=3 object=42 request=816 applied=0
KWL SYSTEM result client=3 object=42 request=817 applied=0
KWL SYSTEM result client=3 object=42 request=818 applied=0
KWL PERF 5003ms: passes=507 timeouts=497 | poll 99.1% work 0.7%
KWL SYSTEM result client=3 object=42 request=819 applied=0
KWL SYSTEM result client=3 object=42 request=820 applied=0
KWL SYSTEM result client=3 object=42 request=821 applied=0
KWL SYSTEM result client=3 object=42 request=822 applied=0
KWL SYSTEM result client=3 object=42 request=823 applied=0
KWL PERF 5005ms: passes=505 timeouts=495 | poll 99.1% work 0.6%
KWL SYSTEM result client=3 object=42 request=824 applied=0
KWL SYSTEM result client=3 object=42 request=825 applied=0
KWL SYSTEM result client=3 object=42 request=826 applied=0
KWL SYSTEM result client=3 object=42 request=827 applied=0
KWL SYSTEM result client=3 object=42 request=828 applied=0
KWL PERF 5005ms: passes=505 timeouts=495 | poll 99.2% work 0.6%
KWL SYSTEM result client=3 object=42 request=829 applied=0
KWL SYSTEM result client=3 object=42 request=830 applied=0
KWL SYSTEM result client=3 object=42 request=831 applied=0
KWL SYSTEM result client=3 object=42 request=832 applied=0
KWL SYSTEM result client=3 object=42 request=833 applied=0
KWL PERF 5003ms: passes=504 timeouts=494 | poll 98.8% work 1.0%
KWL PERF compose frames=1 draw_ms=18.94 (acquire 0.03 submit+present 18.60) frame_ms=21.06
KWL SYSTEM result client=3 object=42 request=834 applied=0
KWL SYSTEM result client=3 object=42 request=835 applied=0
KWL SYSTEM result client=3 object=42 request=836 applied=0
KWL SYSTEM result client=3 object=42 request=837 applied=0
KWL SYSTEM result client=3 object=42 request=838 applied=0
KWL PERF 5001ms: passes=507 timeouts=497 | poll 99.2% work 0.7%
KWL SYSTEM result client=3 object=42 request=839 applied=0
KWL SYSTEM result client=3 object=42 request=840 applied=0
KWL SYSTEM result client=3 object=42 request=841 applied=0
KWL SYSTEM result client=3 object=42 request=842 applied=0
KWL SYSTEM result client=3 object=42 request=843 applied=0
KWL PERF 5000ms: passes=506 timeouts=496 | poll 99.1% work 0.7%
KWL SYSTEM result client=3 object=42 request=844 applied=0
KWL SYSTEM result client=3 object=42 request=845 applied=0
KWL SYSTEM result client=3 object=42 request=846 applied=0
KWL SYSTEM result client=3 object=42 request=847 applied=0
KWL PERF 5000ms: passes=508 timeouts=500 | poll 99.1% work 0.7%
KWL SYSTEM result client=3 object=42 request=848 applied=0
KWL SYSTEM result client=3 object=42 request=849 applied=0
KWL SYSTEM result client=3 object=42 request=850 applied=0
KWL SYSTEM result client=3 object=42 request=851 applied=0
KWL SYSTEM result client=3 object=42 request=852 applied=0
KWL PERF 5000ms: passes=510 timeouts=500 | poll 99.1% work 0.8%
KWL SYSTEM result client=3 object=42 request=853 applied=0
KWL SYSTEM result client=3 object=42 request=854 applied=0
KWL SYSTEM result client=3 object=42 request=855 applied=0
KWL SYSTEM result client=3 object=42 request=856 applied=0
KWL SYSTEM result client=3 object=42 request=857 applied=0
KWL PERF 5000ms: passes=510 timeouts=500 | poll 99.1% work 0.8%
KWL SYSTEM result client=3 object=42 request=858 applied=0
KWL SYSTEM result client=3 object=42 request=859 applied=0
KWL SYSTEM result client=3 object=42 request=860 applied=0
KWL SYSTEM result client=3 object=42 request=861 applied=0
