EVAL \OSYS 0x7df
EVAL \_SB_.PEPD._STA 0xf
EVAL \_SB_.PBTN._STA 0xf
LPS0-ATTACH 0
LPS0-ENTER 0
LPS0-EXIT 0
POWER \_SB_.PC00.TXHC 3 0
POWER \_SB_.PC00.TXHC 0 0
POWER \_SB_.PC00.XHCI 3 0
POWER \_SB_.PC00.XHCI 0 0
WAKE-STATE \_SB_.PC00.TXHC 3
WAKE-ON \_SB_.LID0 0
WAKE-ON \_SB_.PBTN 0
WAKE-ON \_SB_.PC00.XHCI 22
SLEEP-BEGIN 0
SLEEP-END 0 woken none
WAKE-OFF \_SB_.LID0 0
WAKE-OFF \_SB_.PBTN 0
