LPS0-ATTACH 0
LPS0-ENTER 0
EVAL \TAKS 0x313170515
LPS0-EXIT 0
EVAL \TAKS 0x616180414
POWER \_SB_.DEV0 3 0
EVAL \TAKE 0xa1b1d3a0
POWER \_SB_.DEV1 0 0
EVAL \TAKE 0x0
POWER \_SB_.DEV0 4 0
EVAL \TAKE 0x0
POWER \_SB_.DEV1 4 0
EVAL \TAKE 0xb0
POWER \_SB_.DEV0 0 0
EVAL \TAKE 0xa1b1d0
POWER \_SB_.DEV2 1 95
POWER \_SB_.DEV0 3 0
POWER \_SB_.DEV0 1 22
EVAL \TAKE 0xd3a0
POWER \_SB_.DEV0 0 0
EVAL \TAKE 0xa1d0
WAKE-ON \_SB_.DEV0 0
EVAL \TAKE 0xc1eb
WAKE-ON \_SB_.DEV0 0
WAKE-ON \_SB_.DEV1 0
EVAL \TAKE 0xf1
WAKE-ON \_SB_.DEV2 2
WAKE-ON \_SB_.DEV3 95
ENABLED 0x12 0
ENABLED 0x13 0
ENABLED 0x14 1
SLEEP-BEGIN 0
SLEEP-BEGIN 16
ENABLED 0x12 1
ENABLED 0x13 1
ENABLED 0x14 0
RAISE 0x14
SCI none
RAISE 0x12
SCI pending
EVAL \TAKE 0x12
ENABLED 0x12 1
RAISE 0x13
SCI pending
ENABLED 0x13 0
SLEEP-END 0 woken 0x12
ENABLED 0x12 0
ENABLED 0x13 0
ENABLED 0x14 1
SCI pending
EVAL \TAKE 0x14
WAKE-OFF \_SB_.DEV0 0
EVAL \TAKE 0xe0c0
WAKE-OFF \_SB_.DEV0 22
WAKE-OFF \_SB_.DEV1 0
EVAL \TAKE 0xf0
SLEEP-END 22
SLEEP-BEGIN 0
SLEEP-END 0 woken none
WAKE-STATE \_SB_.DEV0 3
WAKE-STATE \_SB_.DEV2 error 2
