find: cannot delete ‘/home/awe/zedBSD/build/amd64/sysroot/usr/include/threads.h’: No such file or directory
find: cannot delete ‘/home/awe/zedBSD/build/amd64/sysroot/usr/include/vulkan/vulkan_external.h’: No such file or directory
find: cannot delete ‘/home/awe/zedBSD/build/amd64/sysroot/usr/include/vulkan/LICENSE-API’: No such file or directory
find: cannot delete ‘/home/awe/zedBSD/build/amd64/sysroot/usr/include/vulkan/vulkan_wayland.h’: No such file or directory
find: cannot delete ‘/home/awe/zedBSD/build/amd64/sysroot/usr/include/vulkan/API-PROVENANCE.md’: No such file or directory
find: cannot delete ‘/home/awe/zedBSD/build/amd64/sysroot/usr/include/vulkan/vulkan_core.h’: No such file or directory
find: cannot delete ‘/home/awe/zedBSD/build/amd64/sysroot/usr/include/net/if.h’: No such file or directory
find: cannot delete ‘/home/awe/zedBSD/build/amd64/sysroot/usr/include/net/route.h’: No such file or directory
find: cannot delete ‘/home/awe/zedBSD/build/amd64/sysroot/usr/include/net/ethernet.h’: No such file or directory
find: cannot delete ‘/home/awe/zedBSD/build/amd64/sysroot/usr/include/net’: No such file or directory
find: cannot delete ‘/home/awe/zedBSD/build/amd64/sysroot/usr/include/locale-format.h’: No such file or directory
find: cannot delete ‘/home/awe/zedBSD/build/amd64/sysroot/usr/include/pthread.h’: No such file or directory
find: cannot delete ‘/home/awe/zedBSD/build/amd64/sysroot/usr/include/wayland-client.h’: No such file or directory
find: cannot delete ‘/home/awe/zedBSD/build/amd64/sysroot/usr/include/wayland-client-protocol.h’: No such file or directory
find: cannot delete ‘/home/awe/zedBSD/build/amd64/sysroot/usr/include/dev/evdev/input.h’: No such file or directory
find: cannot delete ‘/home/awe/zedBSD/build/amd64/sysroot/usr/include/dev/evdev/input-event-codes.h’: No such file or directory
find: cannot delete ‘/home/awe/zedBSD/build/amd64/sysroot/usr/include/dev/evdev’: No such file or directory
find: cannot delete ‘/home/awe/zedBSD/build/amd64/sysroot/usr/include/dev’: No such file or directory
find: cannot delete ‘/home/awe/zedBSD/build/amd64/sysroot/usr/include/stdatomic.h’: No such file or directory
find: cannot delete ‘/home/awe/zedBSD/build/amd64/sysroot/usr/include/curses.h’: No such file or directory
find: cannot delete ‘/home/awe/zedBSD/build/amd64/sysroot/usr/include/math.h’: No such file or directory
find: cannot delete ‘/home/awe/zedBSD/build/amd64/sysroot/usr/include/stddef.h’: No such file or directory
find: cannot delete ‘/home/awe/zedBSD/build/amd64/sysroot/usr/include/netinet/in.h’: No such file or directory
find: cannot delete ‘/home/awe/zedBSD/build/amd64/sysroot/usr/include/wayland/zed-gpu-buffer-v1-client-protocol.h’: No such file or directory
find: cannot delete ‘/home/awe/zedBSD/build/amd64/sysroot/usr/include/wayland/wayland-client-core.h’: No such file or directory
find: cannot delete ‘/home/awe/zedBSD/build/amd64/sysroot/usr/include/wayland/wayland-util.h’: No such file or directory
find: cannot delete ‘/home/awe/zedBSD/build/amd64/sysroot/usr/include/wayland/wayland-client.h’: No such file or directory
find: cannot delete ‘/home/awe/zedBSD/build/amd64/sysroot/usr/include/wayland/API-PROVENANCE.md’: No such file or directory
find: cannot delete ‘/home/awe/zedBSD/build/amd64/sysroot/usr/include/ctype.h’: No such file or directory
find: cannot delete ‘/home/awe/zedBSD/build/amd64/sysroot/usr/include/dlfcn.h’: No such file or directory
find: cannot delete ‘/home/awe/zedBSD/build/amd64/sysroot/usr/include/arpa/inet.h’: No such file or directory
find: cannot delete ‘/home/awe/zedBSD/build/amd64/sysroot/usr/include/arpa’: No such file or directory
find: cannot delete ‘/home/awe/zedBSD/build/amd64/sysroot/usr/include/poll.h’: No such file or directory
find: cannot delete ‘/home/awe/zedBSD/build/amd64/sysroot/usr/include/libintl.h’: No such file or directory
find: cannot delete ‘/home/awe/zedBSD/build/amd64/sysroot/usr/include/wctype.h’: No such file or directory
find: cannot delete ‘/home/awe/zedBSD/build/amd64/sysroot/usr/include/endian.h’: No such file or directory
find: cannot delete ‘/home/awe/zedBSD/build/amd64/sysroot/usr/include/features.h’: No such file or directory
find: cannot delete ‘/home/awe/zedBSD/build/amd64/sysroot/usr/include/dirent.h’: No such file or directory
find: cannot delete ‘/home/awe/zedBSD/build/amd64/sysroot/usr/include/semaphore.h’: No such file or directory
find: cannot delete ‘/home/awe/zedBSD/build/amd64/sysroot/usr/include/utmpx.h’: No such file or directory
find: cannot delete ‘/home/awe/zedBSD/build/amd64/sysroot/usr/include/X11/X.h’: No such file or directory
find: cannot delete ‘/home/awe/zedBSD/build/amd64/sysroot/usr/include/X11/Xlib.h’: No such file or directory
find: cannot delete ‘/home/awe/zedBSD/build/amd64/sysroot/usr/include/X11/keysym.h’: No such file or directory
find: cannot delete ‘/home/awe/zedBSD/build/amd64/sysroot/usr/include/X11/Xzed.h’: No such file or directory
find: cannot delete ‘/home/awe/zedBSD/build/amd64/sysroot/usr/include/mqueue.h’: No such file or directory
find: cannot delete ‘/home/awe/zedBSD/build/amd64/sysroot/usr/include/uapi/unmount.h’: No such file or directory
find: cannot delete ‘/home/awe/zedBSD/build/amd64/sysroot/usr/include/uapi/cache-memory.h’: No such file or directory
find: cannot delete ‘/home/awe/zedBSD/build/amd64/sysroot/usr/include/uapi/netinet.h’: No such file or directory
find: cannot delete ‘/home/awe/zedBSD/build/amd64/sysroot/usr/include/uapi/console.h’: No such file or directory
find: cannot delete ‘/home/awe/zedBSD/build/amd64/sysroot/usr/include/uapi/graphics.h’: No such file or directory
find: cannot delete ‘/home/awe/zedBSD/build/amd64/sysroot/usr/include/uapi/sysctl.h’: No such file or directory
find: cannot delete ‘/home/awe/zedBSD/build/amd64/sysroot/usr/include/uapi/types.h’: No such file or directory
find: cannot delete ‘/home/awe/zedBSD/build/amd64/sysroot/usr/include/uapi/gpu-scanout.h’: No such file or directory
find: cannot delete ‘/home/awe/zedBSD/build/amd64/sysroot/usr/include/uapi/system.h’: No such file or directory
find: cannot delete ‘/home/awe/zedBSD/build/amd64/sysroot/usr/include/uapi/writeback.h’: No such file or directory
find: cannot delete ‘/home/awe/zedBSD/build/amd64/sysroot/usr/include/uapi/readahead.h’: No such file or directory
find: cannot delete ‘/home/awe/zedBSD/build/amd64/sysroot/usr/include/uapi/gpu-display.h’: No such file or directory
find: cannot delete ‘/home/awe/zedBSD/build/amd64/sysroot/usr/include/uapi/route.h’: No such file or directory
find: cannot delete ‘/home/awe/zedBSD/build/amd64/sysroot/usr/include/uapi/termios.h’: No such file or directory
find: cannot delete ‘/home/awe/zedBSD/build/amd64/sysroot/usr/include/uapi/socket.h’: No such file or directory
find: cannot delete ‘/home/awe/zedBSD/build/amd64/sysroot/usr/include/uapi/poll.h’: No such file or directory
find: cannot delete ‘/home/awe/zedBSD/build/amd64/sysroot/usr/include/uapi/resource.h’: No such file or directory
find: cannot delete ‘/home/awe/zedBSD/build/amd64/sysroot/usr/include/uapi/gpu-job.h’: No such file or directory
find: cannot delete ‘/home/awe/zedBSD/build/amd64/sysroot/usr/include/uapi/usync.h’: No such file or directory
find: cannot delete ‘/home/awe/zedBSD/build/amd64/sysroot/usr/include/uapi/netif.h’: No such file or directory
find: cannot delete ‘/home/awe/zedBSD/build/amd64/sysroot/usr/include/uapi/signal.h’: No such file or directory
find: cannot delete ‘/home/awe/zedBSD/build/amd64/sysroot/usr/include/uapi/tls.h’: No such file or directory
find: cannot delete ‘/home/awe/zedBSD/build/amd64/sysroot/usr/include/uapi/thread.h’: No such file or directory
find: cannot delete ‘/home/awe/zedBSD/build/amd64/sysroot/usr/include/setjmp.h’: No such file or directory
find: cannot delete ‘/home/awe/zedBSD/build/amd64/sysroot/usr/include/linux/input.h’: No such file or directory
find: cannot delete ‘/home/awe/zedBSD/build/amd64/sysroot/usr/include/linux/input-event-codes.h’: No such file or directory
find: cannot delete ‘/home/awe/zedBSD/build/amd64/sysroot/usr/include/linux’: No such file or directory
find: cannot delete ‘/home/awe/zedBSD/build/amd64/sysroot/usr/include/stdio.h’: No such file or directory
find: cannot delete ‘/home/awe/zedBSD/build/amd64/sysroot/usr/include/uchar.h’: No such file or directory
find: cannot delete ‘/home/awe/zedBSD/build/amd64/sysroot/usr/include/stdlib.h’: No such file or directory
find: cannot delete ‘/home/awe/zedBSD/build/amd64/sysroot/usr/include/float.h’: No such file or directory
find: cannot delete ‘/home/awe/zedBSD/build/amd64/sysroot/usr/include/string.h’: No such file or directory
find: cannot delete ‘/home/awe/zedBSD/build/amd64/sysroot/usr/include/search.h’: No such file or directory
find: cannot delete ‘/home/awe/zedBSD/build/amd64/sysroot/usr/include’: No such file or directory
find: cannot delete ‘/home/awe/zedBSD/build/amd64/sysroot/usr/lib/zedbsd/pc98/stage1.ld’: No such file or directory
find: cannot delete ‘/home/awe/zedBSD/build/amd64/sysroot/usr/lib/zedbsd/pc98/bootloader-stage2.ld’: No such file or directory
find: cannot delete ‘/home/awe/zedBSD/build/amd64/sysroot/usr/lib/zedbsd/pc98/user-init.ld’: No such file or directory
find: cannot delete ‘/home/awe/zedBSD/build/amd64/sysroot/usr/lib/zedbsd/amd64/vmunix.ld’: No such file or directory
find: cannot delete ‘/home/awe/zedBSD/build/amd64/sysroot/usr/lib/zedbsd/amd64/user.ld’: No such file or directory
find: cannot delete ‘/home/awe/zedBSD/build/amd64/sysroot/usr/lib/zedbsd/amd64’: No such file or directory
find: cannot delete ‘/home/awe/zedBSD/build/amd64/sysroot/usr/lib/zedbsd/pcat/stage1.ld’: No such file or directory
find: cannot delete ‘/home/awe/zedBSD/build/amd64/sysroot/usr/lib/zedbsd/pcat/vmunix.ld’: No such file or directory
find: cannot delete ‘/home/awe/zedBSD/build/amd64/sysroot/usr/lib/zedbsd/pcat/stage2.ld’: No such file or directory
find: cannot delete ‘/home/awe/zedBSD/build/amd64/sysroot/usr/lib/zedbsd/pcat/user.ld’: No such file or directory
find: cannot delete ‘/home/awe/zedBSD/build/amd64/sysroot/usr/lib/zedbsd/pcat/bootzbsd.ld’: No such file or directory
find: cannot delete ‘/home/awe/zedBSD/build/amd64/sysroot/usr/lib/libzedbsd-compiler-rt.o’: No such file or directory
find: cannot delete ‘/home/awe/zedBSD/build/amd64/sysroot/usr/lib/libclang_rt.builtins.a’: No such file or directory
find: cannot delete ‘/home/awe/zedBSD/build/amd64/sysroot/usr/lib/libc.o’: No such file or directory
find: cannot delete ‘/home/awe/zedBSD/build/amd64/sysroot/usr/lib/crt0.o’: No such file or directory
find: cannot delete ‘/home/awe/zedBSD/build/amd64/sysroot/.zedbsd-sysroot-complete’: No such file or directory
find: cannot delete ‘/home/awe/zedBSD/build/amd64/sysroot/smoke.c’: No such file or directory
find: cannot delete ‘/home/awe/zedBSD/build/amd64/sysroot/.zedbsd-generated-sysroot’: No such file or directory
find: cannot delete ‘/home/awe/zedBSD/build/amd64/sysroot/.zedbsd-sysroot-manifest’: No such file or directory
find: cannot delete ‘/home/awe/zedBSD/build/amd64/sysroot/.zedbsd-sysroot-identity’: No such file or directory
find: cannot delete ‘/home/awe/zedBSD/build/amd64/sysroot/smoke.o’: No such file or directory
find: cannot delete ‘/home/awe/zedBSD/build/amd64/sysroot’: No such file or directory
make: *** [toolchain/llvm/sysroot.mk:216: /home/awe/zedBSD/build/amd64/sysroot/.zedbsd-sysroot-complete] Error 1
