/home/awe/zedBSD/build/llvm/bin/clang --target=x86_64-unknown-zedbsd --sysroot=/home/awe/zedBSD/build/amd64/sysroot -m64 -nostdlib -pie -Wl,--no-relax \
 -Wl,--hash-style=sysv,-z,now,-z,relro,-z,separate-code \
 -Wl,-z,stack-size=0x100000,--allow-shlib-undefined \
 -Wl,--dynamic-linker=/lib/ld.so \
 /home/awe/zedBSD/build/amd64/sysroot/usr/lib/crt1.o /home/awe/zedBSD/build/q312-context-amd64/dynamic/obj/userland/base/vkdemo/main.o /home/awe/zedBSD/build/q312-context-amd64/dynamic/obj/userland/base/vkdemo/renderer.o /home/awe/zedBSD/build/q312-context-amd64/dynamic/obj/userland/base/vkdemo/display.o /home/awe/zedBSD/build/q312-context-amd64/dynamic/obj/userland/base/common/sha256.o  \
 -L/home/awe/zedBSD/build/q312-context-amd64/dynamic -Wl,-rpath-link,/home/awe/zedBSD/build/q312-context-amd64/dynamic \
 -l:libvulkan.so -l:libc.so -o /home/awe/zedBSD/build/q312-context-amd64/bin/vkdemo
/home/awe/zedBSD/build/llvm/bin/clang --target=x86_64-unknown-zedbsd --sysroot=/home/awe/zedBSD/build/amd64/sysroot -m64 -nostdlib -pie -Wl,--no-relax \
 -Wl,--hash-style=sysv,-z,now,-z,relro,-z,separate-code \
 -Wl,-z,stack-size=0x100000,--allow-shlib-undefined \
 -Wl,--dynamic-linker=/lib/ld.so \
 /home/awe/zedBSD/build/amd64/sysroot/usr/lib/crt1.o /home/awe/zedBSD/build/q312-context-amd64/dynamic/obj/userland/base/wltest/main.o /home/awe/zedBSD/build/q312-context-amd64/dynamic/obj/userland/base/wltest/window.o /home/awe/zedBSD/build/q312-context-amd64/dynamic/obj/userland/base/wltest/renderer.o  \
 -L/home/awe/zedBSD/build/q312-context-amd64/dynamic -Wl,-rpath-link,/home/awe/zedBSD/build/q312-context-amd64/dynamic \
 -l:libvulkan.so -l:libwayland-client.so -l:libc.so -o /home/awe/zedBSD/build/q312-context-amd64/bin/wltest
python3 tools/build/check-dynamic-elf.py --machine amd64 --role application \
 --needed libvulkan.so --needed libc.so /home/awe/zedBSD/build/q312-context-amd64/bin/gpu-fence-test
python3 tools/build/check-dynamic-elf.py --machine amd64 --role application \
 --needed libvulkan.so --needed libc.so /home/awe/zedBSD/build/q312-context-amd64/bin/vkdemo
python3 tools/build/check-dynamic-elf.py --machine amd64 --role application \
 --needed libvulkan.so --needed libwayland-client.so --needed libc.so /home/awe/zedBSD/build/q312-context-amd64/bin/wltest
/home/awe/zedBSD/build/NoctLang/build-static/noct --path=tools/build tools/build/make-arch-overlay-ufs.noct --backend /home/awe/zedBSD/build/zedimage-host --force --profile amd64 --output /home/awe/zedBSD/build/q312-context-amd64/arch-images/amd64.ufs --file /bin/sh=/home/awe/zedBSD/build/q312-context-amd64/bin/sh --file /sbin/sysctl=/home/awe/zedBSD/build/q312-context-amd64/bin/sysctl --file /sbin/mount=/home/awe/zedBSD/build/q312-context-amd64/bin/mount --file /sbin/umount=/home/awe/zedBSD/build/q312-context-amd64/bin/umount --file /lib/ld.so=/home/awe/zedBSD/build/q312-context-amd64/dynamic/ld.so --file /lib/libc.so=/home/awe/zedBSD/build/q312-context-amd64/dynamic/libc.so --file /lib/tlstest.so=/home/awe/zedBSD/build/q312-context-amd64/dynamic/tlstest.so --file /lib/alt/rpathdep.so=/home/awe/zedBSD/build/q312-context-amd64/dynamic/alt/rpathdep.so --file /lib/rpthtest.so=/home/awe/zedBSD/build/q312-context-amd64/dynamic/rpathtest.so --file /lib/verstest.so=/home/awe/zedBSD/build/q312-context-amd64/dynamic/verstest.so --file /lib/versuse.so=/home/awe/zedBSD/build/q312-context-amd64/dynamic/versuse.so --file /bin/dyntest=/home/awe/zedBSD/build/q312-context-amd64/dynamic/dyntest --file /sbin/net=/home/awe/zedBSD/build/q312-context-amd64/bin/net --file /sbin/networkd=/home/awe/zedBSD/build/q312-context-amd64/bin/networkd --file /sbin/wifi=/home/awe/zedBSD/build/q312-context-amd64/bin/wifi --file /bin/at=/home/awe/zedBSD/build/q312-context-amd64/bin/at --file /bin/batch=/home/awe/zedBSD/build/q312-context-amd64/bin/batch --file /sbin/blkid=/home/awe/zedBSD/build/q312-context-amd64/bin/blkid --file /bin/cat=/home/awe/zedBSD/build/q312-context-amd64/bin/cat --file /sbin/cron=/home/awe/zedBSD/build/q312-context-amd64/bin/cron --file /bin/crontab=/home/awe/zedBSD/build/q312-context-amd64/bin/crontab --file /sbin/diskpart=/home/awe/zedBSD/build/q312-context-amd64/bin/diskpart --file /bin/dmesg=/home/awe/zedBSD/build/q312-context-amd64/bin/dmesg --file /bin/gettext=/home/awe/zedBSD/build/q312-context-amd64/bin/gettext --file /sbin/getty=/home/awe/zedBSD/build/q312-context-amd64/bin/getty --file /sbin/halt=/home/awe/zedBSD/build/q312-context-amd64/bin/halt --file /bin/hostname=/home/awe/zedBSD/build/q312-context-amd64/bin/hostname --file /sbin/init=/home/awe/zedBSD/build/q312-context-amd64/bin/init --file /bin/kill=/home/awe/zedBSD/build/q312-context-amd64/bin/kill --file /bin/logger=/home/awe/zedBSD/build/q312-context-amd64/bin/logger --file /bin/login=/home/awe/zedBSD/build/q312-context-amd64/bin/login --file /bin/lp=/home/awe/zedBSD/build/q312-context-amd64/bin/lp --file /bin/lpr=/home/awe/zedBSD/build/q312-context-amd64/bin/lpr --file /bin/ls=/home/awe/zedBSD/build/q312-context-amd64/bin/ls --file /bin/mailx=/home/awe/zedBSD/build/q312-context-amd64/bin/mailx --file /sbin/mkfs=/home/awe/zedBSD/build/q312-context-amd64/bin/mkfs --file /sbin/mkswap=/home/awe/zedBSD/build/q312-context-amd64/bin/mkswap --file /bin/msgfmt=/home/awe/zedBSD/build/q312-context-amd64/bin/msgfmt --file /bin/ngettext=/home/awe/zedBSD/build/q312-context-amd64/bin/ngettext --file /sbin/ntpdate=/home/awe/zedBSD/build/q312-context-amd64/bin/ntpdate --file /sbin/poweroff=/home/awe/zedBSD/build/q312-context-amd64/bin/poweroff --file /sbin/reboot=/home/awe/zedBSD/build/q312-context-amd64/bin/reboot --file /bin/rm=/home/awe/zedBSD/build/q312-context-amd64/bin/rm --file /sbin/service=/home/awe/zedBSD/build/q312-context-amd64/bin/service --file /sbin/shutdown=/home/awe/zedBSD/build/q312-context-amd64/bin/shutdown --file /bin/sleep=/home/awe/zedBSD/build/q312-context-amd64/bin/sleep --file /sbin/swapoff=/home/awe/zedBSD/build/q312-context-amd64/bin/swapoff --file /sbin/swapon=/home/awe/zedBSD/build/q312-context-amd64/bin/swapon --file /bin/sync=/home/awe/zedBSD/build/q312-context-amd64/bin/sync --file /sbin/syslogd=/home/awe/zedBSD/build/q312-context-amd64/bin/syslogd --file /bin/talk=/home/awe/zedBSD/build/q312-context-amd64/bin/talk --file /bin/gpu-admission-test=/home/awe/zedBSD/build/q312-context-amd64/bin/gpu-admission-test --file /bin/gpu-fence-test=/home/awe/zedBSD/build/q312-context-amd64/bin/gpu-fence-test --file /bin/gpu-recovery-test=/home/awe/zedBSD/build/q312-context-amd64/bin/gpu-recovery-test --file /bin/gpu-share-test=/home/awe/zedBSD/build/q312-context-amd64/bin/gpu-share-test --file /bin/vkdemo=/home/awe/zedBSD/build/q312-context-amd64/bin/vkdemo --file /bin/wltest=/home/awe/zedBSD/build/q312-context-amd64/bin/wltest --file /bin/zwl=/home/awe/zedBSD/build/q312-context-amd64/bin/zwl --file /bin/venus-frame=/home/awe/zedBSD/build/q312-context-amd64/bin/venus-frame       --mode /sbin/blkid=0755     --mode /sbin/cron=0755     --mode /sbin/diskpart=0755       --mode /sbin/getty=0755   --mode /bin/gpu-admission-test=0755   --mode /bin/gpu-fence-test=0755   --mode /bin/gpu-recovery-test=0755   --mode /bin/gpu-share-test=0755   --mode /sbin/halt=0755     --mode /sbin/init=0755                       --mode /sbin/mkfs=0755   --mode /sbin/mkswap=0755     --mode /sbin/net=0755   --mode /sbin/networkd=0755     --mode /sbin/ntpdate=0755   --mode /sbin/poweroff=0755   --mode /sbin/reboot=0755     --mode /sbin/service=0755   --mode /sbin/shutdown=0755     --mode /sbin/swapoff=0755   --mode /sbin/swapon=0755     --mode /sbin/syslogd=0755     --mode /bin/venus-frame=0755   --mode /bin/vkdemo=0755   --mode /sbin/wifi=0755   --mode /bin/wltest=0755   --mode /bin/zwl=0755 --file /etc/passwd=userland/base/etc/passwd --file /etc/group=userland/base/etc/group --file /etc/shadow=userland/base/etc/shadow --mode /etc/passwd=0644 --mode /etc/group=0644 --mode /etc/shadow=0400 --file /etc/rc.conf=userland/base/etc/rc.conf --file /etc/fstab=userland/base/etc/fstab --file /etc/net.conf=userland/base/etc/net.conf --file /etc/service.d/syslogd=userland/base/init/services/syslogd --file /etc/service.d/getty_console=userland/base/init/services/getty_console --file /etc/service.d/networkd=userland/base/init/services/networkd --file /etc/service.d/net=userland/base/init/services/net --file /etc/service.d/cron=userland/base/init/services/cron --file /etc/service.d/ntpdate=userland/base/init/services/ntpdate --file /lib/libvulkan.so=/home/awe/zedBSD/build/q312-context-amd64/dynamic/libvulkan.so --file /lib/libwayland-client.so=/home/awe/zedBSD/build/q312-context-amd64/dynamic/libwayland-client.so --file /usr/share/licenses/llvm/LICENSE.TXT=build/llvm/share/licenses/llvm/LICENSE.TXT  --mode /etc/rc.conf=0644  --mode /etc/fstab=0644  --mode /etc/net.conf=0644  --mode /etc/service.d/syslogd=0644  --mode /etc/service.d/getty_console=0644  --mode /etc/service.d/networkd=0644  --mode /etc/service.d/net=0644  --mode /etc/service.d/cron=0644  --mode /etc/service.d/ntpdate=0644  --mode /lib/libvulkan.so=0644  --mode /lib/libwayland-client.so=0644  --mode /usr/share/licenses/llvm/LICENSE.TXT=0644      
/home/awe/zedBSD/build/NoctLang/build-static/noct --path=tools/build tools/build/make-bios-hdd-image.noct \
 --backend /home/awe/zedBSD/build/zedimage-host --force --machine pcat \
 --layout hybrid \
 --checker platform/amd64/tools/check-amd64-gpt-image.noct \
 --checker-runner /home/awe/zedBSD/build/NoctLang/build-static/noct \
 --stage1 /home/awe/zedBSD/build/q312-context-amd64/bootloader/stage1.bin \
 --stage2 /home/awe/zedBSD/build/q312-context-amd64/bootloader/stage2-chain.bin \
 --partition-pbr /home/awe/zedBSD/build/q312-context-amd64/bootloader/partition-pbr.bin \
 --bootzbsd /home/awe/zedBSD/build/q312-context-amd64/bootloader/BOOTZBSD.EXE \
 --kernel /home/awe/zedBSD/build/q312-context-amd64/vmunix --bootx64 /home/awe/zedBSD/build/q312-context-amd64/uefi/BOOTX64.EFI \
 --zedbsd-config platform/amd64/zedbsd.cfg \
 --arch-profile amd64 --arch-image /home/awe/zedBSD/build/q312-context-amd64/arch-images/amd64.ufs \
 --arch-format ufs --data-image /home/awe/zedBSD/build/q312-context-amd64/data.img \
 --swapfile /home/awe/zedBSD/build/q312-context-amd64/swapfile /home/awe/zedBSD/build/q312-context-amd64/hdd-image.img
