find: cannot delete ‘/home/awe/zedBSD/build/amd64/sysroot/usr/include/vulkan/vk_platform.h’: No such file or directory
find: cannot delete ‘/home/awe/zedBSD/build/amd64/sysroot/usr/include/vulkan/vulkan.h’: No such file or directory
find: cannot delete ‘/home/awe/zedBSD/build/amd64/sysroot/usr/include/vulkan’: No such file or directory
find: cannot delete ‘/home/awe/zedBSD/build/amd64/sysroot/usr/include/pwd.h’: No such file or directory
find: cannot delete ‘/home/awe/zedBSD/build/amd64/sysroot/usr/include/atomic-compiler.h’: No such file or directory
find: cannot delete ‘/home/awe/zedBSD/build/amd64/sysroot/usr/include/stdalign.h’: No such file or directory
find: cannot delete ‘/home/awe/zedBSD/build/amd64/sysroot/usr/include/grp.h’: No such file or directory
find: cannot delete ‘/home/awe/zedBSD/build/amd64/sysroot/usr/include/aio.h’: No such file or directory
find: ‘/home/awe/zedBSD/build/amd64/sysroot/usr/include/sys’: No such file or directory
find: cannot delete ‘/home/awe/zedBSD/build/amd64/sysroot/usr/include/sys’: No such file or directory
find: cannot delete ‘/home/awe/zedBSD/build/amd64/sysroot/usr/include/wayland-client-core.h’: No such file or directory
find: cannot delete ‘/home/awe/zedBSD/build/amd64/sysroot/usr/include/catalog-format.h’: No such file or directory
find: cannot delete ‘/home/awe/zedBSD/build/amd64/sysroot/usr/include/stdarg.h’: No such file or directory
find: cannot delete ‘/home/awe/zedBSD/build/amd64/sysroot/usr/include/terminfo.h’: No such file or directory
find: cannot delete ‘/home/awe/zedBSD/build/amd64/sysroot/usr/include/ndbm.h’: No such file or directory
find: cannot delete ‘/home/awe/zedBSD/build/amd64/sysroot/usr/include/devctl.h’: No such file or directory
find: cannot delete ‘/home/awe/zedBSD/build/amd64/sysroot/usr/include/strings.h’: No such file or directory
find: cannot delete ‘/home/awe/zedBSD/build/amd64/sysroot/usr/include/libgen.h’: No such file or directory
find: cannot delete ‘/home/awe/zedBSD/build/amd64/sysroot/usr/include/errno.h’: No such file or directory
find: cannot delete ‘/home/awe/zedBSD/build/amd64/sysroot/usr/include/rtld-abi.h’: No such file or directory
find: cannot delete ‘/home/awe/zedBSD/build/amd64/sysroot/usr/include/ftw.h’: No such file or directory
find: cannot delete ‘/home/awe/zedBSD/build/amd64/sysroot/usr/include/wayland-util.h’: No such file or directory
find: cannot delete ‘/home/awe/zedBSD/build/amd64/sysroot/usr/include/fenv.h’: No such file or directory
find: cannot delete ‘/home/awe/zedBSD/build/amd64/sysroot/usr/include/netdb.h’: No such file or directory
find: cannot delete ‘/home/awe/zedBSD/build/amd64/sysroot/usr/include/netinet’: No such file or directory
find: cannot delete ‘/home/awe/zedBSD/build/amd64/sysroot/usr/include/stdnoreturn.h’: No such file or directory
find: cannot delete ‘/home/awe/zedBSD/build/amd64/sysroot/usr/include/locale.h’: No such file or directory
find: cannot delete ‘/home/awe/zedBSD/build/amd64/sysroot/usr/include/time.h’: No such file or directory
find: cannot delete ‘/home/awe/zedBSD/build/amd64/sysroot/usr/include/pty.h’: No such file or directory
find: cannot delete ‘/home/awe/zedBSD/build/amd64/sysroot/usr/include/unistd.h’: No such file or directory
find: cannot delete ‘/home/awe/zedBSD/build/amd64/sysroot/usr/include/sched.h’: No such file or directory
find: cannot delete ‘/home/awe/zedBSD/build/amd64/sysroot/usr/include/regex.h’: No such file or directory
find: cannot delete ‘/home/awe/zedBSD/build/amd64/sysroot/usr/include/xdg-shell-client-protocol.h’: No such file or directory
find: cannot delete ‘/home/awe/zedBSD/build/amd64/sysroot/usr/include/ulimit.h’: No such file or directory
find: cannot delete ‘/home/awe/zedBSD/build/amd64/sysroot/usr/include/netpacket/packet.h’: No such file or directory
find: cannot delete ‘/home/awe/zedBSD/build/amd64/sysroot/usr/include/netpacket’: No such file or directory
find: cannot delete ‘/home/awe/zedBSD/build/amd64/sysroot/usr/include/fmtmsg.h’: No such file or directory
find: cannot delete ‘/home/awe/zedBSD/build/amd64/sysroot/usr/include/fnmatch.h’: No such file or directory
find: cannot delete ‘/home/awe/zedBSD/build/amd64/sysroot/usr/include/syslog.h’: No such file or directory
find: cannot delete ‘/home/awe/zedBSD/build/amd64/sysroot/usr/include/fcntl.h’: No such file or directory
find: cannot delete ‘/home/awe/zedBSD/build/amd64/sysroot/usr/include/crypt.h’: No such file or directory
find: cannot delete ‘/home/awe/zedBSD/build/amd64/sysroot/usr/include/shadow.h’: No such file or directory
find: cannot delete ‘/home/awe/zedBSD/build/amd64/sysroot/usr/include/wayland/wayland-client-protocol.h’: No such file or directory
find: cannot delete ‘/home/awe/zedBSD/build/amd64/sysroot/usr/include/wayland/xdg-shell-client-protocol.h’: No such file or directory
find: cannot delete ‘/home/awe/zedBSD/build/amd64/sysroot/usr/include/wayland’: No such file or directory
find: cannot delete ‘/home/awe/zedBSD/build/amd64/sysroot/usr/include/nl_types.h’: No such file or directory
find: cannot delete ‘/home/awe/zedBSD/build/amd64/sysroot/usr/include/termios.h’: No such file or directory
find: cannot delete ‘/home/awe/zedBSD/build/amd64/sysroot/usr/include/stdint.h’: No such file or directory
find: cannot delete ‘/home/awe/zedBSD/build/amd64/sysroot/usr/include/inttypes.h’: No such file or directory
find: cannot delete ‘/home/awe/zedBSD/build/amd64/sysroot/usr/include/limits.h’: No such file or directory
find: cannot delete ‘/home/awe/zedBSD/build/amd64/sysroot/usr/include/X11’: No such file or directory
find: cannot delete ‘/home/awe/zedBSD/build/amd64/sysroot/usr/include/wchar.h’: No such file or directory
find: cannot delete ‘/home/awe/zedBSD/build/amd64/sysroot/usr/include/uapi/rename.h’: No such file or directory
find: cannot delete ‘/home/awe/zedBSD/build/amd64/sysroot/usr/include/uapi/io-stats.h’: No such file or directory
find: cannot delete ‘/home/awe/zedBSD/build/amd64/sysroot/usr/include/uapi/mountinfo.h’: No such file or directory
find: cannot delete ‘/home/awe/zedBSD/build/amd64/sysroot/usr/include/uapi/block.h’: No such file or directory
find: cannot delete ‘/home/awe/zedBSD/build/amd64/sysroot/usr/include/uapi/gpu-allocation.h’: No such file or directory
find: cannot delete ‘/home/awe/zedBSD/build/amd64/sysroot/usr/include/uapi/gpu.h’: No such file or directory
find: cannot delete ‘/home/awe/zedBSD/build/amd64/sysroot/usr/include/uapi/quota.h’: No such file or directory
find: cannot delete ‘/home/awe/zedBSD/build/amd64/sysroot/usr/include/uapi/fcntl.h’: No such file or directory
find: cannot delete ‘/home/awe/zedBSD/build/amd64/sysroot/usr/include/uapi/input.h’: No such file or directory
find: cannot delete ‘/home/awe/zedBSD/build/amd64/sysroot/usr/include/uapi/atomic.h’: No such file or directory
find: cannot delete ‘/home/awe/zedBSD/build/amd64/sysroot/usr/include/uapi/auxv.h’: No such file or directory
find: cannot delete ‘/home/awe/zedBSD/build/amd64/sysroot/usr/include/uapi/wlan.h’: No such file or directory
find: cannot delete ‘/home/awe/zedBSD/build/amd64/sysroot/usr/include/uapi/select.h’: No such file or directory
find: cannot delete ‘/home/awe/zedBSD/build/amd64/sysroot/usr/include/uapi/process.h’: No such file or directory
find: cannot delete ‘/home/awe/zedBSD/build/amd64/sysroot/usr/include/uapi/dirent.h’: No such file or directory
find: cannot delete ‘/home/awe/zedBSD/build/amd64/sysroot/usr/include/uapi/gpu-fence.h’: No such file or directory
find: cannot delete ‘/home/awe/zedBSD/build/amd64/sysroot/usr/include/uapi/syscall.h’: No such file or directory
find: cannot delete ‘/home/awe/zedBSD/build/amd64/sysroot/usr/include/uapi/snapshot.h’: No such file or directory
find: cannot delete ‘/home/awe/zedBSD/build/amd64/sysroot/usr/include/uapi/blkid.h’: No such file or directory
find: cannot delete ‘/home/awe/zedBSD/build/amd64/sysroot/usr/include/uapi’: No such file or directory
find: cannot delete ‘/home/awe/zedBSD/build/amd64/sysroot/usr/include/signal.h’: No such file or directory
find: cannot delete ‘/home/awe/zedBSD/build/amd64/sysroot/usr/include/err.h’: No such file or directory
find: cannot delete ‘/home/awe/zedBSD/build/amd64/sysroot/usr/include/assert.h’: No such file or directory
find: cannot delete ‘/home/awe/zedBSD/build/amd64/sysroot/usr/include/stdbool.h’: No such file or directory
find: cannot delete ‘/home/awe/zedBSD/build/amd64/sysroot/usr/include/langinfo.h’: No such file or directory
find: cannot delete ‘/home/awe/zedBSD/build/amd64/sysroot/usr/include/spawn.h’: No such file or directory
find: cannot delete ‘/home/awe/zedBSD/build/amd64/sysroot/usr/lib/zedbsd/pc98/platform-stage2.ld’: No such file or directory
find: cannot delete ‘/home/awe/zedBSD/build/amd64/sysroot/usr/lib/zedbsd/pc98/noct-user.ld’: No such file or directory
find: cannot delete ‘/home/awe/zedBSD/build/amd64/sysroot/usr/lib/zedbsd/pc98’: No such file or directory
find: cannot delete ‘/home/awe/zedBSD/build/amd64/sysroot/usr/lib/zedbsd/pcat’: No such file or directory
find: cannot delete ‘/home/awe/zedBSD/build/amd64/sysroot/usr/lib/zedbsd’: No such file or directory
find: cannot delete ‘/home/awe/zedBSD/build/amd64/sysroot/usr/lib/libzedbsd-compiler-rt.a’: No such file or directory
find: cannot delete ‘/home/awe/zedBSD/build/amd64/sysroot/usr/lib/crt1.o’: No such file or directory
find: cannot delete ‘/home/awe/zedBSD/build/amd64/sysroot/usr/lib/libc.a’: No such file or directory
find: cannot delete ‘/home/awe/zedBSD/build/amd64/sysroot/usr/lib’: No such file or directory
find: cannot delete ‘/home/awe/zedBSD/build/amd64/sysroot/usr’: No such file or directory
find: cannot delete ‘/home/awe/zedBSD/build/amd64/sysroot/smoke.elf’: No such file or directory
make: *** [toolchain/llvm/sysroot.mk:216: /home/awe/zedBSD/build/amd64/sysroot/.zedbsd-sysroot-complete] Error 1
