/*
 * zedBSD
 * Copyright (C) 2026 Awe Morris
 *
 * SPDX-License-Identifier: Zlib
 */

/* Only the calls <keiland.h> declares leave the library. */
{
	global:
		keiland_version;
		keiland_menu_*;
		keiland_window_menu_*;
		keiland_context_menu_*;
		keiland_recent_*;
		keiland_titlebar_*;
		keiland_glass_*;
		keiland_network_*;
		keiland_motion_*;
		keiland_scroller_*;
		keiland_gesture_*;
		keiland_desktop_*;
		keiland_audio_*;
		keiland_keyboard_inset_*;
		keiland_edit_*;
		kl_settings_open;
		kl_settings_close;
		kl_settings_get;
		kl_settings_get_int;
		kl_settings_set;
		kl_settings_set_int;
		kl_settings_reset;
		kl_settings_watch;
		kl_settings_unwatch;
		kl_settings_dispatch;
		kl_settings_take_result;
		kl_system_audio_feedback;
		kl_system_audio_get_state;
		kl_system_audio_set_volume;
		kl_system_capabilities;
		kl_system_close;
		kl_system_devices_eject;
		kl_system_devices_get;
		kl_system_dispatch;
		kl_system_network_get_dns;
		kl_system_network_get_links;
		kl_system_network_get_saved;
		kl_system_network_get_scan;
		kl_system_network_get_state;
		kl_system_network_query_details;
		kl_system_network_request;
		kl_system_network_save_key;
		kl_system_open;
		kl_system_power_action;
		kl_system_power_get_state;
		kl_system_take_result;
	local:
		*;
};
