/*
 * zedBSD
 * Copyright (C) 2026 Awe Morris
 *
 * SPDX-License-Identifier: Zlib
 */

/* Only the OpenGL ES calls leave the library. */
{
	global:
		glActiveTexture;
		glAttachShader;
		glBindAttribLocation;
		glBindBuffer;
		glBindBufferBase;
		glBindBufferRange;
		glBindFramebuffer;
		glBindRenderbuffer;
		glBindSampler;
		glBindTexture;
		glBindVertexArray;
		glBlendColor;
		glBlendEquation;
		glBlendEquationSeparate;
		glBlendFunc;
		glBlendFuncSeparate;
		glBlitFramebuffer;
		glBufferData;
		glBufferSubData;
		glCheckFramebufferStatus;
		glClear;
		glClearBufferfi;
		glClearBufferfv;
		glClearBufferiv;
		glClearBufferuiv;
		glClearColor;
		glClearDepthf;
		glClearStencil;
		glColorMask;
		glCompileShader;
		glCompressedTexImage2D;
		glCompressedTexImage3D;
		glCompressedTexSubImage2D;
		glCompressedTexSubImage3D;
		glCopyBufferSubData;
		glCopyTexImage2D;
		glCopyTexSubImage2D;
		glCopyTexSubImage3D;
		glCreateProgram;
		glCreateShader;
		glCullFace;
		glDeleteBuffers;
		glDeleteFramebuffers;
		glDeleteProgram;
		glDeleteRenderbuffers;
		glDeleteSamplers;
		glDeleteShader;
		glDeleteTextures;
		glDeleteVertexArrays;
		glDepthFunc;
		glDepthMask;
		glDepthRangef;
		glDetachShader;
		glDisable;
		glDisableVertexAttribArray;
		glDrawArrays;
		glDrawArraysInstanced;
		glDrawBuffers;
		glDrawElements;
		glDrawElementsInstanced;
		glDrawRangeElements;
		glEnable;
		glEnableVertexAttribArray;
		glFinish;
		glFlush;
		glFlushMappedBufferRange;
		glFramebufferRenderbuffer;
		glFramebufferTexture2D;
		glFramebufferTextureLayer;
		glFrontFace;
		glGenBuffers;
		glGenFramebuffers;
		glGenRenderbuffers;
		glGenSamplers;
		glGenTextures;
		glGenVertexArrays;
		glGenerateMipmap;
		glGetActiveAttrib;
		glGetActiveUniform;
		glGetActiveUniformBlockName;
		glGetActiveUniformBlockiv;
		glGetActiveUniformsiv;
		glGetAttachedShaders;
		glGetAttribLocation;
		glGetBooleanv;
		glGetBufferParameteri64v;
		glGetBufferParameteriv;
		glGetBufferPointerv;
		glGetError;
		glGetFloatv;
		glGetFramebufferAttachmentParameteriv;
		glGetInteger64i_v;
		glGetInteger64v;
		glGetIntegeri_v;
		glGetIntegerv;
		glGetInternalformativ;
		glGetProgramInfoLog;
		glGetProgramiv;
		glGetRenderbufferParameteriv;
		glGetSamplerParameterfv;
		glGetSamplerParameteriv;
		glGetShaderInfoLog;
		glGetShaderPrecisionFormat;
		glGetShaderSource;
		glGetShaderiv;
		glGetString;
		glGetStringi;
		glGetTexParameterfv;
		glGetTexParameteriv;
		glGetUniformBlockIndex;
		glGetUniformIndices;
		glGetUniformLocation;
		glGetUniformfv;
		glGetUniformiv;
		glGetUniformuiv;
		glGetVertexAttribIiv;
		glGetVertexAttribIuiv;
		glGetVertexAttribPointerv;
		glGetVertexAttribfv;
		glGetVertexAttribiv;
		glHint;
		glInvalidateFramebuffer;
		glInvalidateSubFramebuffer;
		glIsBuffer;
		glIsEnabled;
		glIsFramebuffer;
		glIsProgram;
		glIsRenderbuffer;
		glIsSampler;
		glIsShader;
		glIsTexture;
		glIsVertexArray;
		glLineWidth;
		glLinkProgram;
		glMapBufferRange;
		glPixelStorei;
		glPolygonOffset;
		glReadBuffer;
		glReadPixels;
		glReleaseShaderCompiler;
		glRenderbufferStorage;
		glRenderbufferStorageMultisample;
		glSampleCoverage;
		glSamplerParameterf;
		glSamplerParameterfv;
		glSamplerParameteri;
		glSamplerParameteriv;
		glScissor;
		glShaderBinary;
		glShaderSource;
		glStencilFunc;
		glStencilFuncSeparate;
		glStencilMask;
		glStencilMaskSeparate;
		glStencilOp;
		glStencilOpSeparate;
		glTexImage2D;
		glTexImage3D;
		glTexParameterf;
		glTexParameterfv;
		glTexParameteri;
		glTexParameteriv;
		glTexStorage2D;
		glTexStorage3D;
		glTexSubImage2D;
		glTexSubImage3D;
		glUniform1f;
		glUniform1fv;
		glUniform1i;
		glUniform1iv;
		glUniform1ui;
		glUniform1uiv;
		glUniform2f;
		glUniform2fv;
		glUniform2i;
		glUniform2iv;
		glUniform2ui;
		glUniform2uiv;
		glUniform3f;
		glUniform3fv;
		glUniform3i;
		glUniform3iv;
		glUniform3ui;
		glUniform3uiv;
		glUniform4f;
		glUniform4fv;
		glUniform4i;
		glUniform4iv;
		glUniform4ui;
		glUniform4uiv;
		glUniformBlockBinding;
		glUniformMatrix2fv;
		glUniformMatrix2x3fv;
		glUniformMatrix2x4fv;
		glUniformMatrix3fv;
		glUniformMatrix3x2fv;
		glUniformMatrix3x4fv;
		glUniformMatrix4fv;
		glUniformMatrix4x2fv;
		glUniformMatrix4x3fv;
		glUnmapBuffer;
		glUseProgram;
		glValidateProgram;
		glVertexAttrib1f;
		glVertexAttrib1fv;
		glVertexAttrib2f;
		glVertexAttrib2fv;
		glVertexAttrib3f;
		glVertexAttrib3fv;
		glVertexAttrib4f;
		glVertexAttrib4fv;
		glVertexAttribDivisor;
		glVertexAttribI4i;
		glVertexAttribI4iv;
		glVertexAttribI4ui;
		glVertexAttribI4uiv;
		glVertexAttribIPointer;
		glVertexAttribPointer;
		glViewport;
	local:
		*;
};
