1791088490 SESSIOND START greeter=/bin/wayland session=/etc/keiland/session pid=19
1791088490 SESSIOND AUTOLOGIN user=kei
1791088490 SESSIOND SEAT path=/dev/gpu0 uid=1000 mode=0600
1791088490 SESSIOND SEAT path=/dev/input/event0 uid=1000 mode=0600
1791088490 SESSIOND SEAT path=/dev/input/event1 uid=1000 mode=0600
1791088490 SESSIOND SESSION home=/home/kei made uid=1000
1791088490 SESSIOND SESSION start user=kei uid=1000 pid=21 runtime=/run/user/1000
1791088490 SESSIOND NETWORK session open uid=1000
1791088495 SESSIOND HANDOFF session ready=1 waited_ms=4805
1791088495 SESSIOND HANDOFF go written=3 at_ms=10124
1791088620 SESSIOND START greeter=/bin/wayland session=/etc/keiland/session pid=18
1791088620 SESSIOND AUTOLOGIN user=kei
1791088620 SESSIOND SEAT path=/dev/gpu0 uid=1000 mode=0600
1791088620 SESSIOND SEAT path=/dev/input/event0 uid=1000 mode=0600
1791088620 SESSIOND SEAT path=/dev/input/event1 uid=1000 mode=0600
1791088620 SESSIOND SESSION start user=kei uid=1000 pid=19 runtime=/run/user/1000
1791088620 SESSIOND NETWORK session open uid=1000
1791088623 SESSIOND HANDOFF session ready=1 waited_ms=2862
1791088623 SESSIOND HANDOFF go written=3 at_ms=4810
1791088670 SESSIOND HANDOFF logout at_ms=51353
1791088670 SESSIOND SEAT path=/dev/gpu0 uid=78 mode=0600
1791088670 SESSIOND SEAT path=/dev/input/event0 uid=78 mode=0600
1791088670 SESSIOND SEAT path=/dev/input/event1 uid=78 mode=0600
1791088670 SESSIOND GREETER start pid=90 uid=78
1791088670 SESSIOND HANDOFF greeter ready: waits at_ms=51476
1791088670 SESSIOND HANDOFF session released=1 at_ms=51515
1791088670 SESSIOND HANDOFF greeter go written=3 at_ms=51516
1791088670 SESSIOND SESSION end user=kei pid=19 status=0
1791088672 SESSIOND NETWORK session close uid=1000
1791088672 SESSIOND GREETER adopt pid=90
1791088672 SESSIOND AUTH ok user=kei uid=1000
1791088672 SESSIOND GREETER stays pid=90
1791088672 SESSIOND SEAT path=/dev/gpu0 uid=1000 mode=0600
1791088672 SESSIOND SEAT path=/dev/input/event0 uid=1000 mode=0600
1791088672 SESSIOND SEAT path=/dev/input/event1 uid=1000 mode=0600
1791088672 SESSIOND SESSION start user=kei uid=1000 pid=97 runtime=/run/user/1000
1791088672 SESSIOND NETWORK session open uid=1000
1791088673 SESSIOND HANDOFF session ready=1 waited_ms=92
1791088673 SESSIOND HANDOFF greeter released=1 at_ms=54077
1791088673 SESSIOND HANDOFF go written=3 at_ms=54077
1791088673 SESSIOND GREETER end pid=90 status=0
1791088701 SESSIOND HANDOFF logout at_ms=82865
1791088701 SESSIOND SEAT path=/dev/gpu0 uid=78 mode=0600
1791088701 SESSIOND SEAT path=/dev/input/event0 uid=78 mode=0600
1791088701 SESSIOND SEAT path=/dev/input/event1 uid=78 mode=0600
1791088701 SESSIOND GREETER start pid=251 uid=78
1791088701 SESSIOND HANDOFF greeter ready: waits at_ms=82971
1791088701 SESSIOND HANDOFF session released=1 at_ms=82996
1791088701 SESSIOND HANDOFF greeter go written=3 at_ms=82996
1791088702 SESSIOND SESSION end user=kei pid=97 status=0
1791088704 SESSIOND NETWORK session close uid=1000
1791088704 SESSIOND GREETER adopt pid=251
1791088704 SESSIOND POWER poweroff
1791088707 SESSIOND SEAT path=/dev/gpu0 uid=0 mode=0666
1791088707 SESSIOND SEAT path=/dev/input/event0 uid=0 mode=0640
1791088707 SESSIOND SEAT path=/dev/input/event1 uid=0 mode=0640
1791088707 SESSIOND STOP
1791088734 SESSIOND START greeter=/bin/wayland session=/etc/keiland/session pid=18
1791088735 SESSIOND AUTOLOGIN user=kei
1791088735 SESSIOND SEAT path=/dev/gpu0 uid=1000 mode=0600
1791088735 SESSIOND SEAT path=/dev/input/event0 uid=1000 mode=0600
1791088735 SESSIOND SEAT path=/dev/input/event1 uid=1000 mode=0600
1791088735 SESSIOND SESSION start user=kei uid=1000 pid=20 runtime=/run/user/1000
1791088735 SESSIOND NETWORK session open uid=1000
1791088739 SESSIOND HANDOFF session ready=1 waited_ms=4531
1791088739 SESSIOND HANDOFF go written=3 at_ms=6566
1791089592 SESSIOND HANDOFF logout at_ms=859904
1791089592 SESSIOND SEAT path=/dev/gpu0 uid=78 mode=0600
1791089592 SESSIOND SEAT path=/dev/input/event0 uid=78 mode=0600
1791089592 SESSIOND SEAT path=/dev/input/event1 uid=78 mode=0600
1791089592 SESSIOND GREETER start pid=385 uid=78
1791089593 SESSIOND HANDOFF greeter ready: waits at_ms=860056
1791089593 SESSIOND HANDOFF session released=1 at_ms=860108
1791089593 SESSIOND HANDOFF greeter go written=3 at_ms=860108
1791089593 SESSIOND SESSION end user=kei pid=20 status=0
1791089595 SESSIOND NETWORK session close uid=1000
1791089595 SESSIOND GREETER adopt pid=385
1791089595 SESSIOND AUTH ok user=kei uid=1000
1791089595 SESSIOND GREETER stays pid=385
1791089595 SESSIOND SEAT path=/dev/gpu0 uid=1000 mode=0600
1791089595 SESSIOND SEAT path=/dev/input/event0 uid=1000 mode=0600
1791089595 SESSIOND SEAT path=/dev/input/event1 uid=1000 mode=0600
1791089595 SESSIOND SESSION start user=kei uid=1000 pid=390 runtime=/run/user/1000
1791089595 SESSIOND NETWORK session open uid=1000
1791089595 SESSIOND HANDOFF session ready=1 waited_ms=96
1791089595 SESSIOND HANDOFF greeter released=1 at_ms=862914
1791089595 SESSIOND HANDOFF go written=3 at_ms=862914
1791089595 SESSIOND GREETER end pid=385 status=0
1791089689 SESSIOND HANDOFF logout at_ms=956897
1791089689 SESSIOND SEAT path=/dev/gpu0 uid=78 mode=0600
1791089689 SESSIOND SEAT path=/dev/input/event0 uid=78 mode=0600
1791089689 SESSIOND SEAT path=/dev/input/event1 uid=78 mode=0600
1791089689 SESSIOND GREETER start pid=402 uid=78
1791089690 SESSIOND HANDOFF greeter ready: waits at_ms=957086
1791089690 SESSIOND HANDOFF session released=1 at_ms=957110
1791089690 SESSIOND HANDOFF greeter go written=3 at_ms=957110
1791089690 SESSIOND SESSION end user=kei pid=390 status=0
1791089692 SESSIOND NETWORK session close uid=1000
1791089692 SESSIOND GREETER adopt pid=402
1791089692 SESSIOND AUTH ok user=kei uid=1000
1791089692 SESSIOND GREETER stays pid=402
1791089692 SESSIOND SEAT path=/dev/gpu0 uid=1000 mode=0600
1791089692 SESSIOND SEAT path=/dev/input/event0 uid=1000 mode=0600
1791089692 SESSIOND SEAT path=/dev/input/event1 uid=1000 mode=0600
1791089692 SESSIOND SESSION start user=kei uid=1000 pid=407 runtime=/run/user/1000
1791089692 SESSIOND NETWORK session open uid=1000
1791089692 SESSIOND HANDOFF session ready=1 waited_ms=98
1791089692 SESSIOND HANDOFF greeter released=1 at_ms=959289
1791089692 SESSIOND HANDOFF go written=3 at_ms=959289
1791089692 SESSIOND GREETER end pid=402 status=0
1791090417 SESSIOND START greeter=/bin/wayland session=/etc/keiland/session pid=16
1791090417 SESSIOND AUTOLOGIN user=kei
1791090417 SESSIOND SEAT path=/dev/gpu0 uid=1000 mode=0600
1791090417 SESSIOND SEAT path=/dev/input/event0 uid=1000 mode=0600
1791090417 SESSIOND SEAT path=/dev/input/event1 uid=1000 mode=0600
1791090417 SESSIOND SESSION start user=kei uid=1000 pid=17 runtime=/run/user/1000
1791090417 SESSIOND NETWORK session open uid=1000
1791090425 SESSIOND HANDOFF session ready=1 waited_ms=7837
1791090425 SESSIOND HANDOFF go written=3 at_ms=15031
