A64 UEFI ENTRY
A64 CFG MISSING 0x0000000000000000
A64 CFG MATCH 0x0000000000000001
A64 CFG SELECTED 0x0000000000000001
A64 CFG UUID A0C6-1AB9
A64 KERNEL vmunix
A64 PARAMS boot0=UUID=A0C6-1AB9 video=640x480 overlay-root=boot0:rootfs.img overlay-data=boot0:data.img swap0=boot0:swapfile
A64 KERN LINK 0x0000000000200000
A64 KERN SIZE 0x000000000060b000
Allocate kernel at linked address: 0x800000000000000e
A64 KERN LOAD 0x0000000001800000
A64 KERN RELOCATED away from the linked address
A64 UEFI ELF
A64 RSDP 0x000000007fb7e014
A64 GOP  0x0000000080000000
A64 LOW  0x00000000001f0000
A64 CR4  0x0000000000000668
A64 MAPSZ 0x00000000000016e0
A64 DESCSZ 0x0000000000000030
A64 DESCVER 0x0000000000000001
A64 RANGES 0x000000000000002a
A64 MARK 1=EBS 2=MAP 3=CR3 4=KERN
A64 UEFI READY
A64 UEFI BOOT SERVICES EXITED
A64 UEFI EXIT

zedBSD amd64 HAL
A64 ENTRY PASS
A64 KERNEL link=200000-80b000 load=1800000-1e0b000 (relocated by the loader)
A64 KERNEL shadow 200000-a00000 reserved (linked slots behind the relocated image)
A64 MEMORY source=2 usable=4237148160 boot_reclaim=51179520 highest_usable=6442450944 allocator=1043746816
A64 RAM ARENA low=1110016 high=0 runs=2 root=28979200
A64 RAM PROBE boundary=1073741824 physical=1073741824 read=ok
A64 RAM PROBE boundary=4294967296 physical=4294967296 read=ok
A64 RAM MAP bytes=4288327680 tables=271 large=2036 small=4523
A64 RAM ALLOC extents=27 managed=4288327680 metadata=622592 free=4228440064 publication_limit=70368744177664
A64 PAGING PASS
A64 IDT READY
A64 ACPI RSDP PASS rev=2 rsdt=7FB7D074 xsdt=00000000:7FB7D0E8
A64 ACPI ROOT READY kind=XSDT length=84 entries=6
A64 ACPI MADT READY length=144 lapic=FEE00000
A64 ACPI MCFG READY regions=1
A64 ACPI READY cpus=4 ioapics=1 ecam=1 lapic=FEE00000
A64 APIC PREFLIGHT PASS id=0 base=00000000:FEE00900 madt=FEE00000 lock=0 result=active-xapic
A64 LAPIC READY id=0 base=FEE00000
A64 BOOT RECLAIM released=43790336 bytes ACPI/AP owners retained
A64 IOAPIC BEGIN index=0 address=FEC00000 gsi=0
A64 IOAPIC READY index=0 version=00170011 pins=24
A64 IOAPIC ROUTING READY controllers=1 destination=0
A64 TIMER CAL BEGIN
A64 TIMECOUNTER KVM clock-features 0x40000001 eax=0x1007efb clocksource=1 clocksource2=1 stable_bit=1 -> PIT-calibrated TSC (pvclock backend TODO)
A64 TIMECOUNTER CAS-SELFTEST 120-then-110=PASS 110-then-120=PASS
A64 TIMECOUNTER CANDIDATE policy=1 max=32 ratio=0/0 crystal=0 invariant=0 adjust=1
A64 TIMECOUNTER PIT READY hz=0:2496884733
A64 TIMER CAL READY ticks=626366
A64 TIMER READY
A64 CONSOLE IRQ READY
A64 IRQ READY
boot: kernel heap, process, and scheduler initialization
A64 XMM CONTEXT PASS
A64 APIC PREFLIGHT PASS id=1 base=00000000:FEE00800 madt=FEE00000 lock=0 result=active-xapic
A64 TIMECOUNTER AP PASS cpu=1 reason=ok generation=0 rounds=8 width=0:406
A64 APIC PREFLIGHT PASS id=2 base=00000000:FEE00800 madt=FEE00000 lock=0 result=active-xapic
A64 TIMECOUNTER AP PASS cpu=2 reason=ok generation=0 rounds=8 width=0:455
A64 APIC PREFLIGHT PASS id=3 base=00000000:FEE00800 madt=FEE00000 lock=0 result=active-xapic
A64 TIMECOUNTER AP PASS cpu=3 reason=ok generation=0 rounds=8 width=0:474
A64 TIMECOUNTER READ cpu=0 status=pass reads=64
A64 TIMECOUNTER READ cpu=1 status=pass reads=64
A64 TIMECOUNTER READ cpu=2 status=pass reads=64
A64 TIMECOUNTER READ cpu=3 status=pass reads=64
A64 TIMECOUNTER READY cpus=4 source=pit hz=0:2496884733
I/O pool large=16 small=16 resident=1118208 budget=4194304
boot: HAL initialized successfully. [cpu 4, memory 4089MB, timer 10ms]
boot: CPUs ready: 4
boot: platform device discovery
usb: URB completion contract q009-release-acquire-v1
pci: ECAM segment 0000 bus 00 at 00000000:e0000000
graphics: built-in VGA 8x16 font selected
boot: platform devices detected: 0
boot: waiting up to 5 seconds for boot storage
boot: boot-storage wait expired
boot: parameters: boot0=UUID=A0C6-1AB9 video=640x480 overlay-root=boot0:rootfs.img overlay-data=boot0:data.img swap0=boot0:swapfile
boot: ignored 1 unknown parameter; first=video
i915: parity runner started (thread handil9e1 5r:e cpoarrdietdy) 
runnbeoro tt:h rVeFaSd  ibneigtiina l(iezxaetciuotnion base ready)

i915: pvafrsi:t yb okotte sBtI ObSe=g8i0n  G(PcTp up=a0r,t isthiaorne=du nbkancokwenn dd)e
vices=0
input: /dev/input/event0: PC/AT PS/2 mouse
input: /dev/input/event1: PC/AT PS/2 keyboard
vfs: native boot disk=none physical disks=0
vfs: boot0 selector resolution failed (error 6)
VFS initialization failed (6); entering idle.
VFS initialization failed (6); entering idle.
i915: parity ktest K0 native-waitq start=501 deadline=522 end=522 rc=42
i915: parity ktest cross-CPU: gens=64 cross_cpu=64 mismatch=0 queue_fail=0
i915: parity P1 gt_reset attempt=0 passes=2 rc=0
i915: parity P1 gt_reset attempt=0 passes=1 rc=-42
i915: parity P1 gt_reset attempt=1 passes=1 rc=-42
i915: parity P1 gt_reset attempt=2 passes=1 rc=-42
i915: parity P1 gt_reset attempt=0 passes=1 rc=-42
i915: parity P1 gt_reset attempt=1 passes=2 rc=0
i915: parity pcode read mbox=0x0000000d err=-24
i915: parity pcode read mbox=0x0000000d err=-42
i915: parity P2 dram: raw=0x00003420 type=0 channels=2 qgv_points=4 psf_gv_points=3 wm_lv0_adjust=0
i915: parity P2 dram: unknown type field 0xf (tolerated)
i915: parity P2 dram: raw=0x00003420 type=0 channels=2 qgv_points=4 psf_gv_points=3 wm_lv0_adjust=0
i915: parity P2 bw: QGV 0 DCLK=16668 tRP=15 tRDPRE=4 tRAS=8 tRCD=0 tRC=23
i915: parity P2 bw: QGV 1 DCLK=16668 tRP=15 tRDPRE=4 tRAS=8 tRCD=0 tRC=23
i915: parity P2 bw: QGV 2 DCLK=16668 tRP=15 tRDPRE=4 tRAS=8 tRCD=0 tRC=23
i915: parity P2 bw: QGV 3 DCLK=16668 tRP=15 tRDPRE=4 tRAS=8 tRCD=0 tRC=23
i915: parity P2 bw: PSF GV 0 CLK=16
i915: parity P2 bw: PSF GV 1 CLK=32
i915: parity P2 bw: PSF GV 2 CLK=48
i915: parity P2 bw: BW0/QGV0 num_planes=0 deratedbw=38000 peakbw=266688
i915: parity P2 bw: BW0/QGV1 num_planes=0 deratedbw=38000 peakbw=266688
i915: parity P2 bw: BW0/QGV2 num_planes=0 deratedbw=38000 peakbw=266688
i915: parity P2 bw: BW0/QGV3 num_planes=0 deratedbw=38000 peakbw=266688
i915: parity P2 bw: BW0/PSF0 num_planes=0 bw=17067
i915: parity P2 bw: BW0/PSF1 num_planes=0 bw=34133
i915: parity P2 bw: BW0/PSF2 num_planes=0 bw=51200
i915: parity P2 bw: BW1/QGV0 num_planes=2 deratedbw=38000 peakbw=266688
i915: parity P2 bw: BW1/QGV1 num_planes=2 deratedbw=38000 peakbw=266688
i915: parity P2 bw: BW1/QGV2 num_planes=2 deratedbw=38000 peakbw=266688
i915: parity P2 bw: BW1/QGV3 num_planes=2 deratedbw=38000 peakbw=266688
i915: parity P2 bw: BW1/PSF0 num_planes=2 bw=17067
i915: parity P2 bw: BW1/PSF1 num_planes=2 bw=34133
i915: parity P2 bw: BW1/PSF2 num_planes=2 bw=51200
i915: parity P2 bw: BW2/QGV0 num_planes=0 deratedbw=38000 peakbw=266688
i915: parity P2 bw: BW2/QGV1 num_planes=0 deratedbw=38000 peakbw=266688
i915: parity P2 bw: BW2/QGV2 num_planes=0 deratedbw=38000 peakbw=266688
i915: parity P2 bw: BW2/QGV3 num_planes=0 deratedbw=38000 peakbw=266688
i915: parity P2 bw: BW2/PSF0 num_planes=0 bw=17067
i915: parity P2 bw: BW2/PSF1 num_planes=0 bw=34133
i915: parity P2 bw: BW2/PSF2 num_planes=0 bw=51200
i915: parity P2 bw: BW3/QGV0 num_planes=0 deratedbw=38000 peakbw=266688
i915: parity P2 bw: BW3/QGV1 num_planes=0 deratedbw=38000 peakbw=266688
i915: parity P2 bw: BW3/QGV2 num_planes=0 deratedbw=38000 peakbw=266688
i915: parity P2 bw: BW3/QGV3 num_planes=0 deratedbw=38000 peakbw=266688
i915: parity P2 bw: BW3/PSF0 num_planes=0 bw=17067
i915: parity P2 bw: BW3/PSF1 num_planes=0 bw=34133
i915: parity P2 bw: BW3/PSF2 num_planes=0 bw=51200
i915: parity P2 bw: BW4/QGV0 num_planes=0 deratedbw=38000 peakbw=266688
i915: parity P2 bw: BW4/QGV1 num_planes=0 deratedbw=38000 peakbw=266688
i915: parity P2 bw: BW4/QGV2 num_planes=0 deratedbw=38000 peakbw=266688
i915: parity P2 bw: BW4/QGV3 num_planes=0 deratedbw=38000 peakbw=266688
i915: parity P2 bw: BW4/PSF0 num_planes=0 bw=17067
i915: parity P2 bw: BW4/PSF1 num_planes=0 bw=34133
i915: parity P2 bw: BW4/PSF2 num_planes=0 bw=51200
i915: parity P2 bw: BW5/QGV0 num_planes=0 deratedbw=38000 peakbw=266688
i915: parity P2 bw: BW5/QGV1 num_planes=0 deratedbw=38000 peakbw=266688
i915: parity P2 bw: BW5/QGV2 num_planes=0 deratedbw=38000 peakbw=266688
i915: parity P2 bw: BW5/QGV3 num_planes=0 deratedbw=38000 peakbw=266688
i915: parity P2 bw: BW5/PSF0 num_planes=0 bw=17067
i915: parity P2 bw: BW5/PSF1 num_planes=0 bw=34133
i915: parity P2 bw: BW5/PSF2 num_planes=0 bw=51200
i915: parity P2 bw: sagv_status=2 num_qgv_points=4 num_psf_points=3
i915: parity P2 dram: raw=0x00003420 type=0 channels=2 qgv_points=4 psf_gv_points=3 wm_lv0_adjust=0
i915: parity P2 bw: QGV 0 DCLK=16668 tRP=15 tRDPRE=4 tRAS=8 tRCD=0 tRC=23
i915: parity P2 bw: QGV 1 DCLK=16668 tRP=15 tRDPRE=4 tRAS=8 tRCD=0 tRC=23
i915: parity P2 bw: QGV 2 DCLK=16668 tRP=15 tRDPRE=4 tRAS=8 tRCD=0 tRC=23
i915: parity P2 bw: QGV 3 DCLK=16668 tRP=15 tRDPRE=4 tRAS=8 tRCD=0 tRC=23
i915: parity pcode read mbox=0x0000020d err=-12
i915: parity P2 bw: failed to read PSF point data; PSF points dropped
i915: parity P2 bw: BW0/QGV0 num_planes=0 deratedbw=38000 peakbw=266688
i915: parity P2 bw: BW0/QGV1 num_planes=0 deratedbw=38000 peakbw=266688
i915: parity P2 bw: BW0/QGV2 num_planes=0 deratedbw=38000 peakbw=266688
i915: parity P2 bw: BW0/QGV3 num_planes=0 deratedbw=38000 peakbw=266688
i915: parity P2 bw: BW1/QGV0 num_planes=2 deratedbw=38000 peakbw=266688
i915: parity P2 bw: BW1/QGV1 num_planes=2 deratedbw=38000 peakbw=266688
i915: parity P2 bw: BW1/QGV2 num_planes=2 deratedbw=38000 peakbw=266688
i915: parity P2 bw: BW1/QGV3 num_planes=2 deratedbw=38000 peakbw=266688
i915: parity P2 bw: BW2/QGV0 num_planes=0 deratedbw=38000 peakbw=266688
i915: parity P2 bw: BW2/QGV1 num_planes=0 deratedbw=38000 peakbw=266688
i915: parity P2 bw: BW2/QGV2 num_planes=0 deratedbw=38000 peakbw=266688
i915: parity P2 bw: BW2/QGV3 num_planes=0 deratedbw=38000 peakbw=266688
i915: parity P2 bw: BW3/QGV0 num_planes=0 deratedbw=38000 peakbw=266688
i915: parity P2 bw: BW3/QGV1 num_planes=0 deratedbw=38000 peakbw=266688
i915: parity P2 bw: BW3/QGV2 num_planes=0 deratedbw=38000 peakbw=266688
i915: parity P2 bw: BW3/QGV3 num_planes=0 deratedbw=38000 peakbw=266688
i915: parity P2 bw: BW4/QGV0 num_planes=0 deratedbw=38000 peakbw=266688
i915: parity P2 bw: BW4/QGV1 num_planes=0 deratedbw=38000 peakbw=266688
i915: parity P2 bw: BW4/QGV2 num_planes=0 deratedbw=38000 peakbw=266688
i915: parity P2 bw: BW4/QGV3 num_planes=0 deratedbw=38000 peakbw=266688
i915: parity P2 bw: BW5/QGV0 num_planes=0 deratedbw=38000 peakbw=266688
i915: parity P2 bw: BW5/QGV1 num_planes=0 deratedbw=38000 peakbw=266688
i915: parity P2 bw: BW5/QGV2 num_planes=0 deratedbw=38000 peakbw=266688
i915: parity P2 bw: BW5/QGV3 num_planes=0 deratedbw=38000 peakbw=266688
i915: parity P2 bw: sagv_status=2 num_qgv_points=4 num_psf_points=0
i915: parity P3 drm_vblank_init: vblank_slots=4 (per-pipe worker+timer+seqlock)
i915: parity P3 intel_bios_init: source=0 vbt_found=0 version=155 bdb_blocks=0 child_devices=3 missing_defaults=1 parser_errors=0 arena_peak=240
i915: parity P3 VBT child[0]: port=A dvo_port=0 type=0x1004 aux_ch=-1 ddc_pin=0 dp=1 edp=1 hdmi=0 typec=0 tbt=0 max_lanes=0 max_rate=0 hpd_invert=0 lane_reversal=0
i915: parity P3 VBT child[1]: port=B dvo_port=1 type=0x0014 aux_ch=-1 ddc_pin=0 dp=1 edp=0 hdmi=1 typec=0 tbt=0 max_lanes=0 max_rate=0 hpd_invert=0 lane_reversal=0
i915: parity P3 VBT child[2]: port=C dvo_port=2 type=0x0014 aux_ch=-1 ddc_pin=0 dp=1 edp=0 hdmi=1 typec=0 tbt=0 max_lanes=0 max_rate=0 hpd_invert=0 lane_reversal=0
i915: parity P3 intel_bios_init: source=0 vbt_found=0 version=155 bdb_blocks=0 child_devices=3 missing_defaults=1 parser_errors=0 arena_peak=240
i915: parity P3 VBT child[0]: port=A dvo_port=0 type=0x1004 aux_ch=-1 ddc_pin=0 dp=1 edp=1 hdmi=0 typec=0 tbt=0 max_lanes=0 max_rate=0 hpd_invert=0 lane_reversal=0
i915: parity P3 VBT child[1]: port=B dvo_port=1 type=0x0014 aux_ch=-1 ddc_pin=0 dp=1 edp=0 hdmi=1 typec=0 tbt=0 max_lanes=0 max_rate=0 hpd_invert=0 lane_reversal=0
i915: parity P3 VBT child[2]: port=C dvo_port=2 type=0x0014 aux_ch=-1 ddc_pin=0 dp=1 edp=0 hdmi=1 typec=0 tbt=0 max_lanes=0 max_rate=0 hpd_invert=0 lane_reversal=0
i915: parity P3 intel_bios_init: source=0 vbt_found=0 version=155 bdb_blocks=0 child_devices=3 missing_defaults=1 parser_errors=0 arena_peak=240
i915: parity P3 VBT explicit blob: name=zedbsd/vbt/dell-latitude-5330-1028-0b02.vbt requested=1 found=1 size=8704 sha256=3bff4a0920d55c9a.. hash_ok=1 valid=1 subsys=1028:0b03 subsys_ok=0 used=0 (explicit supply; OpRegion present=0 is unchanged)
i915: parity P3 VBT child[0]: port=A dvo_port=0 type=0x1004 aux_ch=-1 ddc_pin=0 dp=1 edp=1 hdmi=0 typec=0 tbt=0 max_lanes=0 max_rate=0 hpd_invert=0 lane_reversal=0
i915: parity P3 VBT child[1]: port=B dvo_port=1 type=0x0014 aux_ch=-1 ddc_pin=0 dp=1 edp=0 hdmi=1 typec=0 tbt=0 max_lanes=0 max_rate=0 hpd_invert=0 lane_reversal=0
i915: parity P3 VBT child[2]: port=C dvo_port=2 type=0x0014 aux_ch=-1 ddc_pin=0 dp=1 edp=0 hdmi=1 typec=0 tbt=0 max_lanes=0 max_rate=0 hpd_invert=0 lane_reversal=0
i915: parity P3 intel_bios_init: source=3 vbt_found=1 version=249 bdb_blocks=12 child_devices=4 missing_defaults=0 parser_errors=0 arena_peak=5184
i915: parity P3 VBT explicit blob: name=zedbsd/vbt/dell-latitude-5330-1028-0b02.vbt requested=1 found=1 size=8704 sha256=3bff4a0920d55c9a.. hash_ok=1 valid=1 subsys=1028:0b02 subsys_ok=1 used=1 (explicit supply; OpRegion present=0 is unchanged)
i915: parity P3 VBT child[0]: port=A dvo_port=10 type=0x1806 aux_ch=0 ddc_pin=9 dp=1 edp=1 hdmi=0 typec=0 tbt=0 max_lanes=4 max_rate=0 hpd_invert=0 lane_reversal=0
i915: parity P3 VBT child[1]: port=B dvo_port=7 type=0x60d2 aux_ch=1 ddc_pin=2 dp=0 edp=0 hdmi=1 typec=0 tbt=0 max_lanes=4 max_rate=0 hpd_invert=0 lane_reversal=0
i915: parity P3 VBT child[2]: port=D dvo_port=13 type=0x68c6 aux_ch=3 ddc_pin=9 dp=1 edp=0 hdmi=0 typec=1 tbt=1 max_lanes=4 max_rate=810000 hpd_invert=0 lane_reversal=0
i915: parity P3 VBT child[3]: port=E dvo_port=15 type=0x68c6 aux_ch=4 ddc_pin=10 dp=1 edp=0 hdmi=0 typec=1 tbt=1 max_lanes=4 max_rate=810000 hpd_invert=0 lane_reversal=0
i915: parity P3 intel_bios_init: source=0 vbt_found=0 version=155 bdb_blocks=0 child_devices=3 missing_defaults=1 parser_errors=0 arena_peak=240
i915: parity P3 VBT child[0]: port=A dvo_port=0 type=0x1004 aux_ch=-1 ddc_pin=0 dp=1 edp=1 hdmi=0 typec=0 tbt=0 max_lanes=0 max_rate=0 hpd_invert=0 lane_reversal=0
i915: parity P3 VBT child[1]: port=B dvo_port=1 type=0x0014 aux_ch=-1 ddc_pin=0 dp=1 edp=0 hdmi=1 typec=0 tbt=0 max_lanes=0 max_rate=0 hpd_invert=0 lane_reversal=0
i915: parity P3 VBT child[2]: port=C dvo_port=2 type=0x0014 aux_ch=-1 ddc_pin=0 dp=1 edp=0 hdmi=1 typec=0 tbt=0 max_lanes=0 max_rate=0 hpd_invert=0 lane_reversal=0
i915: parity P3 intel_power_domains_init: wells=30 allowed_dc=0x4000000a target_dc=0x2 disable_pw=1 (xelpd map)
i915: parity P1 gt_reset attempt=0 passes=2 time-base fault rc=-5
i915: parity P3 intel_power_domains_init: wells=30 allowed_dc=0x4000000a target_dc=0x2 disable_pw=1 (xelpd map)
i915: parity power well fuse PG6 wait timeout (continuing)
i915: parity power well fuse PG6 wait timeout (continuing)
i915: parity power well fuse PG6 wait timeout (continuing)
i915: parity power well fuse PG6 wait timeout (continuing)
i915: parity power well fuse PG2 wait timeout (continuing)
i915: parity power well fuse PG6 wait timeout (continuing)
i915: parity power well PW_A enable ACK timeout (continuing)
i915: parity power well fuse PG6 wait timeout (continuing)
i915: parity pcode request mbox=0x00000007 timeout, retrying (preempt off)
i915: parity P3 intel_combo_phy_init: combo PHYs A/B (0 initialised)
i915: parity P3 intel_combo_phy_init: combo PHYs A/B (2 initialised)
i915: parity cdclk: sanitizing cdclk programmed by pre-os
i915: parity pcode request mbox=0x00000007 timeout, retrying (preempt off)
i915: parity cdclk: PCU prepare failed (err -42, freq 652800)
i915: parity cdclk: sanitizing cdclk programmed by pre-os
i915: parity cdclk: sanitizing cdclk programmed by pre-os
i915: parity pcode write mbox=0x00000007 err=-25
i915: parity cdclk: PCODE freq set failed (err -25, freq 556800)
i915: parity P3 intel_power_domains_init: wells=30 allowed_dc=0x4000000a target_dc=0x2 disable_pw=1 (xelpd map)
i915: parity P3 intel_combo_phy_init: combo PHYs A/B (2 initialised)
i915: parity cdclk: sanitizing cdclk programmed by pre-os
i915: parity P3 intel_combo_phy_init: combo PHYs A/B (0 initialised)
i915: parity P3 intel_power_domains_init: wells=30 allowed_dc=0x4000000a target_dc=0x2 disable_pw=1 (xelpd map)
i915: parity P3 intel_combo_phy_init: combo PHYs A/B (0 initialised)
i915: parity P3 intel_combo_phy_init: combo PHYs A/B (0 initialised)
i915: parity P3 intel_power_domains_init: wells=30 allowed_dc=0x4000000a target_dc=0x2 disable_pw=1 (xelpd map)
i915: parity P3 intel_combo_phy_init: combo PHYs A/B (2 initialised)
i915: parity display_core: stop at power_well_1_enable (adaptation-layer fault)
i915: parity pcode request mbox=0x00000007 timeout, retrying (preempt off)
i915: parity pcode request mbox=0x00000007 timeout, retrying (preempt off)
i915: parity P3 intel_power_domains_init: wells=30 allowed_dc=0x4000000a target_dc=0x2 disable_pw=1 (xelpd map)
i915: parity power well fuse PG1 wait timeout (continuing)
i915: DMC-PARSE rc=0 ver=2.20 pkg_ver=2 entries=6 css_len=128 main=1
i915: DMC-PARSE id=0 hv=3 off_dw=6301 start=0x80000 mmio=7 fwsz_dw=6274 payload=25096 present=1
i915: DMC-PARSE id=1 hv=3 off_dw=12639 start=0x90000 mmio=9 fwsz_dw=2547 payload=10188 present=1
i915: DMC-PARSE id=2 hv=3 off_dw=15250 start=0x98000 mmio=9 fwsz_dw=3066 payload=12264 present=1
i915: DMC-PARSE id=3 hv=3 off_dw=18380 start=0x52000 mmio=5 fwsz_dw=566 payload=2264 present=1
i915: DMC-PARSE id=4 hv=3 off_dw=19010 start=0x59000 mmio=5 fwsz_dw=566 payload=2264 present=1
i915: parity P3 intel_power_domains_init: wells=30 allowed_dc=0x4000000a target_dc=0x2 disable_pw=1 (xelpd map)
i915: parity P3 intel_combo_phy_init: combo PHYs A/B (2 initialised)
i915: dmc worker: proceeding to load
i915: parity P3 intel_combo_phy_init: combo PHYs A/B (0 initialised)
i915: parity P3 intel_power_domains_init: wells=30 allowed_dc=0x4000000a target_dc=0x2 disable_pw=1 (xelpd map)
i915: parity P3 intel_combo_phy_init: combo PHYs A/B (2 initialised)
i915: parity dmc: unknown DMC fw header version 7
i915: DMC-FINI ckpt A: init
i915: parity P3 intel_combo_phy_init: combo PHYs A/B (2 initialised)
i915: DMC-FINI ckpt B: queued, spawning fini thread
i915: dmc worker: parkei915: DMC-FINI ckpt C: d s(lteeespti npga u4s0em)s

i915: DMC-FINI thread: entering fini
i915: DMC-FINI ckpt D: ws=1 fini_done=0
i915: DMC-FINI ckpt E: released pause
i915: dmc worker: proceeding to load
i915: DMC-FINI thread: fini returned
i915: parity P3 intel_combo_phy_init: combo PHYs A/B (2 initialised)
i915: dmc worker: proceeding to load
i915: parity Forcing SAGV disable: mask 0x5
i915: parity Forcing SAGV disable: mask 0x5
i915: parity pcode request mbox=0x0000000e timeout, retrying (preempt off)
i915: parity Failed to disable qgv points (-42) points: 0x5
i915: parity applying backlight present quirk
i915: parity applying DMI quirk
i915: parity Sanitized enable_fbc value: 1
i915: parity Sanitized enable_fbc value: 0
i915: parity Sanitized enable_fbc value: 0
i915: parity Disabling framebuffer compression (FBC) to prevent screen flicker with VT-d enabled
i915: parity Sanitized enable_fbc value: 0
i915: parity Sanitized enable_fbc value: 1
i915: parity Sanitized enable_fbc value: 0
i915: parity Sanitized enable_fbc value: 0
i915: parity Sanitized enable_fbc value: 0
i915: parity Sanitized enable_fbc value: 0
i915: parity Sanitized enable_fbc value: 1
i915: parity Assuming PCH ID 7a80
i915: parity Found Alder Lake PCH
i915: parity Found Alder Lake PCH
i915: parity Assuming PCH ID 7a80
i915: parity Found Alder Lake PCH
i915: parity Found Alder Lake PCH
i915: parity Display disabled, reverting to NOP PCH
i915: parity Found Ice Lake PCH
i915: parity Found Jasper Lake PCH
i915: parity Found Tiger Lake LP PCH
i915: parity Found Mule Creek Canyon PCH
i915: parity Found PantherPoint PCH
i915: parity Found Comet Lake V PCH (CMP-V)
i915: parity P3 intel_power_domains_init: wells=30 allowed_dc=0x4000000a target_dc=0x2 disable_pw=1 (xelpd map)
i915: parity WARN interrupt register 0xc4008 is not zero: 0xffffffff
i915: parity WARN interrupt register 0x60818 is not zero: 0xffffffff
i915: parity WARN interrupt register 0x61818 is not zero: 0xffffffff
i915: parity WARN interrupt register 0x62818 is not zero: 0xffffffff
i915: parity WARN interrupt register 0x63818 is not zero: 0xffffffff
i915: parity WARN interrupt register 0x44408 is not zero: 0xffffffff
i915: parity WARN interrupt register 0x44418 is not zero: 0xffffffff
i915: parity WARN interrupt register 0x44428 is not zero: 0xffffffff
i915: parity WARN interrupt register 0x44438 is not zero: 0xffffffff
i915: parity WARN interrupt register 0x44448 is not zero: 0xffffffff
i915: parity WARN interrupt register 0x44468 is not zero: 0xffffffff
i915: parity WARN interrupt register 0x44478 is not zero: 0xffffffff
i915: parity WARN interrupt register 0x444f8 is not zero: 0xffffffff
i915: parity Fault errors on pipe B: 0x00000080
i915: parity WARN Platform does not support port C
i915: parity VBT says port A is not DVI/HDMI/DP compatible, respect it
i915: parity Port A already claimed
i915: parity P3 intel_power_domains_init: wells=30 allowed_dc=0x4000000a target_dc=0x2 disable_pw=1 (xelpd map)
i915: parity WARN Platform does not support port C
i915: parity P5c [CRTC:A] hw state readout: disabled
i915: parity P5c [CRTC:B] hw state readout: disabled
i915: parity P5c [CRTC:C] hw state readout: disabled
i915: parity P5c [CRTC:D] hw state readout: disabled
i915: parity P5c [ENCODER port A] hw state readout: disabled pipe_mask=0x0 mst=0
i915: parity P5c [ENCODER port B] hw state readout: disabled pipe_mask=0x0 mst=0
i915: parity P5c DPLL 0 hw state readout: pipe_mask 0x0, on 0
i915: parity P5c DPLL 1 hw state readout: pipe_mask 0x0, on 0
i915: parity P5c TBT PLL hw state readout: pipe_mask 0x0, on 0
i915: parity P5c TC PLL 1 hw state readout: pipe_mask 0x0, on 0
i915: parity P5c TC PLL 2 hw state readout: pipe_mask 0x0, on 0
i915: parity P5c TC PLL 3 hw state readout: pipe_mask 0x0, on 0
i915: parity P5c TC PLL 4 hw state readout: pipe_mask 0x0, on 0
i915: parity P5c [CRTC:A] hw state readout: disabled
i915: parity P5c [CRTC:B] hw state readout: enabled
i915: parity P5c [CRTC:C] hw state readout: disabled
i915: parity P5c [CRTC:D] hw state readout: disabled
i915: parity P5c [ENCODER port A] hw state readout: disabled pipe_mask=0x0 mst=0
i915: parity P5c [ENCODER port B] hw state readout: enabled pipe_mask=0x2 mst=0
i915: parity P5c DPLL 0 hw state readout: pipe_mask 0x0, on 1
i915: parity P5c DPLL 1 hw state readout: pipe_mask 0x0, on 0
i915: parity P5c TBT PLL hw state readout: pipe_mask 0x0, on 0
i915: parity P5c TC PLL 1 hw state readout: pipe_mask 0x0, on 0
i915: parity P5c TC PLL 2 hw state readout: pipe_mask 0x0, on 0
i915: parity P5c TC PLL 3 hw state readout: pipe_mask 0x0, on 0
i915: parity P5c TC PLL 4 hw state readout: pipe_mask 0x0, on 0
i915: parity P5c [CRTC:A] hw state readout: disabled (power gated)
i915: parity P5c [CRTC:B] hw state readout: disabled (power gated)
i915: parity P5c [CRTC:C] hw state readout: disabled (power gated)
i915: parity P5c [CRTC:D] hw state readout: disabled (power gated)
i915: parity P5c [ENCODER port A] hw state readout: disabled pipe_mask=0x0 mst=0
i915: parity P5c [ENCODER port B] hw state readout: disabled pipe_mask=0x0 mst=0
i915: parity P5c DPLL 0 hw state readout: pipe_mask 0x0, on 1
i915: parity P5c DPLL 1 hw state readout: pipe_mask 0x0, on 0
i915: parity P5c TBT PLL hw state readout: pipe_mask 0x0, on 0
i915: parity P5c TC PLL 1 hw state readout: pipe_mask 0x0, on 0
i915: parity P5c TC PLL 2 hw state readout: pipe_mask 0x0, on 0
i915: parity P5c TC PLL 3 hw state readout: pipe_mask 0x0, on 0
i915: parity P5c TC PLL 4 hw state readout: pipe_mask 0x0, on 0
i915: parity P5c [CRTC:A] hw state readout: disabled
i915: parity P5c [CRTC:B] hw state readout: enabled
i915: parity P5c [CRTC:C] hw state readout: disabled
i915: parity P5c [CRTC:D] hw state readout: disabled
i915: parity P5c [ENCODER port A] hw state readout: disabled pipe_mask=0x0 mst=0
i915: parity P5c [ENCODER port B] hw state readout: enabled pipe_mask=0x2 mst=0
i915: parity P5c DPLL 0 hw state readout: pipe_mask 0x0, on 1
i915: parity P5c DPLL 1 hw state readout: pipe_mask 0x0, on 0
i915: parity P5c TBT PLL hw state readout: pipe_mask 0x0, on 0
i915: parity P5c TC PLL 1 hw state readout: pipe_mask 0x0, on 0
i915: parity P5c TC PLL 2 hw state readout: pipe_mask 0x0, on 0
i915: parity P5c TC PLL 3 hw state readout: pipe_mask 0x0, on 0
i915: parity P5c TC PLL 4 hw state readout: pipe_mask 0x0, on 0
i915: parity BIOS left unused DC_off power well enabled, disabling it
i915: parity DPLL 0 enabled but not in use, disabling
i915: parity BIOS left unused DC_off power well enabled, disabling it
i915: parity BIOS left unused DC_off power well enabled, disabling it
i915: parity BIOS left unused DC_off power well enabled, disabling it
i915: parity BIOS left unused DC_off power well enabled, disabling it
i915: parity [ENCODER port A] is disabled with an ungated DDI clock, gate it
i915: parity BIOS left unused DC_off power well enabled, disabling it
i915: parity WARN [CRTC:B] is active with no encoders: intel_crtc_disable_noatomic() is NOT implemented, pipe left as-is
i915: parity BIOS left unused DC_off power well enabled, disabling it
i915: parity BIOS left unused DC_off power well enabled, disabling it
i915: parity vcs2 fused off
i915: parity Unexpected fault addr=0x0 space=PPGTT engine_id=3
i915: parity INTR_IDENTITY_REG0:0 0x00000000 not valid!
i915: parity RC6/PG SKIPPED by the diagnostic switch (pg_enable would be 0x19f, ctl 0x40000)
i915: parity bcs0 stop_cs: MODE_IDLE timeout, head=0000 tail=0000
i915: parity bcs0 stop_cs: MODE_IDLE timeout, head=0040 tail=0000
i915: parity bcs0 dump(intel_gt_wait_for_idle -ETIME): HEAD=00000000 TAIL=00000000 START=00000000 CTL=00000000 ACTHD=00000000:00000000 IPEHR=00000000 INSTDONE=00000000 MI_MODE=00000000 ESR=00000000 EIR=00000000
i915: parity bcs0 dump(intel_gt_wait_for_idle -ETIME): EXECLIST_STATUS=00000000:00000000 CSB_PTR=ffff0b0b hwsp: csb_write=3 preempt=0 seqno=1 | sw: csb_head=3 submits=3 promotes=2 completes=2 errors=0 late=0 mmio=0 last=00008000:03ff8000
i915: parity bcs0 dump(intel_gt_wait_for_idle -ETIME): csb[0]=ffffffff:ffffffff
i915: parity bcs0 dump(intel_gt_wait_for_idle -ETIME): csb[1]=ffffffff:ffffffff
i915: parity bcs0 dump(intel_gt_wait_for_idle -ETIME): csb[2]=ffffffff:ffffffff
i915: parity bcs0 dump(intel_gt_wait_for_idle -ETIME): csb[3]=ffffffff:ffffffff
i915: parity bcs0 dump(intel_gt_wait_for_idle -ETIME): csb[4]=ffffffff:ffffffff
i915: parity bcs0 dump(intel_gt_wait_for_idle -ETIME): csb[5]=ffffffff:ffffffff
i915: parity bcs0 dump(intel_gt_wait_for_idle -ETIME): csb[6]=ffffffff:ffffffff
i915: parity bcs0 dump(intel_gt_wait_for_idle -ETIME): csb[7]=ffffffff:ffffffff
i915: parity bcs0 dump(intel_gt_wait_for_idle -ETIME): csb[8]=ffffffff:ffffffff
i915: parity bcs0 dump(intel_gt_wait_for_idle -ETIME): csb[9]=ffffffff:ffffffff
i915: parity bcs0 dump(intel_gt_wait_for_idle -ETIME): csb[10]=ffffffff:ffffffff
i915: parity bcs0 dump(intel_gt_wait_for_idle -ETIME): csb[11]=ffffffff:ffffffff
i915: parity bcs0 stop_cs: MODE_IDLE timeout, head=0000 tail=0000
i915: parity P1 gt_reset attempt=0 passes=2 rc=0
i915: parity bcs0 workaround lost on load! (reg[22050]=0x0, relevant bits were 0x0 vs expected 0x100) t: plain
i915: parity P3 intel_combo_phy_init: combo PHYs A/B (2 initialised)
i915: parity ktest (completion+workqueue): 407 checks, 0 failures
i915: runner-result: selftest=PASS selftest_scope=K0-K5 probe=NOT_RUN last_op=- blocked_at=- cleanup=0 published=0
i915: parity runner thread end
