A64 UEFI ENTRY
A64 CFG MISSING 0x0000000000000000
A64 CFG MATCH 0x0000000000000001
A64 CFG SELECTED 0x0000000000000001
A64 CFG UUID 06E4-6B01
A64 KERNEL vmunix
A64 PARAMS boot0=UUID=06E4-6B01 video=640x480 overlay-root=boot0:rootfs.img overlay-data=boot0:data.img swap0=boot0:swapfile
A64 KERN LINK 0x0000000000200000
A64 KERN SIZE 0x000000000068c000
Allocate kernel at linked address: 0x800000000000000e
A64 KERN LOAD 0x0000000001800000
A64 KERN RELOCATED away from the linked address
A64 UEFI ELF
A64 RSDP 0x000000007fb7e014
A64 GOP  0x0000000080000000
A64 LOW  0x00000000001f0000
A64 CR4  0x0000000000000668
A64 MAPSZ 0x0000000000001710
A64 DESCSZ 0x0000000000000030
A64 DESCVER 0x0000000000000001
A64 RANGES 0x000000000000002c
A64 MARK 1=EBS 2=MAP 3=CR3 4=KERN
A64 UEFI READY
A64 UEFI BOOT SERVICES EXITED
A64 UEFI EXIT

zedBSD amd64 HAL
A64 ENTRY PASS
A64 KERNEL link=200000-88c000 load=1800000-1e8c000 (relocated by the loader)
A64 KERNEL shadow 200000-a00000 reserved (linked slots behind the relocated image)
A64 MEMORY source=2 usable=4236615680 boot_reclaim=51712000 highest_usable=6442450944 allocator=1043218432
A64 RAM ARENA low=1110016 high=0 runs=2 root=29085696
A64 RAM PROBE boundary=1073741824 physical=1073741824 read=ok
A64 RAM PROBE boundary=4294967296 physical=4294967296 read=ok
A64 RAM MAP bytes=4288327680 tables=271 large=2036 small=4523
A64 RAM ALLOC extents=29 managed=4288327680 metadata=630784 free=4227899392 publication_limit=70368744177664
A64 PAGING PASS
A64 IDT READY
A64 ACPI RSDP PASS rev=2 rsdt=7FB7D074 xsdt=00000000:7FB7D0E8
A64 ACPI ROOT READY kind=XSDT length=84 entries=6
A64 ACPI MADT READY length=144 lapic=FEE00000
A64 ACPI MCFG READY regions=1
A64 ACPI READY cpus=4 ioapics=1 ecam=1 lapic=FEE00000
A64 APIC PREFLIGHT PASS id=0 base=00000000:FEE00900 madt=FEE00000 lock=0 result=active-xapic
A64 LAPIC READY id=0 base=FEE00000
A64 BOOT RECLAIM released=43794432 bytes ACPI/AP owners retained
A64 IOAPIC BEGIN index=0 address=FEC00000 gsi=0
A64 IOAPIC READY index=0 version=00170011 pins=24
A64 IOAPIC ROUTING READY controllers=1 destination=0
A64 TIMER CAL BEGIN
A64 TIMECOUNTER KVM clock-features 0x40000001 eax=0x1007efb clocksource=1 clocksource2=1 stable_bit=1 -> PIT-calibrated TSC (pvclock backend TODO)
A64 TIMECOUNTER CAS-SELFTEST 120-then-110=PASS 110-then-120=PASS
A64 TIMECOUNTER CANDIDATE policy=1 max=32 ratio=0/0 crystal=0 invariant=0 adjust=1
A64 TIMECOUNTER PIT READY hz=0:2496911932
A64 TIMER CAL READY ticks=626533
A64 TIMER READY
A64 CONSOLE IRQ READY
A64 IRQ READY
boot: kernel heap, process, and scheduler initialization
A64 TIMER TICK
A64 XMM CONTEXT PASS
A64 APIC PREFLIGHT PASS id=1 base=00000000:FEE00800 madt=FEE00000 lock=0 result=active-xapic
A64 TIMECOUNTER AP PASS cpu=1 reason=ok generation=0 rounds=8 width=0:453
A64 APIC PREFLIGHT PASS id=2 base=00000000:FEE00800 madt=FEE00000 lock=0 result=active-xapic
A64 TIMECOUNTER AP PASS cpu=2 reason=ok generation=0 rounds=8 width=0:445
A64 APIC PREFLIGHT PASS id=3 base=00000000:FEE00800 madt=FEE00000 lock=0 result=active-xapic
A64 TIMECOUNTER AP PASS cpu=3 reason=ok generation=0 rounds=8 width=0:451
A64 TIMECOUNTER READ cpu=0 status=pass reads=64
A64 TIMECOUNTER READ cpu=1 status=pass reads=64
A64 TIMECOUNTER READ cpu=2 status=pass reads=64
A64 TIMECOUNTER READ cpu=3 status=pass reads=64
A64 TIMECOUNTER READY cpus=4 source=pit hz=0:2496911932
I/O pool large=16 small=16 resident=1118208 budget=4194304
boot: HAL initialized successfully. [cpu 4, memory 4089MB, timer 10ms]
boot: CPUs ready: 4
boot: platform device discovery
usb: URB completion contract q009-release-acquire-v1
pci: ECAM segment 0000 bus 00 at 00000000:e0000000
i915: device 8086:46a8 rev 0c (experimental native driver, no display)
i915: parity runner: device registered, probe deferred to readiness
graphics: built-in VGA 8x16 font selected
boot: platform devices detected: 0
boot: waiting up to 5 seconds for boot storage
boot: boot-storage wait expired
boot: parameters: boot0=UUID=06E4-6B01 video=640x480 overlay-root=boot0:rootfs.img overlay-data=boot0:data.img swap0=boot0:swapfile
boot: ignored 1 unknown parameter; first=video
i915: parity runner started (thread handle ri9e1c5o:r dpeadr)i
ty runner thread begin (execution base ready)
boot: VFS initialization
i915: parity attach begin (stop_after=P3)
vfs: boot BIOS=80 GPT partition=unknown devices=0
i915: parity PM probe get_sync: cfgi_nvpeuntd:o r/=d0exv8/0i8n6p uuts/aegvee=n1t 0a:c tPiCv/eA=T1  PrSe/s2u mmeo_ursce=
0
input: /dev/input/event1: PC/AT PS/2 keybio9a1r5d:
 parity P0 pci_enable_device ok (command=0x0007)
vfs: native boot disk=none physical disks=0
i915: parity P1 uncore BAR mappvefds :( 8b3o8o8t600 8s eblyetcetso)r
 resolution failed (error 6)
VFS initialization failed (6); entering idle.
VFS iin9i1t5i:a lpiazraittiyo nP 1f adielveidc e(_6i)n;f oe:n tselriicneg_ fiudslee=.0
x00000001(1) dss_fuse=0x0000001f(5 DSS)
i915: parity P1 gt_init_mmio: clock=19200000Hz period=52ns sseu(slice=0x1 dss=0x1f eu/ss=16 total=80) l3bank=0x7 engine_mask=0x10503 engines=5 fault=0x0
i915: parity P1 engine[0] rcs0: class=0 inst=0 base=0x02000 reset_domain=0x2 ctx_size=57344 caps=0x0
i915: parity P1 engine[1] bcs0: class=3 inst=0 base=0x22000 reset_domain=0x4 ctx_size=8192 caps=0x0
i915: parity P1 engine[2] vcs0: class=1 inst=0 base=0x1c0000 reset_domain=0x8 ctx_size=8192 caps=0x3
i915: parity P1 engine[3] vcs2: class=1 inst=2 base=0x1d0000 reset_domain=0x20 ctx_size=8192 caps=0x1
i915: parity P1 engine[4] vecs0: class=2 inst=0 base=0x1c8000 reset_domain=0x80 ctx_size=8192 caps=0x2
i915: parity P1 gt_reset attempt=0 passes=2 rc=0
i915: parity P1 sanitize_gpu __intel_gt_reset(ALL_ENGINES) ok
i915: parity P2 dma_request: streaming_mask=0x7fffffffff coherent_mask=0x7fffffffff max_seg=0xffffffff
i915: parity P2 dma_backend: bus_bits=32 i915_bits=39 i915_max_seg=0xffffffff coherent=1
i915: parity P2 ggtt_probe: ggms=3 entries=1048576 (4096 MiB GPU VA window)
i915: parity P2 scratch: cpu=0xffff80010016a000 dma=0x10016a000 len=0x1000 ggtt_pte=0x10016a001
i915: parity env: phys_bits=39 cpu_limit=0x7fffffffff bar2_raw=0x0000000c bar3_raw=0x00000070
i915: parity P2 ggtt_init_hw: gmadr=0x7000000000 mappable_end=0x10000000
i915: parity P2 ggtt_init_hw: WC aperture mapped base=0x7000000000 requested_size=0x10000000 mapped_size=0x10000000 va=0xffffffffe1000000 attr=RW|WC
i915: parity P2 ggtt_init_hw: 32 fence registers initialized
i915: parity P2 pci_set_master ok (command=0x0007)
i915: parity P2 pci_enable_msi ok (vector programmed, msi_enabled=1, handler unattached)
i915: parity P2 pci_enable_msi kept for P4 (resource retained)
i915: parity P2 opregion: ASLS=0x00000000
i915: parity P2 dram: raw=0x00003420 type=0 channels=2 qgv_points=4 psf_gv_points=3 wm_lv0_adjust=0
i915: parity P2 bw: QGV 0 DCLK=2134 tRP=15 tRDPRE=8 tRAS=35 tRCD=15 tRC=50
i915: parity P2 bw: QGV 1 DCLK=2934 tRP=21 tRDPRE=12 tRAS=47 tRCD=21 tRC=68
i915: parity P2 bw: QGV 2 DCLK=3201 tRP=22 tRDPRE=12 tRAS=52 tRCD=22 tRC=74
i915: parity P2 bw: QGV 3 DCLK=2668 tRP=19 tRDPRE=10 tRAS=43 tRCD=19 tRC=62
i915: parity P2 bw: PSF GV 0 CLK=32
i915: parity P2 bw: PSF GV 1 CLK=48
i915: parity P2 bw: PSF GV 2 CLK=48
i915: parity P2 bw: BW0/QGV0 num_planes=0 deratedbw=9299 peakbw=34144
i915: parity P2 bw: BW0/QGV1 num_planes=0 deratedbw=10925 peakbw=46944
i915: parity P2 bw: BW0/QGV2 num_planes=0 deratedbw=11707 peakbw=51216
i915: parity P2 bw: BW0/QGV3 num_planes=0 deratedbw=10508 peakbw=42688
i915: parity P2 bw: BW0/PSF0 num_planes=0 bw=34133
i915: parity P2 bw: BW0/PSF1 num_planes=0 bw=51200
i915: parity P2 bw: BW0/PSF2 num_planes=0 bw=51200
i915: parity P2 bw: BW1/QGV0 num_planes=2 deratedbw=11064 peakbw=34144
i915: parity P2 bw: BW1/QGV1 num_planes=2 deratedbw=13813 peakbw=46944
i915: parity P2 bw: BW1/QGV2 num_planes=2 deratedbw=14899 peakbw=51216
i915: parity P2 bw: BW1/QGV3 num_planes=2 deratedbw=13010 peakbw=42688
i915: parity P2 bw: BW1/PSF0 num_planes=2 bw=34133
i915: parity P2 bw: BW1/PSF1 num_planes=2 bw=51200
i915: parity P2 bw: BW1/PSF2 num_planes=2 bw=51200
i915: parity P2 bw: BW2/QGV0 num_planes=0 deratedbw=12225 peakbw=34144
i915: parity P2 bw: BW2/QGV1 num_planes=0 deratedbw=15917 peakbw=46944
i915: parity P2 bw: BW2/QGV2 num_planes=0 deratedbw=17252 peakbw=51216
i915: parity P2 bw: BW2/QGV3 num_planes=0 deratedbw=14768 peakbw=42688
i915: parity P2 bw: BW2/PSF0 num_planes=0 bw=34133
i915: parity P2 bw: BW2/PSF1 num_planes=0 bw=51200
i915: parity P2 bw: BW2/PSF2 num_planes=0 bw=51200
i915: parity P2 bw: BW3/QGV0 num_planes=0 deratedbw=12902 peakbw=34144
i915: parity P2 bw: BW3/QGV1 num_planes=0 deratedbw=17230 peakbw=46944
i915: parity P2 bw: BW3/QGV2 num_planes=0 deratedbw=18731 peakbw=51216
i915: parity P2 bw: BW3/QGV3 num_planes=0 deratedbw=15838 peakbw=42688
i915: parity P2 bw: BW3/PSF0 num_planes=0 bw=34133
i915: parity P2 bw: BW3/PSF1 num_planes=0 bw=51200
i915: parity P2 bw: BW3/PSF2 num_planes=0 bw=51200
i915: parity P2 bw: BW4/QGV0 num_planes=0 deratedbw=13269 peakbw=34144
i915: parity P2 bw: BW4/QGV1 num_planes=0 deratedbw=17970 peakbw=46944
i915: parity P2 bw: BW4/QGV2 num_planes=0 deratedbw=19569 peakbw=51216
i915: parity P2 bw: BW4/QGV3 num_planes=0 deratedbw=16433 peakbw=42688
i915: parity P2 bw: BW4/PSF0 num_planes=0 bw=34133
i915: parity P2 bw: BW4/PSF1 num_planes=0 bw=51200
i915: parity P2 bw: BW4/PSF2 num_planes=0 bw=51200
i915: parity P2 bw: BW5/QGV0 num_planes=0 deratedbw=13460 peakbw=34144
i915: parity P2 bw: BW5/QGV1 num_planes=0 deratedbw=18365 peakbw=46944
i915: parity P2 bw: BW5/QGV2 num_planes=0 deratedbw=20017 peakbw=51216
i915: parity P2 bw: BW5/QGV3 num_planes=0 deratedbw=16748 peakbw=42688
i915: parity P2 bw: BW5/PSF0 num_planes=0 bw=34133
i915: parity P2 bw: BW5/PSF1 num_planes=0 bw=51200
i915: parity P2 bw: BW5/PSF2 num_planes=0 bw=51200
i915: parity P2 bw: sagv_status=2 num_qgv_points=4 num_psf_points=3
i915: parity P2 hw_probe tail: dram_detect rc=0 bw_init rc=0 sagv=2
i915: parity P3 display_driver_probe_noirq enter (device state carried from P2, msi_kept=1)
i915: parity P3 drm_vblank_init: vblank_slots=4 (per-pipe worker+timer+seqlock)
i915: parity P3 intel_bios_init: source=3 vbt_found=1 version=249 bdb_blocks=12 child_devices=4 missing_defaults=0 parser_errors=0 arena_peak=5184
i915: parity P3 VBT explicit blob: name=zedbsd/vbt/dell-latitude-5330-1028-0b02.vbt requested=1 found=1 size=8704 sha256=3bff4a0920d55c9a.. hash_ok=1 valid=1 subsys=1028:0b02 subsys_ok=1 used=1 (explicit supply; OpRegion present=0 is unchanged)
i915: parity P3 VBT child[0]: port=A dvo_port=10 type=0x1806 aux_ch=0 ddc_pin=9 dp=1 edp=1 hdmi=0 typec=0 tbt=0 max_lanes=4 max_rate=0 hpd_invert=0 lane_reversal=0
i915: parity P3 VBT child[1]: port=B dvo_port=7 type=0x60d2 aux_ch=1 ddc_pin=2 dp=0 edp=0 hdmi=1 typec=0 tbt=0 max_lanes=4 max_rate=0 hpd_invert=0 lane_reversal=0
i915: parity P3 VBT child[2]: port=D dvo_port=13 type=0x68c6 aux_ch=3 ddc_pin=9 dp=1 edp=0 hdmi=0 typec=1 tbt=1 max_lanes=4 max_rate=810000 hpd_invert=0 lane_reversal=0
i915: parity P3 VBT child[3]: port=E dvo_port=15 type=0x68c6 aux_ch=4 ddc_pin=10 dp=1 edp=0 hdmi=0 typec=1 tbt=1 max_lanes=4 max_rate=810000 hpd_invert=0 lane_reversal=0
i915: parity P3 intel_bios_init done: source=3 vbt_found=1 version=249 child_devices=4
i915: parity P3 intel_vga_register: client=registered gmch_bridge=found ret=0
i915: parity P3 intel_power_domains_init: wells=30 allowed_dc=0x4000000a target_dc=0x2 disable_pw=1 (xelpd map)
i915: parity P3 intel_combo_phy_init: combo PHYs A/B (0 initialised)
i915: parity cdclk: sanitizing cdclk programmed by pre-os
i915: parity P3 intel_combo_phy_init: combo PHYs A/B (0 initialised)
i915: parity P3 intel_power_domains_init_hw(false) done: cdclk=179200 vco=537600 dbuf=0x1 init_ref=1 sync_hw=1
i915: dmc worker: proceeding to load
i915: parity P3 intel_dmc_init: revid=0xc step=D0 DMC load queued (path=i915/adlp_dmc.bin, work_submitted=1)
i915: parity P3 modeset/flip workqueues: modeset=1 flip=1
i915: parity Forcing SAGV disable: mask 0x10b
i915: parity P3 intel_bw_init: obj=3 sagv_forced=1 qgv=0x4 psf=0x6 mask=0x10b pcode=0 sagv_status=1
i915: parity PCIID cached: ven=0x8086 dev=0x46a8 rev=0x0c subsys=1028:0b02 | live: ven=0x8086 dev=0x46a8 rev=0x0c subsys=1028:0b02
i915: parity P3 intel_init_quirks: dev=0x46a8 subsys=1028:0b02 quirk_mask=0x0 hooks=0 dmi_available=0
i915: parity Sanitized enable_fbc value: 1
i915: parity P3 intel_fbc_init: fbc_mask=0x1 enable_fbc=1 created=1 funcs=6
i915: parity P3 probe_noirq COMPLETE: global objs=4 (order: cdclk,dbuf,bw,pmdemand) mode_config max=16384x16384 cursor=256x256 async_flip=1
i915: parity Assuming PCH ID 7a80
i915: parity Found Alder Lake PCH
i915: parity P4 intel_detect_pch: type=8 id=0x7a80 source=2 bridges=1 bridge_dev=0x2918 subsys=1af4:1100
i915: parity P4 intel_irq_install: rc=0 msi_irq=16 attached=1 gt_irqs=0x909 dmask=0x9090909 smask=0x9090000 reset_writes=62 post_writes=28
i915: parity P4 de masks: pipe_masked=0x10100f80 pipe_enables=0x90700f89 port_masked=0x3f07 misc_masked=0x80000 de_irq_mask[A]=0xefeff07f master_enabled=1
i915: parity P4 irq observed: count=0 handled=0 none=0 gt=0 display=0 last_master_ctl=0x0 gu_misc_iir=0x0
i915: parity P4 gt irq: banks=0/0 identity=0 invalid=0 engine=0 other=0 unknown=0 user=0 ctxsw=0 err=0 sema=0
i915: parity P5-0 survey pipe A: power(pipe=1 trans=1) TRANSCONF=0x00000000 TRANS_DDI_FUNC_CTL=0x00030000 PLANE_CTL(1)=0x00000008
i915: parity P5-0 survey pipe B: power(pipe=1 trans=1) TRANSCONF=0x00000000 TRANS_DDI_FUNC_CTL=0x00030000 PLANE_CTL(1)=0x00000008
i915: parity P5-0 survey pipe C: power(pipe=1 trans=1) TRANSCONF=0x00000000 TRANS_DDI_FUNC_CTL=0x00030000 PLANE_CTL(1)=0x00000008
i915: parity P5-0 survey pipe D: power(pipe=1 trans=1) TRANSCONF=0x00000000 TRANS_DDI_FUNC_CTL=0x00030000 PLANE_CTL(1)=0x00000008
i915: parity P5-0 survey DDI A: DDI_BUF_CTL=0x00000080
i915: parity P5-0 survey DDI B: DDI_BUF_CTL=0x00000080
i915: parity P5-0 survey DDI TC1: DDI_BUF_CTL=0x00000080
i915: parity P5-0 survey DDI TC2: DDI_BUF_CTL=0x00000080
i915: parity P5-0 survey DDI TC3: DDI_BUF_CTL=0x00000080
i915: parity P5-0 survey DDI TC4: DDI_BUF_CTL=0x00000080
i915: parity P5-0 survey PLL DPLL0: ENABLE=0x00000000
i915: parity P5-0 survey PLL DPLL1: ENABLE=0x00000000
i915: parity P5-0 survey PLL TBT: ENABLE=0x00000000
i915: parity P5-0 survey PLL TC1: ENABLE=0x00000000
i915: parity P5-0 survey PLL TC2: ENABLE=0x00000000
i915: parity P5-0 survey PLL TC3: ENABLE=0x00000000
i915: parity P5-0 survey PLL TC4: ENABLE=0x00000000
i915: parity P5-0 survey wells: total=30 on=8 on_unused=0
i915: parity SAGV supported: yes, original SAGV block time: 35 us
i915: parity P5 4 display pipes available.
i915: parity P5 Current CDCLK: cdclk=179200 vco=537600 ref=38400 voltage=0
i915: parity P5a wm: levels=6 latency=3/54/83/102/147/147/144/144 valid=1 sagv_status=1 block_time=35us
i915: parity P5a objects: crtcs=4 planes/crtc=6 scalers=2 dplls=7(mgr=1) gmbus_pins=9 pps_base=0x61200 gmbus_base=0xc0000
i915: parity P5a hw: max_cdclk=652800 nssc_ref=38400 adlp_wa=1 hti_read=0 vga_already_off=1 vga_disabled=0 writes=2 (gmbus_adapters/hdcp_component unimplemented: 1/1)
i915: parity edp init_connector (in setup_outputs): vbt_source=3 port=A aux_ch=0 panel_early=1 type=2 pps(100us) t1_t3=2000 t8=800 t9=2000 t10=1100 t11_t12=5000 controller=0 well_refs=7
i915: parity edp pps before: PP_STATUS=0x00000000 PP_CONTROL=0x00000000 PP_ON_DELAYS=0x00000000 PP_OFF_DELAYS=0x00000000
i915: parity edp pps after intel_pps_init: PP_STATUS=0x00000000 PP_CONTROL=0x00000060 PP_ON_DELAYS=0x07d00001 PP_OFF_DELAYS=0x044c0001
i915: parity edp pps: idx=0 valid=1 delays(ms) up=200 down=110 cycle=600 bl_on=80 bl_off=200
i915: parity edp acquire: rc=0 stage=4 failed_stage=0 dpcd_ok=1 edp_dpcd_ok=1 link_cfg_ok=1 edid_ok=1 edid_blocks=1 ext=0 i2c_defers=0 i2c_nacks=0 log_errors=0 wait_timeouts=0 time_faults=0 elapsed_ms=390 | sleeps: tick=1 (200208 us) short=0 (0 us)
i915: parity edp DPCD 000: 11 0a 02 41 00 00 01 00 02 00 00 00 00 0b 00 | eDP 700: 01 18 00 (ok=1) | 100: 0a 02 (ok=1)
i915: parity edp EDID +000: 00 ff ff ff ff ff ff 00 06 af 99 2b 00 00 00 00
i915: parity edp EDID +010: 00 1f 01 04 95 1d 11 78 02 93 05 92 58 59 90 29
i915: parity edp EDID +020: 1d 50 54 00 00 00 01 01 01 01 01 01 01 01 01 01
i915: parity edp EDID +030: 01 01 01 01 01 01 00 37 80 a0 70 38 30 40 10 10
i915: parity edp EDID +040: 3e 00 25 a5 10 00 00 1a 00 2c 80 a0 70 38 30 40
i915: parity edp EDID +050: 10 10 3e 00 25 a5 10 00 00 1a 00 00 00 fe 00 35
i915: parity edp EDID +060: 47 54 4b 30 80 42 31 33 33 48 41 4e 00 00 00 00
i915: parity edp EDID +070: 00 01 41 23 99 00 10 00 00 0a 01 0a 20 20 00 74
i915: parity edp EDID sha256=503058223c08a628.. mfg=06af product=2b99
i915: parity edp pps after intel_pps_init_late: PP_STATUS=0x00000000 PP_CONTROL=0x00000068 PP_ON_DELAYS=0x07d00001 PP_OFF_DELAYS=0x044c0001
i915: parity edp late: rc=0 panel_late=1 type=2 delays(ms) up=200 down=110 cycle=600 | KEPT: vdd_hw=1 vdd_wakeref=1 off_reserved=1 (in 3000 ms) refs core=0 aux=1 well_refs=10
i915: parity LCD-A rc=0 mode 1920x1080 clock=140800 kHz h 1920/1936/1952/2080 v 1080/1083/1097/1128 sync +- bpc=6 | link 270000 kHz x2 (sink max 270000 x2, use_max_params=1) bpp=18 need=316800 have=540000 kBps | TU=64 data M/N 0x4b17e4/0x800000 link M/N 273406/524288 | DPLL ref=38400 kHz CFGCR0=0x00e001a5 CFGCR1=0x00000088 DIV0=0x0 | notes=0
i915: parity LCD-A cpu-transcoder[12] rmw   0x420c0 = 0x80000000 clear=0x00000000 (computed; NOT written)
i915: parity LCD-A cpu-transcoder[13] write 0x60420 = 0x00000000 clear=0x00000000 (computed; NOT written)
i915: parity LCD-A cpu-transcoder[14] write 0x6002c = 0x00000000 clear=0x00000000 (computed; NOT written)
i915: parity LCD-A cpu-transcoder[15] rmw   0x420c0 = 0x00000000 clear=0x18000000 (computed; NOT written)
i915: parity LCD-A cpu-transcoder[16] write 0x70008 = 0x00000000 clear=0x00000000 (computed; NOT written)
i915: parity LCD-A ddi[0] write 0x60410 = 0x00000001 (computed; NOT written)
i915: parity LCD-A ddi[1] write 0x60404 = 0x00000000 (computed; NOT written)
i915: parity LCD-A ddi[2] write 0x60400 = 0x8a210002 (computed; NOT written)
i915: parity LCD-A ddi: DDI_BUF_CTL value=0x00000002 (enable bit comes with link training) | DDI_BUF_CTL_A readout now=0x00000080
i915: parity LCD-A word[ 0] 0x60030 = 0x7e4b17e4 (computed; NOT written)
i915: parity LCD-A word[ 1] 0x60034 = 0x00800000 (computed; NOT written)
i915: parity LCD-A word[ 2] 0x60040 = 0x00042bfe (computed; NOT written)
i915: parity LCD-A word[ 3] 0x60044 = 0x00080000 (computed; NOT written)
i915: parity LCD-A word[ 4] 0x6007c = 0x00000000 (computed; NOT written)
i915: parity LCD-A word[ 5] 0x60028 = 0x00000000 (computed; NOT written)
i915: parity LCD-A word[ 6] 0x60000 = 0x081f077f (computed; NOT written)
i915: parity LCD-A word[ 7] 0x60004 = 0x081f077f (computed; NOT written)
i915: parity LCD-A word[ 8] 0x60008 = 0x079f078f (computed; NOT written)
i915: parity LCD-A word[ 9] 0x6000c = 0x04670437 (computed; NOT written)
i915: parity LCD-A word[10] 0x60010 = 0x04670000 (computed; NOT written)
i915: parity LCD-A word[11] 0x60014 = 0x0448043a (computed; NOT written)
i915: parity LCD-A word[12] 0x6001c = 0x077f0437 (computed; NOT written)
i915: parity P5b setup_outputs: vbt_children=4 ddi_init=4 encoders=4 skipped=0 crt_present=0
i915: parity P5b encoder[0]: port=A phy=0 tc=0 clk=1 pd=17 dvo=0x0a dev_type=0x1806 dp=1 hdmi=0
i915: parity P5b encoder[1]: port=B phy=1 tc=0 clk=1 pd=18 dvo=0x07 dev_type=0x60d2 dp=0 hdmi=1
i915: parity P5b encoder[2]: port=D phy=5 tc=1 clk=2 pd=23 dvo=0x0d dev_type=0x68c6 dp=1 hdmi=0
i915: parity P5b encoder[3]: port=E phy=6 tc=1 clk=2 pd=24 dvo=0x0f dev_type=0x68c6 dp=1 hdmi=0
i915: parity P5c [CRTC:A] hw state readout: disabled
i915: parity P5c [CRTC:B] hw state readout: disabled
i915: parity P5c [CRTC:C] hw state readout: disabled
i915: parity P5c [CRTC:D] hw state readout: disabled
i915: parity P5c [ENCODER port A] hw state readout: disabled pipe_mask=0x0 mst=0
i915: parity P5c [ENCODER port B] hw state readout: disabled pipe_mask=0x0 mst=0
i915: parity P5c [ENCODER port D] hw state readout: disabled pipe_mask=0x0 mst=0
i915: parity P5c [ENCODER port E] hw state readout: disabled pipe_mask=0x0 mst=0
i915: parity P5c DPLL 0 hw state readout: pipe_mask 0x0, on 0
i915: parity P5c DPLL 1 hw state readout: pipe_mask 0x0, on 0
i915: parity P5c TBT PLL hw state readout: pipe_mask 0x0, on 0
i915: parity P5c TC PLL 1 hw state readout: pipe_mask 0x0, on 0
i915: parity P5c TC PLL 2 hw state readout: pipe_mask 0x0, on 0
i915: parity P5c TC PLL 3 hw state readout: pipe_mask 0x0, on 0
i915: parity P5c TC PLL 4 hw state readout: pipe_mask 0x0, on 0
i915: parity P5c readout: crtcs=4 active_pipes=0x0 planes_visible=0 encoders_linked=0 dplls_on=0 (detail readout unimplemented: 1)
i915: parity P5d sanitize: vblank_resets=4 dmc_pipes=0 vblank_on=0 fbc_deact=0 enc_clk_gated=0 dplls_disabled=0 wells_disabled=0 cmtg_wa=0 early_was=0 wm_read=1 (crtc_disable_noatomic needed: 0)
i915: parity P6a tables: gt_wa=5 mocs(uc_index=3 entries=64) rps(rp0=72 rp1=18 min=6 eff=18 pcode=1) rc6_supported=1
i915: parity WA-MANIFEST GT 'gt_wa': 5 entries
i915: parity WA GT reg=0x00fdc clr=0x7f000000 set=0x00000000 rmask=0x7f000000 kind=0 mcr=0 MCR steering (icl_wa_init_mcr)
i915: parity WA GT reg=0x1c3f10 clr=0x00400000 set=0x00400000 rmask=0x00400000 kind=0 mcr=0 Wa_14011060649
i915: parity WA GT reg=0x1d3f10 clr=0x00400000 set=0x00400000 rmask=0x00400000 kind=0 mcr=0 Wa_14011060649
i915: parity WA GT reg=0x09550 clr=0x00000200 set=0x00000200 rmask=0x00000200 kind=0 mcr=1 Wa_14011059788
i915: parity WA GT reg=0x09424 clr=0x00000002 set=0x00000000 rmask=0x00000000 kind=2 mcr=0 Wa_14015795083
i915: parity P6a rcs0: engine_wa=8 ctx_wa=5 whitelist=4
i915: parity WA-MANIFEST ENGINE 'rcs0': 8 entries
i915: parity WA ENGINE reg=0x020c4 clr=0x00000000 set=0x3fff0306 rmask=0x00003fff kind=1 mcr=0 fake: RING_CMD_CCTL MOCS
i915: parity WA ENGINE reg=0x020ec clr=0x00000000 set=0x00020002 rmask=0x00000002 kind=1 mcr=0 Wa_1606700617
i915: parity WA ENGINE reg=0x0e4f4 clr=0x00000000 set=0x41004100 rmask=0x00004100 kind=1 mcr=1 Wa_1606931601
i915: parity WA ENGINE reg=0x020a0 clr=0x00080000 set=0x00080000 rmask=0x00080000 kind=0 mcr=0 Wa_14010919138
i915: parity WA ENGINE reg=0x0e18c clr=0x00000000 set=0x80008000 rmask=0x00008000 kind=1 mcr=1 Wa_1406941453
i915: parity WA ENGINE reg=0x0e48c clr=0x00000000 set=0x02000200 rmask=0x00000200 kind=1 mcr=1 Wa_14010229206
i915: parity WA ENGINE reg=0x02050 clr=0x00000000 set=0x10801080 rmask=0x00001080 kind=1 mcr=0 Wa_1607297627
i915: parity WA ENGINE reg=0x020e0 clr=0x00000000 set=0x40004000 rmask=0x00004000 kind=1 mcr=0 perctx preempt ctrl
i915: parity WA-MANIFEST CTX 'ctx_wa': 5 entries
i915: parity WA CTX reg=0x07304 clr=0x00000000 set=0x02000200 rmask=0x00000200 kind=1 mcr=0 Wa_1409142259
i915: parity WA CTX reg=0x02580 clr=0x00000000 set=0x00060002 rmask=0x00000006 kind=1 mcr=0 WaDisableGPGPUMidThreadPreemption
i915: parity WA CTX reg=0x06604 clr=0xffffffff set=0xe0040000 rmask=0x00000000 kind=2 mcr=0 Wa_16011163337 (FF_MODE2)
i915: parity WA CTX reg=0x07018 clr=0x00000000 set=0x20002000 rmask=0x00002000 kind=1 mcr=0 Wa_1806527549
i915: parity WA CTX reg=0x07300 clr=0x00000000 set=0x00400040 rmask=0x00000040 kind=1 mcr=0 Wa_1606376872
i915: parity WA-MANIFEST WHITELIST 'whitelist': 4 entries
i915: parity WA WHITELIST reg=0x10002349 clr=0x00000000 set=0x00000000 rmask=0x00000000 kind=0 mcr=0 Wa_1408556865 (PS_INVOCATION_COUNT x4)
i915: parity WA WHITELIST reg=0x07010 clr=0x00000000 set=0x00000000 rmask=0x00000000 kind=0 mcr=0 Wa_1508744258
i915: parity WA WHITELIST reg=0x07018 clr=0x00000000 set=0x00000000 rmask=0x00000000 kind=0 mcr=0 Wa_1806527549 (whitelist)
i915: parity WA WHITELIST reg=0x07304 clr=0x00000000 set=0x00000000 rmask=0x00000000 kind=0 mcr=0 tuning
i915: parity P6a bcs0: engine_wa=1 ctx_wa=1 whitelist=1
i915: parity P6a vcs0: engine_wa=1 ctx_wa=0 whitelist=1
i915: parity P6a vcs2: engine_wa=1 ctx_wa=0 whitelist=1
i915: parity P6a vecs0: engine_wa=1 ctx_wa=0 whitelist=1
i915: parity P6c mem: ggtt window first=1048320 pages=256 (of 1048576) scratch ggtt=0xfff00000 ppgtt top_pd dma=0x10021d000 objects=6
i915: parity P6c rcs0: hwsp=0xfff01000 kctx state=0xfff02000 (16 pages, wa_bb_page=14) ring=0xfff12000 lrca=0xfff02119 ccid=0x00000000 bb=32 dw
i915: parity P6c bcs0: hwsp=0xfff13000 kctx state=0xfff14000 (4 pages, wa_bb_page=2) ring=0xfff18000 lrca=0xfff14119 ccid=0x60000000 bb=32 dw
i915: parity P6c vcs0: hwsp=0xfff19000 kctx state=0xfff1a000 (4 pages, wa_bb_page=2) ring=0xfff1e000 lrca=0xfff1a119 ccid=0x20000000 bb=32 dw
i915: parity P6c vcs2: hwsp=0xfff1f000 kctx state=0xfff20000 (4 pages, wa_bb_page=2) ring=0xfff24000 lrca=0xfff20119 ccid=0x20020000 bb=32 dw
i915: parity P6c vecs0: hwsp=0xfff25000 kctx state=0xfff26000 (4 pages, wa_bb_page=2) ring=0xfff2a000 lrca=0xfff26119 ccid=0x40000000 bb=32 dw
i915: parity P1 gt_reset attempt=0 passes=2 rc=0
i915: parity P6c resume: rc=0 reset_engines=0 stop_cs_timeouts=0 engines_resumed=5 l3cc(rcs, mocs_init_engine)=32
i915: parity P6b hw: pat=1 gt_wa(w=1 skip=4 ok=4 mismatch=0 noverify=1) mocs(global=64 l3cc=32) whitelist_writes=60 engines=5
i915: parity P6b rcs0 wa: w=8 skip=0 ok=8 mismatch=0 noverify=0
i915: parity P6b bcs0 wa: w=1 skip=0 ok=1 mismatch=0 noverify=0
i915: parity P6b vcs0 wa: w=1 skip=0 ok=1 mismatch=0 noverify=0
i915: parity P6b vcs2 wa: w=1 skip=0 ok=1 mismatch=0 noverify=0
i915: parity P6b vecs0 wa: w=1 skip=0 ok=1 mismatch=0 noverify=0
i915: parity P6b pm: rps_enabled=1 rc6_enabled=1 rc6_ctl=0x40000 pg_enable=0x19f (rc6 skipped by switch: 0)
i915: parity P6c rcs0 resume: stop_cs=0 mi_fw_pending=0x0 esr=0x0 | readback HWS_PGA=0xfff01000 (want 0xfff01000) MODE_GEN7=0x00000008 MI_MODE=0x00000200 HEAD=0x00000000 TAIL=0x00000000
i915: parity P6c bcs0 resume: stop_cs=0 mi_fw_pending=0x0 esr=0x0 | readback HWS_PGA=0xfff13000 (want 0xfff13000) MODE_GEN7=0x00000008 MI_MODE=0x00000200 HEAD=0x00000000 TAIL=0x00000000
i915: parity P6c vcs0 resume: stop_cs=0 mi_fw_pending=0x0 esr=0x0 | readback HWS_PGA=0xfff19000 (want 0xfff19000) MODE_GEN7=0x00000008 MI_MODE=0x00000200 HEAD=0x00000000 TAIL=0x00000000
i915: parity P6c vcs2 resume: stop_cs=0 mi_fw_pending=0x0 esr=0x0 | readback HWS_PGA=0xfff1f000 (want 0xfff1f000) MODE_GEN7=0x00000008 MI_MODE=0x00000200 HEAD=0x00000000 TAIL=0x00000000
i915: parity P6c vecs0 resume: stop_cs=0 mi_fw_pending=0x0 esr=0x0 | readback HWS_PGA=0xfff25000 (want 0xfff25000) MODE_GEN7=0x00000008 MI_MODE=0x00000200 HEAD=0x00000000 TAIL=0x00000000
i915: parity P6c record_defaults: rc=0 where=- polls=9 timed_out=0 wedged=0 | gt irq during: user=9 ctx_switch=10 engine=12 error=0
i915: parity P6c rcs0 defaults: state=3 rq_seqno=2 krq_seqno=1 hwsp_seqno=1 | el submits=2 promotes=2 completes=2 errors=0 late=0 mmio=0 serial=3 wakeref_serial=3
i915: parity P6c rcs0 default_state: 65536 bytes | reg[1]=11081019 CTX_CTRL=ffff0008 RING_HEAD=00000188 RING_TAIL=00000188 RING_START=fff3b000 RING_CTL=00000001 TIMESTAMP=0000122f RPCS=80041000
i915: parity P6c bcs0 defaults: state=3 rq_seqno=2 krq_seqno=1 hwsp_seqno=1 | el submits=2 promotes=2 completes=2 errors=0 late=0 mmio=0 serial=3 wakeref_serial=3
i915: parity P6c bcs0 default_state: 16384 bytes | reg[1]=11081019 CTX_CTRL=ffff0008 RING_HEAD=000000f8 RING_TAIL=000000f8 RING_START=fff41000 RING_CTL=00000001 TIMESTAMP=000003d7 RPCS=ffff0000
i915: parity P6c vcs0 defaults: state=3 rq_seqno=2 krq_seqno=1 hwsp_seqno=1 | el submits=2 promotes=2 completes=2 errors=0 late=0 mmio=0 serial=3 wakeref_serial=3
i915: parity P6c vcs0 default_state: 16384 bytes | reg[1]=11081019 CTX_CTRL=ffff0008 RING_HEAD=00000078 RING_TAIL=00000078 RING_START=fff47000 RING_CTL=00000001 TIMESTAMP=00000375 RPCS=00000000
i915: parity P6c vcs2 defaults: state=3 rq_seqno=2 krq_seqno=1 hwsp_seqno=1 | el submits=2 promotes=2 completes=2 errors=0 late=0 mmio=0 serial=3 wakeref_serial=3
i915: parity P6c vcs2 default_state: 16384 bytes | reg[1]=11081019 CTX_CTRL=ffff0008 RING_HEAD=00000078 RING_TAIL=00000078 RING_START=fff4d000 RING_CTL=00000001 TIMESTAMP=000001c5 RPCS=00000000
i915: parity P6c vecs0 defaults: state=3 rq_seqno=2 krq_seqno=1 hwsp_seqno=1 | el submits=2 promotes=2 completes=2 errors=0 late=0 mmio=0 serial=3 wakeref_serial=3
i915: parity P6c vecs0 default_state: 16384 bytes | reg[1]=11081019 CTX_CTRL=ffff0008 RING_HEAD=00000078 RING_TAIL=00000078 RING_START=fff53000 RING_CTL=00000001 TIMESTAMP=000001c2 RPCS=00000000
i915: parity P6c verify_workarounds: rc=0 where=- polls=23 timed_out=0 | gt irq during: user=9 ctx_switch=11 engine=12 error=0
i915: parity P6c rcs0 verify_wa: state=4 list=8 emitted=5 mcr_skipped=3 verified=5 mismatched=0 not_verifiable=0 err=0 rq_seqno=2 krq_seqno=3 hwsp_seqno=3 | el submits=4 promotes=4 completes=4 errors=0 serial=5 wakeref_serial=5 ring_emit=608
i915: parity P6c bcs0 verify_wa: state=4 list=1 emitted=1 mcr_skipped=0 verified=1 mismatched=0 not_verifiable=0 err=0 rq_seqno=2 krq_seqno=3 hwsp_seqno=3 | el submits=4 promotes=4 completes=4 errors=0 serial=5 wakeref_serial=5 ring_emit=400
i915: parity P6c vcs0 verify_wa: state=4 list=1 emitted=1 mcr_skipped=0 verified=1 mismatched=0 not_verifiable=0 err=0 rq_seqno=2 krq_seqno=3 hwsp_seqno=3 | el submits=4 promotes=4 completes=4 errors=0 serial=5 wakeref_serial=5 ring_emit=400
i915: parity P6c vcs2 verify_wa: state=4 list=1 emitted=1 mcr_skipped=0 verified=1 mismatched=0 not_verifiable=0 err=0 rq_seqno=2 krq_seqno=3 hwsp_seqno=3 | el submits=4 promotes=4 completes=4 errors=0 serial=5 wakeref_serial=5 ring_emit=400
i915: parity P6c vecs0 verify_wa: state=4 list=1 emitted=1 mcr_skipped=0 verified=1 mismatched=0 not_verifiable=0 err=0 rq_seqno=2 krq_seqno=3 hwsp_seqno=3 | el submits=4 promotes=4 completes=4 errors=0 serial=5 wakeref_serial=5 ring_emit=400
i915: parity P6c migrate_init: rc=0 where=- engine=bcs0 tables=11 windows=16777216 pte_window=0x1000000 exposed_pts=8 ring=524288 state=16384 | ggtt ring=0xfff34000 state=0xfff30000 hwsp=0xfff13108 | lrc PDP0=00000001:0029b000 RING_CTL=0007f001 top_pd=0x10029b000
i915: parity P7 pxp_init: rc=0 where=- full=1 engine=vcs0 kcr_base=0x32000 ce ring=4096 state=16384 ggtt=0xfffb4000 hwsp=0xfff19180 stream_cmd=1 component_added=1 (KCR init + irq enable wait for the mei-pxp bind: none here)
i915: parity P7 display_driver_probe: rc=0 active_crtcs=0 initial_commit=0 overlay=0 fbdev=0 ipc_enabled=1
i915: parity P7 hpd_init: encoders=4 pins=4,5 setups=1 skipped=0 | de: enabled=0x30003 hotplug=0x30003 IMR=0xfffcfffc TC_CTL=0x00000088 TBT_CTL=0x00000088 | pch: enabled=0x3030000 hotplug=0x3030000 SHPD_FILTER=0xf8 SDEIMR=0x3c043f07 SHOTPLUG_DDI=0x00000088 SHOTPLUG_TC=0x00000088 | poll: works=1 core_gets=1
i915: parity P7 driver_register: na_registrations=15 opregion=0 kms_poll=1 | power_domains_enable: wells_on 9 -> 4 dc_state=0x0 verify_mismatches=0 | runtime_pm_enable: probe usage=0 active=1 (autosuspend not armed: intel_runtime_suspend unimplemented)
i915: parity P7 well always_on: refcount=1 hw_enabled=1
i915: parity P7 well PW_1: refcount=0 hw_enabled=1
i915: parity P7 well DC_off: refcount=1 hw_enabled=1
i915: parity P7 well AUX_A: refcount=1 hw_enabled=1
i915: parity P7 DC_STATE_EN=0x00000000 DC_off disable_calls=0 dc_state_writes=1 rewrites=0 dmc_has_payload=1
i915: parity EU-TEST record(completed): rq seqno expected=2 hwsp_observed=2 initial_breadcrumb_seen=1 request_seqno_reached=1 | ctx sw_id=0 tag=-1 lrca=fffb9119 desc=00000020:fffb9119 state_ggtt=0xfffb9000 ring_ggtt=0xfffc9000 ring_emit=0xe0 | csb_head=9 last_csb=00008000:03ff8000 | time_base_fault=0
i915: parity TEX-TEST fixture: build PARITY_TEX_TEST=1 batch_hash=b6d8a3b470c3e1de state_hash=c9d58cc3cc87e581 tex_hash=385d0fc6fb33d425 batch_dwords=355 mocs=6 pdp0_matches_top=1 | pipeline_select (read from the submitted object): rc=0 3d=1@6 gpgpu=0 bad=0
i915: parity TEX-TEST walk[0] va=0x100400000 levels=4 leaf=0x100331000 present=1 rw=1 pat=0 scr=0
i915: parity TEX-TEST walk[1] va=0x100401000 levels=4 leaf=0x100332000 present=1 rw=1 pat=0 scr=0
i915: parity TEX-TEST walk[2] va=0x100402000 levels=4 leaf=0x100333000 present=1 rw=1 pat=0 scr=0
i915: parity TEX-TEST walk[3] va=0x100404000 levels=4 leaf=0x100334000 present=1 rw=1 pat=0 scr=0
i915: parity TEX-TEST batch[000]: 7a000204 001010a1 00000000 00000000 00000000 00000000 69041310 61010014
i915: parity TEX-TEST batch[008]: 00000061 00000000 00060000 00400061 00000001 00400061 00000001 00000061
i915: parity TEX-TEST batch[016]: 00000000 00400041 00000001 fffff001 fffff001 fffff001 fffff001 00400061
i915: parity TEX-TEST batch[024]: 00000001 0003f000 00000061 00000000 00000000 7a000004 00100c0c 00000000
i915: parity TEX-TEST batch[032]: 00000000 00000000 00000000 10000002 00400c00 00000001 a5a50001 78520003
i915: parity TEX-TEST batch[040]: 00000000 00000000 00000000 00000000 790a0001 00000000 00000000 784c0000
i915: parity TEX-TEST batch[048]: 00000000 79060000 00000000 79080001 00000000 00000000 791c0007 00000000
i915: parity TEX-TEST batch[056]: 00000000 00000000 00000000 00000000 00000000 00000000 00880000 78710002
i915: parity TEX-TEST batch[064]: 00000000 00000000 00000000 78260000 00000000 78270000 00000000 78280000
i915: parity TEX-TEST batch[072]: 00000000 78290000 00000000 78080007 0206400c 00400800 00000001 00000024
i915: parity TEX-TEST batch[080]: 06064000 00400840 00000001 00000010 78090003 06000000 12220000 02400000
i915: parity TEX-TEST batch[088]: 11130000 680b0001 780c0000 00000000 784a0000 00000000 78560001 00000000
i915: parity TEX-TEST batch[096]: 00000000 78490001 00000000 00000000 78490001 00000001 00000000 784b0000
i915: parity TEX-TEST batch[104]: 0000000f 79120000 00000000 79130000 00000000 79140000 00000000 79150000
i915: parity TEX-TEST batch[112]: 00000000 79160000 00000020 78580001 00801000 0df80df8 78590001 00a01400
i915: parity TEX-TEST batch[120]: 00000000 785a0001 00a01400 00000000 785b0001 00a01400 00000000 78150609
i915: parity TEX-TEST batch[128]: 00000000 00000000 00000000 00000000 00000000 00000000 00000000 00000000
i915: parity TEX-TEST batch[136]: 00000000 00000000 78190609 00000000 00000000 00000000 00000000 00000000
i915: parity TEX-TEST batch[144]: 00000000 00000000 00000000 00000000 00000000 781a0609 00000000 00000000
i915: parity TEX-TEST batch[152]: 00000000 00000000 00000000 00000000 00000000 00000000 00000000 00000000
i915: parity TEX-TEST batch[160]: 78160609 00000000 00000000 00000000 00000000 00000000 00000000 00000000
i915: parity TEX-TEST batch[168]: 00000000 00000000 00000000 78170609 00000000 00000000 00000000 00000000
i915: parity TEX-TEST batch[176]: 00000000 00000000 00000000 00000000 00000000 00000000 780e0000 00000201
i915: parity TEX-TEST batch[184]: 78240000 00000241 78230000 00000280 78220000 00000300 79190002 00000006
i915: parity TEX-TEST batch[192]: 00000000 00000000 780d0000 00000000 78180000 00000001 78100007 00000000
i915: parity TEX-TEST batch[200]: 00000000 00000000 00000000 00000000 00000000 00000400 00000000 781b0007
i915: parity TEX-TEST batch[208]: 00000000 00000000 00000000 00000000 00000000 00000000 00000000 00000000
i915: parity TEX-TEST batch[216]: 781c0003 00000000 00000000 00000000 00000000 781d0009 00000000 00000000
i915: parity TEX-TEST batch[224]: 00000000 00000000 00000000 00000000 00000000 00000000 00000000 00000000
i915: parity TEX-TEST batch[232]: 781e0003 00000000 00000000 00000000 00000000 78110008 00000000 00000000
i915: parity TEX-TEST batch[240]: 00000000 00000000 00000000 00000000 00000000 00000000 00000000 786c0004
i915: parity TEX-TEST batch[248]: 00000000 00000000 00000000 00000000 00000000 78120002 00000400 00000200
i915: parity TEX-TEST batch[256]: 00000000 78130002 00000400 00000000 00000000 78500003 00010000 00000000
i915: parity TEX-TEST batch[264]: 00000000 00000000 781f0004 30000820 00000000 00000000 ffffffff ffffffff
i915: parity TEX-TEST batch[272]: 78140000 80300000 7820000a 00000400 00000000 08080000 00000000 00000000
i915: parity TEX-TEST batch[280]: 1f800001 00040000 00000000 00000000 00000000 00000000 784f0000 81800004
i915: parity TEX-TEST batch[288]: 784d0000 40000000 784e0002 00000000 00000000 00000000 78050006 e1000000
i915: parity TEX-TEST batch[296]: 00000000 00000000 00000000 00000000 00000000 00000000 78060006 e0000000
i915: parity TEX-TEST batch[304]: 00000000 00000000 00000000 00000000 00000000 00000000 78070003 00000000
i915: parity TEX-TEST batch[312]: 00000000 00000000 00000000 78040001 00000000 00000000 782f0000 00000380
i915: parity TEX-TEST batch[320]: 782a0000 00000000 79000002 00000000 001f001f 00000000 7a000004 00102002
i915: parity TEX-TEST batch[328]: 00000000 00000000 00000000 00000000 10000002 00400c08 00000001 c5c50003
i915: parity TEX-TEST batch[336]: 7b000005 0000000f 00000003 00000000 00000001 00000000 00000000 7a000204
i915: parity TEX-TEST batch[344]: 001010a0 00000000 00000000 00000000 00000000 10000002 00400c04 00000001
i915: parity TEX-TEST batch[352]: d7a3f00d 05000000 00000000 00000000 00000000 00000000 00000000 00000000
i915: parity TEX-TEST state[0000]: 00000040 00000080 00000000 00000000 00000000 00000000 00000000 00000000
i915: parity TEX-TEST state[0016]: 23014000 86000008 001f001f 0000007f 00000000 00000100 00000000 09770000
i915: parity TEX-TEST state[0024]: 00402000 00000001 00000000 00000000 00000000 00000000 00000000 00000000
i915: parity TEX-TEST state[0032]: 231d4000 86000002 00070007 0000001f 00000000 00000100 00000000 09770000
i915: parity TEX-TEST state[0040]: 00404000 00000001 00000000 00000000 00000000 00000000 00000000 00000000
i915: parity TEX-TEST state[0144]: 00000000 00000000 0000000b 00000000 00000000 00000000 00000000 00000000
i915: parity TEX-TEST state[0160]: 00000000 3f800000 00000000 00000000 00000000 00000000 00000000 00000000
i915: parity TEX-TEST state[0224]: 10000000 00000000 00000000 00000092 00000000 00000000 00000000 00000000
i915: parity TEX-TEST state[0256]: 80040040 02058110 04140144 11001010 80000061 31010110 000001e4 00000000
i915: parity TEX-TEST state[0264]: 00030061 0b054220 00000000 c0ffee01 80000301 00000000 00000000 00000000
i915: parity TEX-TEST state[0272]: 00030061 01050110 00440245 00000000 00030061 00050110 00440205 00000000
i915: parity TEX-TEST state[0280]: 80030061 03264aa0 00000000 00000001 21060361 00100107 21050361 00100007
i915: parity TEX-TEST state[0288]: 80030361 03064aa0 00000000 00400c10 e1080340 3f000600 e1070340 3f000500
i915: parity TEX-TEST state[0296]: 80000301 00000000 00000000 00000000 00030061 09260660 00000324 00000000
i915: parity TEX-TEST state[0304]: e10d0341 3d000800 e10c0341 3d000700 00030361 09060660 00000304 00000000
i915: parity TEX-TEST state[0312]: 0003a031 7c240000 20020c0c 00e00d0c 01839131 00000000 cdfa0914 019a0b0c
i915: parity TEX-TEST state[0320]: 80002001 00000000 00000000 00000000 00030132 00000004 58007c24 00c40000
i915: parity TEX-TEST state[0336]: 80050040 02058110 04140144 11001010 80000061 31010110 000001e4 00000000
i915: parity TEX-TEST state[0344]: 00040061 16054220 00000000 c0ffee01 80000301 00000000 00000000 00000000
i915: parity TEX-TEST state[0352]: 00040061 01050110 00440245 00000000 00040061 00050110 00440205 00000000
i915: parity TEX-TEST state[0360]: 80030061 04264aa0 00000000 00000001 20080361 00100107 20060361 00100007
i915: parity TEX-TEST state[0368]: 80030361 04064aa0 00000000 00400c10 e00c0340 3f000800 e00a0340 3f000600
i915: parity TEX-TEST state[0376]: 80000301 00000000 00000000 00000000 00030061 12260660 00000424 00000000
i915: parity TEX-TEST state[0384]: 00130061 14260660 00000424 00000000 e0100441 3d000c00 e00e0441 3d000a00
i915: parity TEX-TEST state[0392]: 00030461 12060660 00000404 00000000 00130461 14060660 00000404 00000000
i915: parity TEX-TEST state[0400]: 0004b031 78440000 20020e14 01601014 01849131 00000000 cdfa1224 01961614
i915: parity TEX-TEST state[0408]: 80002001 00000000 00000000 00000000 00040132 00000004 50007844 00c40000
i915: parity TEX-TEST state[0416]: 00030032 00001004 58007024 00c40000 00030032 00001004 58007024 00c40000
i915: parity TEX-TEST state[0424]: 00030032 00001004 58007024 00c40000 00030032 00001004 58007024 00c40000
i915: parity TEX-TEST state[0432]: 00030032 00001004 58007024 00c40000 00030032 00001004 58007024 00c40000
i915: parity TEX-TEST state[0440]: 00030032 00001004 58007024 00c40000 00030032 00001004 58007024 00c40000
i915: parity TEX-TEST state[0448]: 00030032 00001004 58007024 00c40000 00030032 00001004 58007024 00c40000
i915: parity TEX-TEST state[0456]: 00030032 00001004 58007024 00c40000 00030032 00001004 58007024 00c40000
i915: parity TEX-TEST state[0464]: 00030032 00001004 58007024 00c40000 00030032 00001004 58007024 00c40000
i915: parity TEX-TEST state[0472]: 00030032 00001004 58007024 00c40000 00030032 00001004 58007024 00c40000
i915: parity TEX-TEST state[0480]: 00030032 00001004 58007024 00c40000 00030032 00001004 58007024 00c40000
i915: parity TEX-TEST state[0488]: 00030032 00001004 58007024 00c40000 00030032 00001004 58007024 00c40000
i915: parity TEX-TEST state[0496]: 00030032 00001004 58007024 00c40000 00030032 00001004 58007024 00c40000
i915: parity TEX-TEST state[0504]: 00030032 00001004 58007024 00c40000 00030032 00001004 58007024 00c40000
i915: parity TEX-TEST state[0512]: 42000000 42000000 00000000 00000000 42000000 00000000 00000000 00000000
i915: parity TEX-TEST state[0768]: a5a50001 d7a3f00d c5c50003 00000000 c0ffee01 00000000 00000000 00000000
i915: parity TEX-TEST tex[00]: ff101010 ff301030 ff501050 ff701070 ff901090 ffb010b0 ffd010d0 fff010f0
i915: parity TEX-TEST tex[08]: ff703010 ff903030 ffb03050 ffd03070 fff03090 ff1030b0 ff3030d0 ff5030f0
i915: parity TEX-TEST tex[16]: ffd05010 fff05030 ff105050 ff305070 ff505090 ff7050b0 ff9050d0 ffb050f0
i915: parity TEX-TEST tex[24]: ff307010 ff507030 ff707050 ff907070 ffb07090 ffd070b0 fff070d0 ff1070f0
i915: parity TEX-TEST tex[32]: ff909010 ffb09030 ffd09050 fff09070 ff109090 ff3090b0 ff5090d0 ff7090f0
i915: parity TEX-TEST tex[40]: fff0b010 ff10b030 ff30b050 ff50b070 ff70b090 ff90b0b0 ffb0b0d0 ffd0b0f0
i915: parity TEX-TEST tex[48]: ff50d010 ff70d030 ff90d050 ffb0d070 ffd0d090 fff0d0b0 ff10d0d0 ff30d0f0
i915: parity TEX-TEST tex[56]: ffb0f010 ffd0f030 fff0f050 ff10f070 ff30f090 ff50f0b0 ff70f0d0 ff90f0f0
i915: parity TEX-TEST rt[0000]: ff101010 ff101010 ff101010 ff101010 ff301030 ff301030 ff301030 ff301030
i915: parity TEX-TEST rt[0008]: ff501050 ff501050 ff501050 ff501050 ff701070 ff701070 ff701070 ff701070
i915: parity TEX-TEST rt[0016]: ff901090 ff901090 ff901090 ff901090 ffb010b0 ffb010b0 ffb010b0 ffb010b0
i915: parity TEX-TEST rt[0024]: ffd010d0 ffd010d0 ffd010d0 ffd010d0 fff010f0 fff010f0 fff010f0 fff010f0
i915: parity TEX-TEST rt[0032]: ff101010 ff101010 ff101010 ff101010 ff301030 ff301030 ff301030 ff301030
i915: parity TEX-TEST rt[0040]: ff501050 ff501050 ff501050 ff501050 ff701070 ff701070 ff701070 ff701070
i915: parity TEX-TEST rt[0048]: ff901090 ff901090 ff901090 ff901090 ffb010b0 ffb010b0 ffb010b0 ffb010b0
i915: parity TEX-TEST rt[0056]: ffd010d0 ffd010d0 ffd010d0 ffd010d0 fff010f0 fff010f0 fff010f0 fff010f0
i915: parity TEX-TEST rt[0064]: ff101010 ff101010 ff101010 ff101010 ff301030 ff301030 ff301030 ff301030
i915: parity TEX-TEST rt[0072]: ff501050 ff501050 ff501050 ff501050 ff701070 ff701070 ff701070 ff701070
i915: parity TEX-TEST rt[0080]: ff901090 ff901090 ff901090 ff901090 ffb010b0 ffb010b0 ffb010b0 ffb010b0
i915: parity TEX-TEST rt[0088]: ffd010d0 ffd010d0 ffd010d0 ffd010d0 fff010f0 fff010f0 fff010f0 fff010f0
i915: parity TEX-TEST rt[0096]: ff101010 ff101010 ff101010 ff101010 ff301030 ff301030 ff301030 ff301030
i915: parity TEX-TEST rt[0104]: ff501050 ff501050 ff501050 ff501050 ff701070 ff701070 ff701070 ff701070
i915: parity TEX-TEST rt[0112]: ff901090 ff901090 ff901090 ff901090 ffb010b0 ffb010b0 ffb010b0 ffb010b0
i915: parity TEX-TEST rt[0120]: ffd010d0 ffd010d0 ffd010d0 ffd010d0 fff010f0 fff010f0 fff010f0 fff010f0
i915: parity TEX-TEST rt[0128]: ff103070 ff103070 ff103070 ff103070 ff303090 ff303090 ff303090 ff303090
i915: parity TEX-TEST rt[0136]: ff5030b0 ff5030b0 ff5030b0 ff5030b0 ff7030d0 ff7030d0 ff7030d0 ff7030d0
i915: parity TEX-TEST rt[0144]: ff9030f0 ff9030f0 ff9030f0 ff9030f0 ffb03010 ffb03010 ffb03010 ffb03010
i915: parity TEX-TEST rt[0152]: ffd03030 ffd03030 ffd03030 ffd03030 fff03050 fff03050 fff03050 fff03050
i915: parity TEX-TEST rt[0160]: ff103070 ff103070 ff103070 ff103070 ff303090 ff303090 ff303090 ff303090
i915: parity TEX-TEST rt[0168]: ff5030b0 ff5030b0 ff5030b0 ff5030b0 ff7030d0 ff7030d0 ff7030d0 ff7030d0
i915: parity TEX-TEST rt[0176]: ff9030f0 ff9030f0 ff9030f0 ff9030f0 ffb03010 ffb03010 ffb03010 ffb03010
i915: parity TEX-TEST rt[0184]: ffd03030 ffd03030 ffd03030 ffd03030 fff03050 fff03050 fff03050 fff03050
i915: parity TEX-TEST rt[0192]: ff103070 ff103070 ff103070 ff103070 ff303090 ff303090 ff303090 ff303090
i915: parity TEX-TEST rt[0200]: ff5030b0 ff5030b0 ff5030b0 ff5030b0 ff7030d0 ff7030d0 ff7030d0 ff7030d0
i915: parity TEX-TEST rt[0208]: ff9030f0 ff9030f0 ff9030f0 ff9030f0 ffb03010 ffb03010 ffb03010 ffb03010
i915: parity TEX-TEST rt[0216]: ffd03030 ffd03030 ffd03030 ffd03030 fff03050 fff03050 fff03050 fff03050
i915: parity TEX-TEST rt[0224]: ff103070 ff103070 ff103070 ff103070 ff303090 ff303090 ff303090 ff303090
i915: parity TEX-TEST rt[0232]: ff5030b0 ff5030b0 ff5030b0 ff5030b0 ff7030d0 ff7030d0 ff7030d0 ff7030d0
i915: parity TEX-TEST rt[0240]: ff9030f0 ff9030f0 ff9030f0 ff9030f0 ffb03010 ffb03010 ffb03010 ffb03010
i915: parity TEX-TEST rt[0248]: ffd03030 ffd03030 ffd03030 ffd03030 fff03050 fff03050 fff03050 fff03050
i915: parity TEX-TEST rt[0256]: ff1050d0 ff1050d0 ff1050d0 ff1050d0 ff3050f0 ff3050f0 ff3050f0 ff3050f0
i915: parity TEX-TEST rt[0264]: ff505010 ff505010 ff505010 ff505010 ff705030 ff705030 ff705030 ff705030
i915: parity TEX-TEST rt[0272]: ff905050 ff905050 ff905050 ff905050 ffb05070 ffb05070 ffb05070 ffb05070
i915: parity TEX-TEST rt[0280]: ffd05090 ffd05090 ffd05090 ffd05090 fff050b0 fff050b0 fff050b0 fff050b0
i915: parity TEX-TEST rt[0288]: ff1050d0 ff1050d0 ff1050d0 ff1050d0 ff3050f0 ff3050f0 ff3050f0 ff3050f0
i915: parity TEX-TEST rt[0296]: ff505010 ff505010 ff505010 ff505010 ff705030 ff705030 ff705030 ff705030
i915: parity TEX-TEST rt[0304]: ff905050 ff905050 ff905050 ff905050 ffb05070 ffb05070 ffb05070 ffb05070
i915: parity TEX-TEST rt[0312]: ffd05090 ffd05090 ffd05090 ffd05090 fff050b0 fff050b0 fff050b0 fff050b0
i915: parity TEX-TEST rt[0320]: ff1050d0 ff1050d0 ff1050d0 ff1050d0 ff3050f0 ff3050f0 ff3050f0 ff3050f0
i915: parity TEX-TEST rt[0328]: ff505010 ff505010 ff505010 ff505010 ff705030 ff705030 ff705030 ff705030
i915: parity TEX-TEST rt[0336]: ff905050 ff905050 ff905050 ff905050 ffb05070 ffb05070 ffb05070 ffb05070
i915: parity TEX-TEST rt[0344]: ffd05090 ffd05090 ffd05090 ffd05090 fff050b0 fff050b0 fff050b0 fff050b0
i915: parity TEX-TEST rt[0352]: ff1050d0 ff1050d0 ff1050d0 ff1050d0 ff3050f0 ff3050f0 ff3050f0 ff3050f0
i915: parity TEX-TEST rt[0360]: ff505010 ff505010 ff505010 ff505010 ff705030 ff705030 ff705030 ff705030
i915: parity TEX-TEST rt[0368]: ff905050 ff905050 ff905050 ff905050 ffb05070 ffb05070 ffb05070 ffb05070
i915: parity TEX-TEST rt[0376]: ffd05090 ffd05090 ffd05090 ffd05090 fff050b0 fff050b0 fff050b0 fff050b0
i915: parity TEX-TEST rt[0384]: ff107030 ff107030 ff107030 ff107030 ff307050 ff307050 ff307050 ff307050
i915: parity TEX-TEST rt[0392]: ff507070 ff507070 ff507070 ff507070 ff707090 ff707090 ff707090 ff707090
i915: parity TEX-TEST rt[0400]: ff9070b0 ff9070b0 ff9070b0 ff9070b0 ffb070d0 ffb070d0 ffb070d0 ffb070d0
i915: parity TEX-TEST rt[0408]: ffd070f0 ffd070f0 ffd070f0 ffd070f0 fff07010 fff07010 fff07010 fff07010
i915: parity TEX-TEST rt[0416]: ff107030 ff107030 ff107030 ff107030 ff307050 ff307050 ff307050 ff307050
i915: parity TEX-TEST rt[0424]: ff507070 ff507070 ff507070 ff507070 ff707090 ff707090 ff707090 ff707090
i915: parity TEX-TEST rt[0432]: ff9070b0 ff9070b0 ff9070b0 ff9070b0 ffb070d0 ffb070d0 ffb070d0 ffb070d0
i915: parity TEX-TEST rt[0440]: ffd070f0 ffd070f0 ffd070f0 ffd070f0 fff07010 fff07010 fff07010 fff07010
i915: parity TEX-TEST rt[0448]: ff107030 ff107030 ff107030 ff107030 ff307050 ff307050 ff307050 ff307050
i915: parity TEX-TEST rt[0456]: ff507070 ff507070 ff507070 ff507070 ff707090 ff707090 ff707090 ff707090
i915: parity TEX-TEST rt[0464]: ff9070b0 ff9070b0 ff9070b0 ff9070b0 ffb070d0 ffb070d0 ffb070d0 ffb070d0
i915: parity TEX-TEST rt[0472]: ffd070f0 ffd070f0 ffd070f0 ffd070f0 fff07010 fff07010 fff07010 fff07010
i915: parity TEX-TEST rt[0480]: ff107030 ff107030 ff107030 ff107030 ff307050 ff307050 ff307050 ff307050
i915: parity TEX-TEST rt[0488]: ff507070 ff507070 ff507070 ff507070 ff707090 ff707090 ff707090 ff707090
i915: parity TEX-TEST rt[0496]: ff9070b0 ff9070b0 ff9070b0 ff9070b0 ffb070d0 ffb070d0 ffb070d0 ffb070d0
i915: parity TEX-TEST rt[0504]: ffd070f0 ffd070f0 ffd070f0 ffd070f0 fff07010 fff07010 fff07010 fff07010
i915: parity TEX-TEST rt[0512]: ff109090 ff109090 ff109090 ff109090 ff3090b0 ff3090b0 ff3090b0 ff3090b0
i915: parity TEX-TEST rt[0520]: ff5090d0 ff5090d0 ff5090d0 ff5090d0 ff7090f0 ff7090f0 ff7090f0 ff7090f0
i915: parity TEX-TEST rt[0528]: ff909010 ff909010 ff909010 ff909010 ffb09030 ffb09030 ffb09030 ffb09030
i915: parity TEX-TEST rt[0536]: ffd09050 ffd09050 ffd09050 ffd09050 fff09070 fff09070 fff09070 fff09070
i915: parity TEX-TEST rt[0544]: ff109090 ff109090 ff109090 ff109090 ff3090b0 ff3090b0 ff3090b0 ff3090b0
i915: parity TEX-TEST rt[0552]: ff5090d0 ff5090d0 ff5090d0 ff5090d0 ff7090f0 ff7090f0 ff7090f0 ff7090f0
i915: parity TEX-TEST rt[0560]: ff909010 ff909010 ff909010 ff909010 ffb09030 ffb09030 ffb09030 ffb09030
i915: parity TEX-TEST rt[0568]: ffd09050 ffd09050 ffd09050 ffd09050 fff09070 fff09070 fff09070 fff09070
i915: parity TEX-TEST rt[0576]: ff109090 ff109090 ff109090 ff109090 ff3090b0 ff3090b0 ff3090b0 ff3090b0
i915: parity TEX-TEST rt[0584]: ff5090d0 ff5090d0 ff5090d0 ff5090d0 ff7090f0 ff7090f0 ff7090f0 ff7090f0
i915: parity TEX-TEST rt[0592]: ff909010 ff909010 ff909010 ff909010 ffb09030 ffb09030 ffb09030 ffb09030
i915: parity TEX-TEST rt[0600]: ffd09050 ffd09050 ffd09050 ffd09050 fff09070 fff09070 fff09070 fff09070
i915: parity TEX-TEST rt[0608]: ff109090 ff109090 ff109090 ff109090 ff3090b0 ff3090b0 ff3090b0 ff3090b0
i915: parity TEX-TEST rt[0616]: ff5090d0 ff5090d0 ff5090d0 ff5090d0 ff7090f0 ff7090f0 ff7090f0 ff7090f0
i915: parity TEX-TEST rt[0624]: ff909010 ff909010 ff909010 ff909010 ffb09030 ffb09030 ffb09030 ffb09030
i915: parity TEX-TEST rt[0632]: ffd09050 ffd09050 ffd09050 ffd09050 fff09070 fff09070 fff09070 fff09070
i915: parity TEX-TEST rt[0640]: ff10b0f0 ff10b0f0 ff10b0f0 ff10b0f0 ff30b010 ff30b010 ff30b010 ff30b010
i915: parity TEX-TEST rt[0648]: ff50b030 ff50b030 ff50b030 ff50b030 ff70b050 ff70b050 ff70b050 ff70b050
i915: parity TEX-TEST rt[0656]: ff90b070 ff90b070 ff90b070 ff90b070 ffb0b090 ffb0b090 ffb0b090 ffb0b090
i915: parity TEX-TEST rt[0664]: ffd0b0b0 ffd0b0b0 ffd0b0b0 ffd0b0b0 fff0b0d0 fff0b0d0 fff0b0d0 fff0b0d0
i915: parity TEX-TEST rt[0672]: ff10b0f0 ff10b0f0 ff10b0f0 ff10b0f0 ff30b010 ff30b010 ff30b010 ff30b010
i915: parity TEX-TEST rt[0680]: ff50b030 ff50b030 ff50b030 ff50b030 ff70b050 ff70b050 ff70b050 ff70b050
i915: parity TEX-TEST rt[0688]: ff90b070 ff90b070 ff90b070 ff90b070 ffb0b090 ffb0b090 ffb0b090 ffb0b090
i915: parity TEX-TEST rt[0696]: ffd0b0b0 ffd0b0b0 ffd0b0b0 ffd0b0b0 fff0b0d0 fff0b0d0 fff0b0d0 fff0b0d0
i915: parity TEX-TEST rt[0704]: ff10b0f0 ff10b0f0 ff10b0f0 ff10b0f0 ff30b010 ff30b010 ff30b010 ff30b010
i915: parity TEX-TEST rt[0712]: ff50b030 ff50b030 ff50b030 ff50b030 ff70b050 ff70b050 ff70b050 ff70b050
i915: parity TEX-TEST rt[0720]: ff90b070 ff90b070 ff90b070 ff90b070 ffb0b090 ffb0b090 ffb0b090 ffb0b090
i915: parity TEX-TEST rt[0728]: ffd0b0b0 ffd0b0b0 ffd0b0b0 ffd0b0b0 fff0b0d0 fff0b0d0 fff0b0d0 fff0b0d0
i915: parity TEX-TEST rt[0736]: ff10b0f0 ff10b0f0 ff10b0f0 ff10b0f0 ff30b010 ff30b010 ff30b010 ff30b010
i915: parity TEX-TEST rt[0744]: ff50b030 ff50b030 ff50b030 ff50b030 ff70b050 ff70b050 ff70b050 ff70b050
i915: parity TEX-TEST rt[0752]: ff90b070 ff90b070 ff90b070 ff90b070 ffb0b090 ffb0b090 ffb0b090 ffb0b090
i915: parity TEX-TEST rt[0760]: ffd0b0b0 ffd0b0b0 ffd0b0b0 ffd0b0b0 fff0b0d0 fff0b0d0 fff0b0d0 fff0b0d0
i915: parity TEX-TEST rt[0768]: ff10d050 ff10d050 ff10d050 ff10d050 ff30d070 ff30d070 ff30d070 ff30d070
i915: parity TEX-TEST rt[0776]: ff50d090 ff50d090 ff50d090 ff50d090 ff70d0b0 ff70d0b0 ff70d0b0 ff70d0b0
i915: parity TEX-TEST rt[0784]: ff90d0d0 ff90d0d0 ff90d0d0 ff90d0d0 ffb0d0f0 ffb0d0f0 ffb0d0f0 ffb0d0f0
i915: parity TEX-TEST rt[0792]: ffd0d010 ffd0d010 ffd0d010 ffd0d010 fff0d030 fff0d030 fff0d030 fff0d030
i915: parity TEX-TEST rt[0800]: ff10d050 ff10d050 ff10d050 ff10d050 ff30d070 ff30d070 ff30d070 ff30d070
i915: parity TEX-TEST rt[0808]: ff50d090 ff50d090 ff50d090 ff50d090 ff70d0b0 ff70d0b0 ff70d0b0 ff70d0b0
i915: parity TEX-TEST rt[0816]: ff90d0d0 ff90d0d0 ff90d0d0 ff90d0d0 ffb0d0f0 ffb0d0f0 ffb0d0f0 ffb0d0f0
i915: parity TEX-TEST rt[0824]: ffd0d010 ffd0d010 ffd0d010 ffd0d010 fff0d030 fff0d030 fff0d030 fff0d030
i915: parity TEX-TEST rt[0832]: ff10d050 ff10d050 ff10d050 ff10d050 ff30d070 ff30d070 ff30d070 ff30d070
i915: parity TEX-TEST rt[0840]: ff50d090 ff50d090 ff50d090 ff50d090 ff70d0b0 ff70d0b0 ff70d0b0 ff70d0b0
i915: parity TEX-TEST rt[0848]: ff90d0d0 ff90d0d0 ff90d0d0 ff90d0d0 ffb0d0f0 ffb0d0f0 ffb0d0f0 ffb0d0f0
i915: parity TEX-TEST rt[0856]: ffd0d010 ffd0d010 ffd0d010 ffd0d010 fff0d030 fff0d030 fff0d030 fff0d030
i915: parity TEX-TEST rt[0864]: ff10d050 ff10d050 ff10d050 ff10d050 ff30d070 ff30d070 ff30d070 ff30d070
i915: parity TEX-TEST rt[0872]: ff50d090 ff50d090 ff50d090 ff50d090 ff70d0b0 ff70d0b0 ff70d0b0 ff70d0b0
i915: parity TEX-TEST rt[0880]: ff90d0d0 ff90d0d0 ff90d0d0 ff90d0d0 ffb0d0f0 ffb0d0f0 ffb0d0f0 ffb0d0f0
i915: parity TEX-TEST rt[0888]: ffd0d010 ffd0d010 ffd0d010 ffd0d010 fff0d030 fff0d030 fff0d030 fff0d030
i915: parity TEX-TEST rt[0896]: ff10f0b0 ff10f0b0 ff10f0b0 ff10f0b0 ff30f0d0 ff30f0d0 ff30f0d0 ff30f0d0
i915: parity TEX-TEST rt[0904]: ff50f0f0 ff50f0f0 ff50f0f0 ff50f0f0 ff70f010 ff70f010 ff70f010 ff70f010
i915: parity TEX-TEST rt[0912]: ff90f030 ff90f030 ff90f030 ff90f030 ffb0f050 ffb0f050 ffb0f050 ffb0f050
i915: parity TEX-TEST rt[0920]: ffd0f070 ffd0f070 ffd0f070 ffd0f070 fff0f090 fff0f090 fff0f090 fff0f090
i915: parity TEX-TEST rt[0928]: ff10f0b0 ff10f0b0 ff10f0b0 ff10f0b0 ff30f0d0 ff30f0d0 ff30f0d0 ff30f0d0
i915: parity TEX-TEST rt[0936]: ff50f0f0 ff50f0f0 ff50f0f0 ff50f0f0 ff70f010 ff70f010 ff70f010 ff70f010
i915: parity TEX-TEST rt[0944]: ff90f030 ff90f030 ff90f030 ff90f030 ffb0f050 ffb0f050 ffb0f050 ffb0f050
i915: parity TEX-TEST rt[0952]: ffd0f070 ffd0f070 ffd0f070 ffd0f070 fff0f090 fff0f090 fff0f090 fff0f090
i915: parity TEX-TEST rt[0960]: ff10f0b0 ff10f0b0 ff10f0b0 ff10f0b0 ff30f0d0 ff30f0d0 ff30f0d0 ff30f0d0
i915: parity TEX-TEST rt[0968]: ff50f0f0 ff50f0f0 ff50f0f0 ff50f0f0 ff70f010 ff70f010 ff70f010 ff70f010
i915: parity TEX-TEST rt[0976]: ff90f030 ff90f030 ff90f030 ff90f030 ffb0f050 ffb0f050 ffb0f050 ffb0f050
i915: parity TEX-TEST rt[0984]: ffd0f070 ffd0f070 ffd0f070 ffd0f070 fff0f090 fff0f090 fff0f090 fff0f090
i915: parity TEX-TEST rt[0992]: ff10f0b0 ff10f0b0 ff10f0b0 ff10f0b0 ff30f0d0 ff30f0d0 ff30f0d0 ff30f0d0
i915: parity TEX-TEST rt[1000]: ff50f0f0 ff50f0f0 ff50f0f0 ff50f0f0 ff70f010 ff70f010 ff70f010 ff70f010
i915: parity TEX-TEST rt[1008]: ff90f030 ff90f030 ff90f030 ff90f030 ffb0f050 ffb0f050 ffb0f050 ffb0f050
i915: parity TEX-TEST rt[1016]: ffd0f070 ffd0f070 ffd0f070 ffd0f070 fff0f090 fff0f090 fff0f090 fff0f090
i915: parity TEX-TEST PASS: rc=0 where=- engine=rcs0 batch_dwords=355 submitted=1 completed=1 parked=1 timed_out=0 wedged=0 polls=17 | before=a5a50001 middraw=c5c50003 after=d7a3f00d ps_marker=c0ffee01 | pixels match=1024/1024 stale=0 first_bad=(-1,-1) expected=00000000 observed=00000000 | texture changed_bytes=0 guard_bad_bytes=0 | rq seqno=2 krq seqno=4 | gt irq: user=2 ctx_switch=4 error=0
i915: parity P3 intel_combo_phy_init: combo PHYs A/B (0 initialised)
i915: parity teardown: driver_unregister (rpm usage=1, INIT reference re-taken: wells_on=8 DC_STATE_EN=0x00000000)
i915: parity teardown: intel_pxp_fini (VCS context + stream page released)
i915: parity P1 gt_reset attempt=0 passes=2 rc=0
i915: parity teardown: engines stopped and reset (rc=0) before release
i915: parity teardown: engines released (status pages, kernel contexts)
i915: parity teardown: GT objects released, GGTT window back to scratch (pte_writes=490 live=0)
i915: parity edp fini: end_rc=0 vdd_hw=0 vdd_wakeref=0 off_reserved=0 refs core=0 aux=0 lock_errors=0 | vdd-off work armed=1 fired=1 ran=1 cancelled(timer/queue)=0/0 | async put: puts=18 parked=0 grabs=0 work_runs=0 released=0 flushes=1 state_errors=0 use_count_errors=0 | well_refs=7
i915: parity teardown: display-nogem fini (crtc/plane/dpll records released)
i915: parity teardown: intel_irq_uninstall (sources reset, handler detached; irq_count=37 handled=37 none=0)
i915: parity teardown: display-state fini (global objs released, fbc freed)
i915: parity teardown: intel_dmc_fini (worker synced; load_seq_completed=1, payload_writes=13019, dmc_ref_held=0)
i915: parity teardown: DMC ver=2.20 ids MAIN/A/B/C/D present=00000 payload=6274/2547/3066/566/566
i915: parity teardown: display-core driver_remove (init rpm wakeref cancelled, wells kept)
i915: parity teardown: power domains map released
i915: parity teardown: VGA arbiter client unregistered
i915: parity teardown: DRM device + vblank released
i915: parity teardown: MSI resource released
i915: parity teardown: WC aperture unmap va=0xffffffffe1000000 size=0x10000000 rc=0
i915: parity teardown: PCI probe runtime PM released (usage=0)
i915: parity tr[0] note rpm_init_early a0=0x0 a1=0x0
i915: parity tr[1] acquire rpm_get_sync a0=0x1 a1=0x0
i915: parity tr[2] acquire pci_probe_runtime_pm_get_sync a0=0x1 a1=0x0
i915: parity tr[3] entry pci_enable_device a0=0x0 a1=0x0
i915: parity tr[4] note pci_set_power_state a0=0x0 a1=0xd0
i915: parity tr[5] acquire pci_device a0=0x3 a1=0x7
i915: parity tr[6] exit pci_enable_device a0=0x0 a1=0x0
i915: parity tr[7] note rpm_init_early a0=0x0 a1=0x0
i915: parity tr[8] note i915_driver_create a0=0x0 a1=0x0
i915: parity tr[9] note i915_driver_early_probe a0=0x0 a1=0x0
i915: parity tr[10] note intel_vgpu_detect:physical a0=0x0 a1=0x0
i915: parity tr[11] note intel_gt_probe_all:single_gt a0=0x0 a1=0x0
i915: parity tr[12] acquire uncore_mmio_bar a0=0x800000 a1=0x0
i915: parity tr[13] acquire forcewake a0=0x1 a1=0x1
i915: parity tr[14] release forcewake a0=0x1 a1=0x0
i915: parity tr[15] note intel_gt_init_mmio:mcr_multicast a0=0x0 a1=0x0
i915: parity tr[16] acquire forcewake a0=0x1 a1=0x1
i915: parity tr[17] acquire forcewake a0=0x0 a1=0x1
i915: parity tr[18] note posting_read a0=0xcec4 a1=0x0
i915: parity tr[19] release forcewake a0=0x0 a1=0x0
i915: parity tr[20] release forcewake a0=0x1 a1=0x0
i915: parity tr[21] note reset_callback:gen8_reset_engines a0=0x0 a1=0x0
i915: parity tr[22] acquire forcewake a0=0x0 a1=0x1
i915: parity tr[23] acquire forcewake a0=0x1 a1=0x1
i915: parity tr[24] release forcewake a0=0x1 a1=0x0
i915: parity tr[25] release forcewake a0=0x0 a1=0x0
i915: parity tr[26] acquire sanitize_gpu:__intel_gt_reset a0=0x1 a1=0x0
i915: parity tr[27] entry dma_set_info a0=0x27 a1=0xffffffff
i915: parity tr[28] exit dma_set_info a0=0x0 a1=0x0
i915: parity tr[29] acquire ggtt_table_window a0=0x800000 a1=0x100000
i915: parity tr[30] map scratch_page a0=0x10016a000 a1=0x10016a001
i915: parity tr[31] note address_space_init:GGTT a0=0x100000000 a1=0x0
i915: parity tr[32] acquire ggtt_aperture_gmadr a0=0x7000000000 a1=0x10000000
i915: parity tr[33] acquire ggtt_aperture_wc a0=0x7000000000 a1=0x10000000
i915: parity tr[34] acquire forcewake a0=0x1 a1=0x1
i915: parity tr[35] release forcewake a0=0x1 a1=0x0
i915: parity tr[36] note intel_ggtt_init_fences a0=0x20 a1=0x0
i915: parity tr[37] note intel_gt_tiles_init:single_tile a0=0x1 a1=0x0
i915: parity tr[38] note memory_regions_hw_probe:smem a0=0x0 a1=0x0
i915: parity tr[39] note ggtt_enable_hw:gen6plus_noop a0=0x0 a1=0x0
i915: parity tr[40] acquire pci_bus_master a0=0x1 a1=0x7
i915: parity tr[41] acquire pci_set_master a0=0x7 a1=0x0
i915: parity tr[42] acquire pci_msi a0=0xd0 a1=0xac
i915: parity tr[43] note intel_opregion_absent a0=0x0 a1=0x0
i915: parity tr[44] acquire intel_dram_detect a0=0x0 a1=0x2
i915: parity tr[45] acquire intel_bw_init_hw a0=0x2 a1=0x0
i915: parity tr[46] note display_driver_probe_noirq:enter a0=0x0 a1=0x0
i915: parity tr[47] note i915_inject_probe_failure:noop a0=0x0 a1=0x0
i915: parity tr[48] note HAS_DISPLAY:true a0=0x1 a1=0x0
i915: parity tr[49] acquire drm_dev_init a0=0x0 a1=0x0
i915: parity tr[50] acquire drm_vblank_init a0=0x4 a1=0x0
i915: parity tr[51] acquire intel_bios_init:vbt_parsed a0=0xf9 a1=0xc
i915: parity tr[52] acquire intel_vga_register a0=0x0 a1=0x0
i915: parity tr[53] acquire intel_power_domains_init a0=0x1e a1=0x4000000a
i915: parity tr[54] acquire intel_pmdemand_init_early a0=0x0 a1=0x0
i915: parity tr[55] note posting_read a0=0x44404 a1=0x0
i915: parity tr[56] note posting_read a0=0x44408 a1=0x0
i915: parity tr[57] note posting_read a0=0x44408 a1=0x0
i915: parity tr[58] note posting_read a0=0x44414 a1=0x0
i915: parity tr[59] note posting_read a0=0x44418 a1=0x0
i915: parity tr[60] note posting_read a0=0x44418 a1=0x0
i915: parity tr[61] note posting_read a0=0x44424 a1=0x0
i915: parity tr[62] note posting_read a0=0x44428 a1=0x0
i915: parity tr[63] note posting_read a0=0x44428 a1=0x0
i915: parity tr[64] note posting_read a0=0x44434 a1=0x0
i915: parity tr[65] note posting_read a0=0x44438 a1=0x0
i915: parity tr[66] note posting_read a0=0x44438 a1=0x0
i915: parity tr[67] note posting_read a0=0x44444 a1=0x0
i915: parity tr[68] note posting_read a0=0x44448 a1=0x0
i915: parity tr[69] note posting_read a0=0x44448 a1=0x0
i915: parity tr[70] note posting_read a0=0x44464 a1=0x0
i915: parity tr[71] note posting_read a0=0x44468 a1=0x0
i915: parity tr[72] note posting_read a0=0x44468 a1=0x0
i915: parity tr[73] note posting_read a0=0x44474 a1=0x0
i915: parity tr[74] note posting_read a0=0x44478 a1=0x0
i915: parity tr[75] note posting_read a0=0x44478 a1=0x0
i915: parity tr[76] note posting_read a0=0xc4004 a1=0x0
i915: parity tr[77] note posting_read a0=0xc4008 a1=0x0
i915: parity tr[78] note posting_read a0=0xc4008 a1=0x0
i915: parity tr[79] note posting_read a0=0x444f4 a1=0x0
i915: parity tr[80] note posting_read a0=0x444f8 a1=0x0
i915: parity tr[81] note posting_read a0=0x444f8 a1=0x0
i915: parity tr[82] note posting_read a0=0x444e4 a1=0x0
i915: parity tr[83] note posting_read a0=0x444e8 a1=0x0
i915: parity tr[84] note posting_read a0=0x444e8 a1=0x0
i915: parity tr[85] note posting_read a0=0xc4004 a1=0x0
i915: parity tr[86] note posting_read a0=0x44404 a1=0x0
i915: parity tr[87] note posting_read a0=0x44414 a1=0x0
i915: parity tr[88] note posting_read a0=0x44424 a1=0x0
i915: parity tr[89] note posting_read a0=0x44434 a1=0x0
i915: parity tr[90] note posting_read a0=0x44444 a1=0x0
i915: parity tr[91] note posting_read a0=0x44464 a1=0x0
i915: parity tr[92] note posting_read a0=0x44474 a1=0x0
i915: parity tr[93] note posting_read a0=0x444f4 a1=0x0
i915: parity tr[94] note posting_read a0=0x190010 a1=0x0
i915: parity tr[95] acquire forcewake a0=0x0 a1=0x1
i915: parity tr[96] acquire forcewake a0=0x1 a1=0x1
i915: parity tr[97] acquire forcewake a0=0x2 a1=0x1
i915: parity tr[98] acquire forcewake a0=0x3 a1=0x1
i915: parity tr[99] acquire forcewake a0=0x4 a1=0x1
i915: parity tr[100] note posting_read a0=0x209c a1=0x0
i915: parity tr[101] note posting_read a0=0x23a0 a1=0x0
i915: parity tr[102] note posting_read a0=0x23a0 a1=0x0
i915: parity tr[103] note posting_read a0=0x2209c a1=0x0
i915: parity tr[104] note posting_read a0=0x223a0 a1=0x0
i915: parity tr[105] note posting_read a0=0x223a0 a1=0x0
i915: parity tr[106] note posting_read a0=0x1c009c a1=0x0
i915: parity tr[107] note posting_read a0=0x1c03a0 a1=0x0
i915: parity tr[108] note posting_read a0=0x1c03a0 a1=0x0
i915: parity tr[109] note posting_read a0=0x1d009c a1=0x0
i915: parity tr[110] note posting_read a0=0x1d03a0 a1=0x0
i915: parity tr[111] note posting_read a0=0x1d03a0 a1=0x0
i915: parity tr[112] note posting_read a0=0x1c809c a1=0x0
i915: parity tr[113] note posting_read a0=0x1c83a0 a1=0x0
i915: parity tr[114] note posting_read a0=0x1c83a0 a1=0x0
i915: parity tr[115] acquire forcewake a0=0x0 a1=0x2
i915: parity tr[116] acquire forcewake a0=0x1 a1=0x2
i915: parity tr[117] release forcewake a0=0x1 a1=0x1
i915: parity tr[118] release forcewake a0=0x0 a1=0x1
i915: parity tr[119] note posting_read a0=0x2080 a1=0x0
i915: parity tr[120] note posting_read a0=0x22080 a1=0x0
i915: parity tr[121] note posting_read a0=0x1c0080 a1=0x0
i915: parity tr[122] note posting_read a0=0x1d0080 a1=0x0
i915: parity tr[123] note posting_read a0=0x1c8080 a1=0x0
i915: parity tr[124] release forcewake a0=0x4 a1=0x0
i915: parity tr[125] release forcewake a0=0x3 a1=0x0
i915: parity tr[126] release forcewake a0=0x2 a1=0x0
i915: parity tr[127] release forcewake a0=0x1 a1=0x0
i915: parity tr[128] release forcewake a0=0x0 a1=0x0
i915: parity tr[129] release rpm_put a0=0x0 a1=0x0
i915: parity tr[130] acquire forcewake a0=0x0 a1=0x1
i915: parity tr[131] acquire forcewake a0=0x1 a1=0x1
i915: parity tr[132] acquire forcewake a0=0x2 a1=0x1
i915: parity tr[133] acquire forcewake a0=0x3 a1=0x1
i915: parity tr[134] acquire forcewake a0=0x4 a1=0x1
i915: parity tr[135] release forcewake a0=0x4 a1=0x0
i915: parity tr[136] release forcewake a0=0x3 a1=0x0
i915: parity tr[137] release forcewake a0=0x2 a1=0x0
i915: parity tr[138] release forcewake a0=0x1 a1=0x0
i915: parity tr[139] release forcewake a0=0x0 a1=0x0
i915: parity tr[140] acquire rpm_get_sync a0=0x1 a1=0x0
i915: parity tr[141] acquire forcewake a0=0x0 a1=0x1
i915: parity tr[142] acquire forcewake a0=0x1 a1=0x1
i915: parity tr[143] acquire forcewake a0=0x2 a1=0x1
i915: parity tr[144] acquire forcewake a0=0x3 a1=0x1
i915: parity tr[145] acquire forcewake a0=0x4 a1=0x1
i915: parity tr[146] note posting_read a0=0x209c a1=0x0
i915: parity tr[147] note posting_read a0=0x2209c a1=0x0
i915: parity tr[148] note posting_read a0=0x1c009c a1=0x0
i915: parity tr[149] note posting_read a0=0x1d009c a1=0x0
i915: parity tr[150] note posting_read a0=0x1c809c a1=0x0
i915: parity tr[151] acquire forcewake a0=0x0 a1=0x2
i915: parity tr[152] acquire forcewake a0=0x1 a1=0x2
i915: parity tr[153] release forcewake a0=0x1 a1=0x1
i915: parity tr[154] release forcewake a0=0x0 a1=0x1
i915: parity tr[155] release forcewake a0=0x4 a1=0x0
i915: parity tr[156] release forcewake a0=0x3 a1=0x0
i915: parity tr[157] release forcewake a0=0x2 a1=0x0
i915: parity tr[158] release forcewake a0=0x1 a1=0x0
i915: parity tr[159] release forcewake a0=0x0 a1=0x0
i915: parity tr[160] note posting_read a0=0x44404 a1=0x0
i915: parity tr[161] note posting_read a0=0x44408 a1=0x0
i915: parity tr[162] note posting_read a0=0x44408 a1=0x0
i915: parity tr[163] note posting_read a0=0x44414 a1=0x0
i915: parity tr[164] note posting_read a0=0x44418 a1=0x0
i915: parity tr[165] note posting_read a0=0x44418 a1=0x0
i915: parity tr[166] note posting_read a0=0x44424 a1=0x0
i915: parity tr[167] note posting_read a0=0x44428 a1=0x0
i915: parity tr[168] note posting_read a0=0x44428 a1=0x0
i915: parity tr[169] note posting_read a0=0x44434 a1=0x0
i915: parity tr[170] note posting_read a0=0x44438 a1=0x0
i915: parity tr[171] note posting_read a0=0x44438 a1=0x0
i915: parity tr[172] note posting_read a0=0x44444 a1=0x0
i915: parity tr[173] note posting_read a0=0x44448 a1=0x0
i915: parity tr[174] note posting_read a0=0x44448 a1=0x0
i915: parity tr[175] note posting_read a0=0x44464 a1=0x0
i915: parity tr[176] note posting_read a0=0x44468 a1=0x0
i915: parity tr[177] note posting_read a0=0x44468 a1=0x0
i915: parity tr[178] note posting_read a0=0x44474 a1=0x0
i915: parity tr[179] note posting_read a0=0x44478 a1=0x0
i915: parity tr[180] note posting_read a0=0x44478 a1=0x0
i915: parity tr[181] note posting_read a0=0xc4004 a1=0x0
i915: parity tr[182] note posting_read a0=0xc4008 a1=0x0
i915: parity tr[183] note posting_read a0=0xc4008 a1=0x0
i915: parity tr[184] note posting_read a0=0x444f4 a1=0x0
i915: parity tr[185] note posting_read a0=0x444f8 a1=0x0
i915: parity tr[186] note posting_read a0=0x444f8 a1=0x0
i915: parity tr[187] note posting_read a0=0x444e4 a1=0x0
i915: parity tr[188] note posting_read a0=0x444e8 a1=0x0
i915: parity tr[189] note posting_read a0=0x444e8 a1=0x0
i915: parity tr[190] release pci_msi a0=0xd0 a1=0x0
i915: parity tr[191] release pci_device_restore a0=0x0 a1=0x7
i915: parity tr[192] release rpm_put a0=0x0 a1=0x0
i915: parity attach end: reached=P3 outcome=STOPPED where=i915_driver_probe complete err=0
i915: parity ktest begin (cpu=0, shared backend)
i915: parity ktest K0 native-waitq start=1739 deadline=1760 end=1760 rc=42
i915: parity ktest cross-CPU: gens=64 cross_cpu=0 mismatch=0 queue_fail=0
i915: parity P1 gt_reset attempt=0 passes=2 rc=0
i915: parity P1 gt_reset attempt=0 passes=1 rc=-42
i915: parity P1 gt_reset attempt=1 passes=1 rc=-42
i915: parity P1 gt_reset attempt=2 passes=1 rc=-42
i915: parity P1 gt_reset attempt=0 passes=1 rc=-42
i915: parity P1 gt_reset attempt=1 passes=2 rc=0
i915: parity pcode read mbox=0x0000000d err=-24
i915: parity pcode read mbox=0x0000000d err=-42
i915: parity P2 dram: raw=0x00003420 type=0 channels=2 qgv_points=4 psf_gv_points=3 wm_lv0_adjust=0
i915: parity P2 dram: unknown type field 0xf (tolerated)
i915: parity P2 dram: raw=0x00003420 type=0 channels=2 qgv_points=4 psf_gv_points=3 wm_lv0_adjust=0
i915: parity P2 bw: QGV 0 DCLK=16668 tRP=15 tRDPRE=4 tRAS=8 tRCD=0 tRC=23
i915: parity P2 bw: QGV 1 DCLK=16668 tRP=15 tRDPRE=4 tRAS=8 tRCD=0 tRC=23
i915: parity P2 bw: QGV 2 DCLK=16668 tRP=15 tRDPRE=4 tRAS=8 tRCD=0 tRC=23
i915: parity P2 bw: QGV 3 DCLK=16668 tRP=15 tRDPRE=4 tRAS=8 tRCD=0 tRC=23
i915: parity P2 bw: PSF GV 0 CLK=16
i915: parity P2 bw: PSF GV 1 CLK=32
i915: parity P2 bw: PSF GV 2 CLK=48
i915: parity P2 bw: BW0/QGV0 num_planes=0 deratedbw=38000 peakbw=266688
i915: parity P2 bw: BW0/QGV1 num_planes=0 deratedbw=38000 peakbw=266688
i915: parity P2 bw: BW0/QGV2 num_planes=0 deratedbw=38000 peakbw=266688
i915: parity P2 bw: BW0/QGV3 num_planes=0 deratedbw=38000 peakbw=266688
i915: parity P2 bw: BW0/PSF0 num_planes=0 bw=17067
i915: parity P2 bw: BW0/PSF1 num_planes=0 bw=34133
i915: parity P2 bw: BW0/PSF2 num_planes=0 bw=51200
i915: parity P2 bw: BW1/QGV0 num_planes=2 deratedbw=38000 peakbw=266688
i915: parity P2 bw: BW1/QGV1 num_planes=2 deratedbw=38000 peakbw=266688
i915: parity P2 bw: BW1/QGV2 num_planes=2 deratedbw=38000 peakbw=266688
i915: parity P2 bw: BW1/QGV3 num_planes=2 deratedbw=38000 peakbw=266688
i915: parity P2 bw: BW1/PSF0 num_planes=2 bw=17067
i915: parity P2 bw: BW1/PSF1 num_planes=2 bw=34133
i915: parity P2 bw: BW1/PSF2 num_planes=2 bw=51200
i915: parity P2 bw: BW2/QGV0 num_planes=0 deratedbw=38000 peakbw=266688
i915: parity P2 bw: BW2/QGV1 num_planes=0 deratedbw=38000 peakbw=266688
i915: parity P2 bw: BW2/QGV2 num_planes=0 deratedbw=38000 peakbw=266688
i915: parity P2 bw: BW2/QGV3 num_planes=0 deratedbw=38000 peakbw=266688
i915: parity P2 bw: BW2/PSF0 num_planes=0 bw=17067
i915: parity P2 bw: BW2/PSF1 num_planes=0 bw=34133
i915: parity P2 bw: BW2/PSF2 num_planes=0 bw=51200
i915: parity P2 bw: BW3/QGV0 num_planes=0 deratedbw=38000 peakbw=266688
i915: parity P2 bw: BW3/QGV1 num_planes=0 deratedbw=38000 peakbw=266688
i915: parity P2 bw: BW3/QGV2 num_planes=0 deratedbw=38000 peakbw=266688
i915: parity P2 bw: BW3/QGV3 num_planes=0 deratedbw=38000 peakbw=266688
i915: parity P2 bw: BW3/PSF0 num_planes=0 bw=17067
i915: parity P2 bw: BW3/PSF1 num_planes=0 bw=34133
i915: parity P2 bw: BW3/PSF2 num_planes=0 bw=51200
i915: parity P2 bw: BW4/QGV0 num_planes=0 deratedbw=38000 peakbw=266688
i915: parity P2 bw: BW4/QGV1 num_planes=0 deratedbw=38000 peakbw=266688
i915: parity P2 bw: BW4/QGV2 num_planes=0 deratedbw=38000 peakbw=266688
i915: parity P2 bw: BW4/QGV3 num_planes=0 deratedbw=38000 peakbw=266688
i915: parity P2 bw: BW4/PSF0 num_planes=0 bw=17067
i915: parity P2 bw: BW4/PSF1 num_planes=0 bw=34133
i915: parity P2 bw: BW4/PSF2 num_planes=0 bw=51200
i915: parity P2 bw: BW5/QGV0 num_planes=0 deratedbw=38000 peakbw=266688
i915: parity P2 bw: BW5/QGV1 num_planes=0 deratedbw=38000 peakbw=266688
i915: parity P2 bw: BW5/QGV2 num_planes=0 deratedbw=38000 peakbw=266688
i915: parity P2 bw: BW5/QGV3 num_planes=0 deratedbw=38000 peakbw=266688
i915: parity P2 bw: BW5/PSF0 num_planes=0 bw=17067
i915: parity P2 bw: BW5/PSF1 num_planes=0 bw=34133
i915: parity P2 bw: BW5/PSF2 num_planes=0 bw=51200
i915: parity P2 bw: sagv_status=2 num_qgv_points=4 num_psf_points=3
i915: parity P2 dram: raw=0x00003420 type=0 channels=2 qgv_points=4 psf_gv_points=3 wm_lv0_adjust=0
i915: parity P2 bw: QGV 0 DCLK=16668 tRP=15 tRDPRE=4 tRAS=8 tRCD=0 tRC=23
i915: parity P2 bw: QGV 1 DCLK=16668 tRP=15 tRDPRE=4 tRAS=8 tRCD=0 tRC=23
i915: parity P2 bw: QGV 2 DCLK=16668 tRP=15 tRDPRE=4 tRAS=8 tRCD=0 tRC=23
i915: parity P2 bw: QGV 3 DCLK=16668 tRP=15 tRDPRE=4 tRAS=8 tRCD=0 tRC=23
i915: parity pcode read mbox=0x0000020d err=-12
i915: parity P2 bw: failed to read PSF point data; PSF points dropped
i915: parity P2 bw: BW0/QGV0 num_planes=0 deratedbw=38000 peakbw=266688
i915: parity P2 bw: BW0/QGV1 num_planes=0 deratedbw=38000 peakbw=266688
i915: parity P2 bw: BW0/QGV2 num_planes=0 deratedbw=38000 peakbw=266688
i915: parity P2 bw: BW0/QGV3 num_planes=0 deratedbw=38000 peakbw=266688
i915: parity P2 bw: BW1/QGV0 num_planes=2 deratedbw=38000 peakbw=266688
i915: parity P2 bw: BW1/QGV1 num_planes=2 deratedbw=38000 peakbw=266688
i915: parity P2 bw: BW1/QGV2 num_planes=2 deratedbw=38000 peakbw=266688
i915: parity P2 bw: BW1/QGV3 num_planes=2 deratedbw=38000 peakbw=266688
i915: parity P2 bw: BW2/QGV0 num_planes=0 deratedbw=38000 peakbw=266688
i915: parity P2 bw: BW2/QGV1 num_planes=0 deratedbw=38000 peakbw=266688
i915: parity P2 bw: BW2/QGV2 num_planes=0 deratedbw=38000 peakbw=266688
i915: parity P2 bw: BW2/QGV3 num_planes=0 deratedbw=38000 peakbw=266688
i915: parity P2 bw: BW3/QGV0 num_planes=0 deratedbw=38000 peakbw=266688
i915: parity P2 bw: BW3/QGV1 num_planes=0 deratedbw=38000 peakbw=266688
i915: parity P2 bw: BW3/QGV2 num_planes=0 deratedbw=38000 peakbw=266688
i915: parity P2 bw: BW3/QGV3 num_planes=0 deratedbw=38000 peakbw=266688
i915: parity P2 bw: BW4/QGV0 num_planes=0 deratedbw=38000 peakbw=266688
i915: parity P2 bw: BW4/QGV1 num_planes=0 deratedbw=38000 peakbw=266688
i915: parity P2 bw: BW4/QGV2 num_planes=0 deratedbw=38000 peakbw=266688
i915: parity P2 bw: BW4/QGV3 num_planes=0 deratedbw=38000 peakbw=266688
i915: parity P2 bw: BW5/QGV0 num_planes=0 deratedbw=38000 peakbw=266688
i915: parity P2 bw: BW5/QGV1 num_planes=0 deratedbw=38000 peakbw=266688
i915: parity P2 bw: BW5/QGV2 num_planes=0 deratedbw=38000 peakbw=266688
i915: parity P2 bw: BW5/QGV3 num_planes=0 deratedbw=38000 peakbw=266688
i915: parity P2 bw: sagv_status=2 num_qgv_points=4 num_psf_points=0
i915: parity P3 drm_vblank_init: vblank_slots=4 (per-pipe worker+timer+seqlock)
i915: parity P3 intel_bios_init: source=0 vbt_found=0 version=155 bdb_blocks=0 child_devices=3 missing_defaults=1 parser_errors=0 arena_peak=240
i915: parity P3 VBT child[0]: port=A dvo_port=0 type=0x1004 aux_ch=-1 ddc_pin=0 dp=1 edp=1 hdmi=0 typec=0 tbt=0 max_lanes=0 max_rate=0 hpd_invert=0 lane_reversal=0
i915: parity P3 VBT child[1]: port=B dvo_port=1 type=0x0014 aux_ch=-1 ddc_pin=0 dp=1 edp=0 hdmi=1 typec=0 tbt=0 max_lanes=0 max_rate=0 hpd_invert=0 lane_reversal=0
i915: parity P3 VBT child[2]: port=C dvo_port=2 type=0x0014 aux_ch=-1 ddc_pin=0 dp=1 edp=0 hdmi=1 typec=0 tbt=0 max_lanes=0 max_rate=0 hpd_invert=0 lane_reversal=0
i915: parity P3 intel_bios_init: source=0 vbt_found=0 version=155 bdb_blocks=0 child_devices=3 missing_defaults=1 parser_errors=0 arena_peak=240
i915: parity P3 VBT child[0]: port=A dvo_port=0 type=0x1004 aux_ch=-1 ddc_pin=0 dp=1 edp=1 hdmi=0 typec=0 tbt=0 max_lanes=0 max_rate=0 hpd_invert=0 lane_reversal=0
i915: parity P3 VBT child[1]: port=B dvo_port=1 type=0x0014 aux_ch=-1 ddc_pin=0 dp=1 edp=0 hdmi=1 typec=0 tbt=0 max_lanes=0 max_rate=0 hpd_invert=0 lane_reversal=0
i915: parity P3 VBT child[2]: port=C dvo_port=2 type=0x0014 aux_ch=-1 ddc_pin=0 dp=1 edp=0 hdmi=1 typec=0 tbt=0 max_lanes=0 max_rate=0 hpd_invert=0 lane_reversal=0
i915: parity P3 intel_bios_init: source=0 vbt_found=0 version=155 bdb_blocks=0 child_devices=3 missing_defaults=1 parser_errors=0 arena_peak=240
i915: parity P3 VBT explicit blob: name=zedbsd/vbt/dell-latitude-5330-1028-0b02.vbt requested=1 found=1 size=8704 sha256=3bff4a0920d55c9a.. hash_ok=1 valid=1 subsys=1028:0b03 subsys_ok=0 used=0 (explicit supply; OpRegion present=0 is unchanged)
i915: parity P3 VBT child[0]: port=A dvo_port=0 type=0x1004 aux_ch=-1 ddc_pin=0 dp=1 edp=1 hdmi=0 typec=0 tbt=0 max_lanes=0 max_rate=0 hpd_invert=0 lane_reversal=0
i915: parity P3 VBT child[1]: port=B dvo_port=1 type=0x0014 aux_ch=-1 ddc_pin=0 dp=1 edp=0 hdmi=1 typec=0 tbt=0 max_lanes=0 max_rate=0 hpd_invert=0 lane_reversal=0
i915: parity P3 VBT child[2]: port=C dvo_port=2 type=0x0014 aux_ch=-1 ddc_pin=0 dp=1 edp=0 hdmi=1 typec=0 tbt=0 max_lanes=0 max_rate=0 hpd_invert=0 lane_reversal=0
i915: parity P3 intel_bios_init: source=3 vbt_found=1 version=249 bdb_blocks=12 child_devices=4 missing_defaults=0 parser_errors=0 arena_peak=5184
i915: parity P3 VBT explicit blob: name=zedbsd/vbt/dell-latitude-5330-1028-0b02.vbt requested=1 found=1 size=8704 sha256=3bff4a0920d55c9a.. hash_ok=1 valid=1 subsys=1028:0b02 subsys_ok=1 used=1 (explicit supply; OpRegion present=0 is unchanged)
i915: parity P3 VBT child[0]: port=A dvo_port=10 type=0x1806 aux_ch=0 ddc_pin=9 dp=1 edp=1 hdmi=0 typec=0 tbt=0 max_lanes=4 max_rate=0 hpd_invert=0 lane_reversal=0
i915: parity P3 VBT child[1]: port=B dvo_port=7 type=0x60d2 aux_ch=1 ddc_pin=2 dp=0 edp=0 hdmi=1 typec=0 tbt=0 max_lanes=4 max_rate=0 hpd_invert=0 lane_reversal=0
i915: parity P3 VBT child[2]: port=D dvo_port=13 type=0x68c6 aux_ch=3 ddc_pin=9 dp=1 edp=0 hdmi=0 typec=1 tbt=1 max_lanes=4 max_rate=810000 hpd_invert=0 lane_reversal=0
i915: parity P3 VBT child[3]: port=E dvo_port=15 type=0x68c6 aux_ch=4 ddc_pin=10 dp=1 edp=0 hdmi=0 typec=1 tbt=1 max_lanes=4 max_rate=810000 hpd_invert=0 lane_reversal=0
i915: parity P3 intel_bios_init: source=0 vbt_found=0 version=155 bdb_blocks=0 child_devices=3 missing_defaults=1 parser_errors=0 arena_peak=240
i915: parity P3 VBT child[0]: port=A dvo_port=0 type=0x1004 aux_ch=-1 ddc_pin=0 dp=1 edp=1 hdmi=0 typec=0 tbt=0 max_lanes=0 max_rate=0 hpd_invert=0 lane_reversal=0
i915: parity P3 VBT child[1]: port=B dvo_port=1 type=0x0014 aux_ch=-1 ddc_pin=0 dp=1 edp=0 hdmi=1 typec=0 tbt=0 max_lanes=0 max_rate=0 hpd_invert=0 lane_reversal=0
i915: parity P3 VBT child[2]: port=C dvo_port=2 type=0x0014 aux_ch=-1 ddc_pin=0 dp=1 edp=0 hdmi=1 typec=0 tbt=0 max_lanes=0 max_rate=0 hpd_invert=0 lane_reversal=0
i915: parity P3 intel_power_domains_init: wells=30 allowed_dc=0x4000000a target_dc=0x2 disable_pw=1 (xelpd map)
i915: parity P1 gt_reset attempt=0 passes=2 time-base fault rc=-5
i915: parity P3 intel_power_domains_init: wells=30 allowed_dc=0x4000000a target_dc=0x2 disable_pw=1 (xelpd map)
i915: parity power well fuse PG6 wait timeout (continuing)
i915: parity power well fuse PG6 wait timeout (continuing)
i915: parity power well fuse PG6 wait timeout (continuing)
i915: parity power well fuse PG6 wait timeout (continuing)
i915: parity power well fuse PG6 wait timeout (continuing)
i915: parity power well fuse PG6 wait timeout (continuing)
i915: parity power well fuse PG6 wait timeout (continuing)
i915: parity power well fuse PG2 wait timeout (continuing)
i915: parity power well fuse PG6 wait timeout (continuing)
i915: parity power well PW_A enable ACK timeout (continuing)
i915: parity power well fuse PG6 wait timeout (continuing)
i915: parity pcode request mbox=0x00000007 timeout, retrying (preempt off)
i915: parity P3 intel_combo_phy_init: combo PHYs A/B (0 initialised)
i915: parity P3 intel_combo_phy_init: combo PHYs A/B (2 initialised)
i915: parity cdclk: sanitizing cdclk programmed by pre-os
i915: parity pcode request mbox=0x00000007 timeout, retrying (preempt off)
i915: parity cdclk: PCU prepare failed (err -42, freq 652800)
i915: parity cdclk: sanitizing cdclk programmed by pre-os
i915: parity cdclk: sanitizing cdclk programmed by pre-os
i915: parity pcode write mbox=0x00000007 err=-25
i915: parity cdclk: PCODE freq set failed (err -25, freq 556800)
i915: parity P3 intel_power_domains_init: wells=30 allowed_dc=0x4000000a target_dc=0x2 disable_pw=1 (xelpd map)
i915: parity P3 intel_combo_phy_init: combo PHYs A/B (2 initialised)
i915: parity cdclk: sanitizing cdclk programmed by pre-os
i915: parity P3 intel_combo_phy_init: combo PHYs A/B (0 initialised)
i915: parity P3 intel_power_domains_init: wells=30 allowed_dc=0x4000000a target_dc=0x2 disable_pw=1 (xelpd map)
i915: parity P3 intel_combo_phy_init: combo PHYs A/B (0 initialised)
i915: parity P3 intel_combo_phy_init: combo PHYs A/B (0 initialised)
i915: parity P3 intel_power_domains_init: wells=30 allowed_dc=0x4000000a target_dc=0x2 disable_pw=1 (xelpd map)
i915: parity P3 intel_combo_phy_init: combo PHYs A/B (2 initialised)
i915: parity display_core: stop at power_well_1_enable (adaptation-layer fault)
i915: parity pcode request mbox=0x00000007 timeout, retrying (preempt off)
i915: parity pcode request mbox=0x00000007 timeout, retrying (preempt off)
i915: parity P3 intel_power_domains_init: wells=30 allowed_dc=0x4000000a target_dc=0x2 disable_pw=1 (xelpd map)
i915: parity power well fuse PG1 wait timeout (continuing)
i915: DMC-PARSE rc=0 ver=2.20 pkg_ver=2 entries=6 css_len=128 main=1
i915: DMC-PARSE id=0 hv=3 off_dw=6301 start=0x80000 mmio=7 fwsz_dw=6274 payload=25096 present=1
i915: DMC-PARSE id=1 hv=3 off_dw=12639 start=0x90000 mmio=9 fwsz_dw=2547 payload=10188 present=1
i915: DMC-PARSE id=2 hv=3 off_dw=15250 start=0x98000 mmio=9 fwsz_dw=3066 payload=12264 present=1
i915: DMC-PARSE id=3 hv=3 off_dw=18380 start=0x52000 mmio=5 fwsz_dw=566 payload=2264 present=1
i915: DMC-PARSE id=4 hv=3 off_dw=19010 start=0x59000 mmio=5 fwsz_dw=566 payload=2264 present=1
i915: parity P3 intel_power_domains_init: wells=30 allowed_dc=0x4000000a target_dc=0x2 disable_pw=1 (xelpd map)
i915: parity P3 intel_combo_phy_init: combo PHYs A/B (2 initialised)
i915: dmc worker: proceeding to load
i915: parity P3 intel_combo_phy_init: combo PHYs A/B (0 initialised)
i915: parity P3 intel_power_domains_init: wells=30 allowed_dc=0x4000000a target_dc=0x2 disable_pw=1 (xelpd map)
i915: parity P3 intel_combo_phy_init: combo PHYs A/B (2 initialised)
i915: parity dmc: unknown DMC fw header version 7
i915: DMC-FINI ckpt A: init
i915: parity P3 intel_combo_phy_init: combo PHYs A/B (2 initialised)
i915: DMC-FINI ckpt B: queued, spawning fini thread
i915: DMC-FINI ckpt C: sleeping 40ms
i915: DMC-FINI thread: entering fini
i915: dmc worker: parked (test pause)
i915: DMC-FINI ckpt D: ws=1 fini_done=0
i915: DMC-FINI ckpt E: released pause
i915: dmc worker: proceeding to load
i915: DMC-FINI thread: fini returned
i915: parity P3 intel_combo_phy_init: combo PHYs A/B (2 initialised)
i915: dmc worker: proceeding to load
i915: parity Forcing SAGV disable: mask 0x5
i915: parity Forcing SAGV disable: mask 0x5
i915: parity pcode request mbox=0x0000000e timeout, retrying (preempt off)
i915: parity Failed to disable qgv points (-42) points: 0x5
i915: parity applying backlight present quirk
i915: parity applying DMI quirk
i915: parity Sanitized enable_fbc value: 1
i915: parity Sanitized enable_fbc value: 0
i915: parity Sanitized enable_fbc value: 0
i915: parity Disabling framebuffer compression (FBC) to prevent screen flicker with VT-d enabled
i915: parity Sanitized enable_fbc value: 0
i915: parity Sanitized enable_fbc value: 1
i915: parity Sanitized enable_fbc value: 0
i915: parity Sanitized enable_fbc value: 0
i915: parity Sanitized enable_fbc value: 0
i915: parity Sanitized enable_fbc value: 0
i915: parity Sanitized enable_fbc value: 1
i915: parity Assuming PCH ID 7a80
i915: parity Found Alder Lake PCH
i915: parity Found Alder Lake PCH
i915: parity Assuming PCH ID 7a80
i915: parity Found Alder Lake PCH
i915: parity Found Alder Lake PCH
i915: parity Display disabled, reverting to NOP PCH
i915: parity Found Ice Lake PCH
i915: parity Found Jasper Lake PCH
i915: parity Found Tiger Lake LP PCH
i915: parity Found Mule Creek Canyon PCH
i915: parity Found PantherPoint PCH
i915: parity Found Comet Lake V PCH (CMP-V)
i915: parity P3 intel_power_domains_init: wells=30 allowed_dc=0x4000000a target_dc=0x2 disable_pw=1 (xelpd map)
i915: parity WARN interrupt register 0xc4008 is not zero: 0xffffffff
i915: parity WARN interrupt register 0x60818 is not zero: 0xffffffff
i915: parity WARN interrupt register 0x61818 is not zero: 0xffffffff
i915: parity WARN interrupt register 0x62818 is not zero: 0xffffffff
i915: parity WARN interrupt register 0x63818 is not zero: 0xffffffff
i915: parity WARN interrupt register 0x44408 is not zero: 0xffffffff
i915: parity WARN interrupt register 0x44418 is not zero: 0xffffffff
i915: parity WARN interrupt register 0x44428 is not zero: 0xffffffff
i915: parity WARN interrupt register 0x44438 is not zero: 0xffffffff
i915: parity WARN interrupt register 0x44448 is not zero: 0xffffffff
i915: parity WARN interrupt register 0x44468 is not zero: 0xffffffff
i915: parity WARN interrupt register 0x44478 is not zero: 0xffffffff
i915: parity WARN interrupt register 0x444f8 is not zero: 0xffffffff
i915: parity Fault errors on pipe B: 0x00000080
i915: parity WARN Platform does not support port C
i915: parity VBT says port A is not DVI/HDMI/DP compatible, respect it
i915: parity Port A already claimed
i915: parity P3 intel_power_domains_init: wells=30 allowed_dc=0x4000000a target_dc=0x2 disable_pw=1 (xelpd map)
i915: parity WARN Platform does not support port C
i915: parity P5c [CRTC:A] hw state readout: disabled
i915: parity P5c [CRTC:B] hw state readout: disabled
i915: parity P5c [CRTC:C] hw state readout: disabled
i915: parity P5c [CRTC:D] hw state readout: disabled
i915: parity P5c [ENCODER port A] hw state readout: disabled pipe_mask=0x0 mst=0
i915: parity P5c [ENCODER port B] hw state readout: disabled pipe_mask=0x0 mst=0
i915: parity P5c DPLL 0 hw state readout: pipe_mask 0x0, on 0
i915: parity P5c DPLL 1 hw state readout: pipe_mask 0x0, on 0
i915: parity P5c TBT PLL hw state readout: pipe_mask 0x0, on 0
i915: parity P5c TC PLL 1 hw state readout: pipe_mask 0x0, on 0
i915: parity P5c TC PLL 2 hw state readout: pipe_mask 0x0, on 0
i915: parity P5c TC PLL 3 hw state readout: pipe_mask 0x0, on 0
i915: parity P5c TC PLL 4 hw state readout: pipe_mask 0x0, on 0
i915: parity P5c [CRTC:A] hw state readout: disabled
i915: parity P5c [CRTC:B] hw state readout: enabled
i915: parity P5c [CRTC:C] hw state readout: disabled
i915: parity P5c [CRTC:D] hw state readout: disabled
i915: parity P5c [ENCODER port A] hw state readout: disabled pipe_mask=0x0 mst=0
i915: parity P5c [ENCODER port B] hw state readout: enabled pipe_mask=0x2 mst=0
i915: parity P5c DPLL 0 hw state readout: pipe_mask 0x0, on 1
i915: parity P5c DPLL 1 hw state readout: pipe_mask 0x0, on 0
i915: parity P5c TBT PLL hw state readout: pipe_mask 0x0, on 0
i915: parity P5c TC PLL 1 hw state readout: pipe_mask 0x0, on 0
i915: parity P5c TC PLL 2 hw state readout: pipe_mask 0x0, on 0
i915: parity P5c TC PLL 3 hw state readout: pipe_mask 0x0, on 0
i915: parity P5c TC PLL 4 hw state readout: pipe_mask 0x0, on 0
i915: parity P5c [CRTC:A] hw state readout: disabled (power gated)
i915: parity P5c [CRTC:B] hw state readout: disabled (power gated)
i915: parity P5c [CRTC:C] hw state readout: disabled (power gated)
i915: parity P5c [CRTC:D] hw state readout: disabled (power gated)
i915: parity P5c [ENCODER port A] hw state readout: disabled pipe_mask=0x0 mst=0
i915: parity P5c [ENCODER port B] hw state readout: disabled pipe_mask=0x0 mst=0
i915: parity P5c DPLL 0 hw state readout: pipe_mask 0x0, on 1
i915: parity P5c DPLL 1 hw state readout: pipe_mask 0x0, on 0
i915: parity P5c TBT PLL hw state readout: pipe_mask 0x0, on 0
i915: parity P5c TC PLL 1 hw state readout: pipe_mask 0x0, on 0
i915: parity P5c TC PLL 2 hw state readout: pipe_mask 0x0, on 0
i915: parity P5c TC PLL 3 hw state readout: pipe_mask 0x0, on 0
i915: parity P5c TC PLL 4 hw state readout: pipe_mask 0x0, on 0
i915: parity P5c [CRTC:A] hw state readout: disabled
i915: parity P5c [CRTC:B] hw state readout: enabled
i915: parity P5c [CRTC:C] hw state readout: disabled
i915: parity P5c [CRTC:D] hw state readout: disabled
i915: parity P5c [ENCODER port A] hw state readout: disabled pipe_mask=0x0 mst=0
i915: parity P5c [ENCODER port B] hw state readout: enabled pipe_mask=0x2 mst=0
i915: parity P5c DPLL 0 hw state readout: pipe_mask 0x0, on 1
i915: parity P5c DPLL 1 hw state readout: pipe_mask 0x0, on 0
i915: parity P5c TBT PLL hw state readout: pipe_mask 0x0, on 0
i915: parity P5c TC PLL 1 hw state readout: pipe_mask 0x0, on 0
i915: parity P5c TC PLL 2 hw state readout: pipe_mask 0x0, on 0
i915: parity P5c TC PLL 3 hw state readout: pipe_mask 0x0, on 0
i915: parity P5c TC PLL 4 hw state readout: pipe_mask 0x0, on 0
i915: parity BIOS left unused DC_off power well enabled, disabling it
i915: parity DPLL 0 enabled but not in use, disabling
i915: parity BIOS left unused DC_off power well enabled, disabling it
i915: parity BIOS left unused DC_off power well enabled, disabling it
i915: parity BIOS left unused DC_off power well enabled, disabling it
i915: parity BIOS left unused DC_off power well enabled, disabling it
i915: parity [ENCODER port A] is disabled with an ungated DDI clock, gate it
i915: parity BIOS left unused DC_off power well enabled, disabling it
i915: parity WARN [CRTC:B] is active with no encoders: intel_crtc_disable_noatomic() is NOT implemented, pipe left as-is
i915: parity BIOS left unused DC_off power well enabled, disabling it
i915: parity BIOS left unused DC_off power well enabled, disabling it
i915: parity vcs2 fused off
i915: parity Unexpected fault addr=0x0 space=PPGTT engine_id=3
i915: parity INTR_IDENTITY_REG0:0 0x00000000 not valid!
i915: parity RC6/PG SKIPPED by the diagnostic switch (pg_enable would be 0x19f, ctl 0x40000)
i915: parity scanout: ABANDONED at GGTT 0x1fc0000 (8294400 bytes, owner ktest): the display was not shown to have stopped; pages, mapping and PTEs are kept
i915: parity gt_mem: object at GGTT 0x1fc0000 (2025 pages) NOT released: still owned by the display
i915: parity scanout: ABANDONED at GGTT 0x1fc0000 (8294400 bytes, owner lcd-b): the display was not shown to have stopped; pages, mapping and PTEs are kept
i915: parity gt_mem: object at GGTT 0x1fc0000 (2025 pages) NOT released: still owned by the display
i915: parity bcs0 stop_cs: MODE_IDLE timeout, head=0000 tail=0000
i915: parity bcs0 stop_cs: MODE_IDLE timeout, head=0040 tail=0000
i915: parity bcs0 dump(intel_gt_wait_for_idle -ETIME): HEAD=00000000 TAIL=00000000 START=00000000 CTL=00000000 ACTHD=00000000:00000000 IPEHR=00000000 INSTDONE=00000000 MI_MODE=00000000 ESR=00000000 EIR=00000000
i915: parity bcs0 dump(intel_gt_wait_for_idle -ETIME): EXECLIST_STATUS=00000000:00000000 CSB_PTR=ffff0b0b hwsp: csb_write=3 preempt=0 seqno=1 | sw: csb_head=3 submits=3 promotes=2 completes=2 errors=0 late=0 mmio=0 last=00008000:03ff8000
i915: parity bcs0 dump(intel_gt_wait_for_idle -ETIME): csb[0]=ffffffff:ffffffff
i915: parity bcs0 dump(intel_gt_wait_for_idle -ETIME): csb[1]=ffffffff:ffffffff
i915: parity bcs0 dump(intel_gt_wait_for_idle -ETIME): csb[2]=ffffffff:ffffffff
i915: parity bcs0 dump(intel_gt_wait_for_idle -ETIME): csb[3]=ffffffff:ffffffff
i915: parity bcs0 dump(intel_gt_wait_for_idle -ETIME): csb[4]=ffffffff:ffffffff
i915: parity bcs0 dump(intel_gt_wait_for_idle -ETIME): csb[5]=ffffffff:ffffffff
i915: parity bcs0 dump(intel_gt_wait_for_idle -ETIME): csb[6]=ffffffff:ffffffff
i915: parity bcs0 dump(intel_gt_wait_for_idle -ETIME): csb[7]=ffffffff:ffffffff
i915: parity bcs0 dump(intel_gt_wait_for_idle -ETIME): csb[8]=ffffffff:ffffffff
i915: parity bcs0 dump(intel_gt_wait_for_idle -ETIME): csb[9]=ffffffff:ffffffff
i915: parity bcs0 dump(intel_gt_wait_for_idle -ETIME): csb[10]=ffffffff:ffffffff
i915: parity bcs0 dump(intel_gt_wait_for_idle -ETIME): csb[11]=ffffffff:ffffffff
i915: parity bcs0 stop_cs: MODE_IDLE timeout, head=0000 tail=0000
i915: parity P1 gt_reset attempt=0 passes=2 rc=0
i915: parity bcs0 workaround lost on load! (reg[22050]=0x0, relevant bits were 0x0 vs expected 0x100) t: plain
i915: parity P3 intel_combo_phy_init: combo PHYs A/B (2 initialised)
i915: parity ktest (completion+workqueue): 474 checks, 0 failures
i915: runner-result: selftest=PASS selftest_scope=K0-K5 probe=COMPLETE last_op=i915_driver_register blocked_at=- cleanup=1 published=0
i915: parity runner thread end
