A64 UEFI ENTRY
A64 CFG MISSING 0x0000000000000000
A64 CFG MATCH 0x0000000000000001
A64 CFG SELECTED 0x0000000000000001
A64 CFG UUID BE5F-8D3E
A64 KERNEL vmunix
A64 PARAMS boot0=UUID=BE5F-8D3E video=640x480 overlay-root=boot0:rootfs.img overlay-data=boot0:data.img swap0=boot0:swapfile
A64 KERN LINK 0x0000000000200000
A64 KERN SIZE 0x00000000006ff000
Allocate kernel at linked address: 0x800000000000000e
A64 KERN LOAD 0x0000000001800000
A64 KERN RELOCATED away from the linked address
A64 UEFI ELF
A64 RSDP 0x000000007fb7e014
A64 GOP  0x0000000080000000
A64 LOW  0x00000000001f0000
A64 CR4  0x0000000000000668
A64 MAPSZ 0x0000000000001710
A64 DESCSZ 0x0000000000000030
A64 DESCVER 0x0000000000000001
A64 RANGES 0x000000000000002c
A64 MARK 1=EBS 2=MAP 3=CR3 4=KERN
A64 UEFI READY
A64 UEFI BOOT SERVICES EXITED
A64 UEFI EXIT

zedBSD amd64 HAL
A64 ENTRY PASS
A64 KERNEL link=200000-8ff000 load=1800000-1eff000 (relocated by the loader)
A64 KERNEL shadow 200000-a00000 reserved (linked slots behind the relocated image)
A64 MEMORY source=2 usable=4236144640 boot_reclaim=52183040 highest_usable=6442450944 allocator=1042747392
A64 RAM ARENA low=1110016 high=0 runs=2 root=29188096
A64 RAM PROBE boundary=1073741824 physical=1073741824 read=ok
A64 RAM PROBE boundary=4294967296 physical=4294967296 read=ok
A64 RAM MAP bytes=4288327680 tables=271 large=2036 small=4523
A64 RAM ALLOC extents=29 managed=4288327680 metadata=630784 free=4227428352 publication_limit=70368744177664
A64 PAGING PASS
A64 IDT READY
A64 ACPI RSDP PASS rev=2 rsdt=7FB7D074 xsdt=00000000:7FB7D0E8
A64 ACPI ROOT READY kind=XSDT length=84 entries=6
A64 ACPI MADT READY length=144 lapic=FEE00000
A64 ACPI MCFG READY regions=1
A64 ACPI READY cpus=4 ioapics=1 ecam=1 lapic=FEE00000
A64 APIC PREFLIGHT PASS id=0 base=00000000:FEE00900 madt=FEE00000 lock=0 result=active-xapic
A64 LAPIC READY id=0 base=FEE00000
A64 BOOT RECLAIM released=43794432 bytes ACPI/AP owners retained
A64 IOAPIC BEGIN index=0 address=FEC00000 gsi=0
A64 IOAPIC READY index=0 version=00170011 pins=24
A64 IOAPIC ROUTING READY controllers=1 destination=0
A64 TIMER CAL BEGIN
A64 TIMECOUNTER KVM clock-features 0x40000001 eax=0x1007efb clocksource=1 clocksource2=1 stable_bit=1 -> PIT-calibrated TSC (pvclock backend TODO)
A64 TIMECOUNTER CAS-SELFTEST 120-then-110=PASS 110-then-120=PASS
A64 TIMECOUNTER CANDIDATE policy=1 max=32 ratio=0/0 crystal=0 invariant=0 adjust=1
A64 TIMECOUNTER PIT READY hz=0:2497143229
A64 TIMER CAL READY ticks=626629
A64 TIMER READY
A64 CONSOLE IRQ READY
A64 IRQ READY
boot: kernel heap, process, and scheduler initialization
A64 TIMER TICK
A64 XMM CONTEXT PASS
A64 APIC PREFLIGHT PASS id=1 base=00000000:FEE00800 madt=FEE00000 lock=0 result=active-xapic
A64 TIMECOUNTER AP PASS cpu=1 reason=ok generation=0 rounds=8 width=0:421
A64 APIC PREFLIGHT PASS id=2 base=00000000:FEE00800 madt=FEE00000 lock=0 result=active-xapic
A64 TIMECOUNTER AP PASS cpu=2 reason=ok generation=0 rounds=8 width=0:455
A64 APIC PREFLIGHT PASS id=3 base=00000000:FEE00800 madt=FEE00000 lock=0 result=active-xapic
A64 TIMECOUNTER AP PASS cpu=3 reason=ok generation=0 rounds=8 width=0:465
A64 TIMECOUNTER READ cpu=0 status=pass reads=64
A64 TIMECOUNTER READ cpu=1 status=pass reads=64
A64 TIMECOUNTER READ cpu=2 status=pass reads=64
A64 TIMECOUNTER READ cpu=3 status=pass reads=64
A64 TIMECOUNTER READY cpus=4 source=pit hz=0:2497143229
I/O pool large=16 small=16 resident=1118208 budget=4194304
boot: HAL initialized successfully. [cpu 4, memory 4089MB, timer 10ms]
boot: CPUs ready: 4
boot: platform device discovery
usb: URB completion contract q009-release-acquire-v1
pci: ECAM segment 0000 bus 00 at 00000000:e0000000
i915: device 8086:46a8 rev 0c (experimental native driver, no display)
i915: parity runner: device registered, probe deferred to readiness
graphics: built-in VGA 8x16 font selected
boot: platform devices detected: 0
boot: waiting up to 5 seconds for boot storage
boot: boot-storage wait expired
boot: parameters: boot0=UUID=BE5F-8D3E video=640x480 overlay-root=boot0:rootfs.img overlay-data=boot0:data.img swap0=boot0:swapfile
boot: ignored 1 unknown parameter; first=video
i915: i9p15a: rpairittyy r unrner tuhrenadn beegrin  (sextecautrion base ready)
ted (thread handle recorded)
boot: VFS i9i1n5i:t ipaalriiztayt iaotnt
ach begin (stop_after=P3)
vfs: boot BIOS=80 GPT partition=unknown devices=0
i915: parity PM probe get_sync: cfg_vendor=0x8086 usage=1 active=1 resume_rc=0
input: /dev/input/event0: PC/AT PS/2 mouse
i915: parity P0 pci_enable_device ok (commandi=n0pxu0t0:0 7/)d
ev/input/event1: PC/AT PS/2 keyboard
vfs: native boot disk=none physical disks=i09
15: parity P1 uncore BAR mapped (8388608 bytes)
vfs: boot0 selector resolution failed (error 6)
VFS initialization failed (6i)9;1 5e:n tpearriintgy  iPd1l ed.e
vice_info: slice_fuse=0x00000001(1) dss_fuse=0x0000001f(5 DSS)
VFS initialization failed (6); entering idle.
i915: parity P1 gt_init_mmio: clock=19200000Hz period=52ns sseu(slice=0x1 dss=0x1f eu/ss=16 total=80) l3bank=0x7 engine_mask=0x10503 engines=5 fault=0x0
i915: parity P1 engine[0] rcs0: class=0 inst=0 base=0x02000 reset_domain=0x2 ctx_size=57344 caps=0x0
i915: parity P1 engine[1] bcs0: class=3 inst=0 base=0x22000 reset_domain=0x4 ctx_size=8192 caps=0x0
i915: parity P1 engine[2] vcs0: class=1 inst=0 base=0x1c0000 reset_domain=0x8 ctx_size=8192 caps=0x3
i915: parity P1 engine[3] vcs2: class=1 inst=2 base=0x1d0000 reset_domain=0x20 ctx_size=8192 caps=0x1
i915: parity P1 engine[4] vecs0: class=2 inst=0 base=0x1c8000 reset_domain=0x80 ctx_size=8192 caps=0x2
i915: parity P1 gt_reset attempt=0 passes=2 rc=0
i915: parity P1 sanitize_gpu __intel_gt_reset(ALL_ENGINES) ok
i915: parity P2 dma_request: streaming_mask=0x7fffffffff coherent_mask=0x7fffffffff max_seg=0xffffffff
i915: parity P2 dma_backend: bus_bits=32 i915_bits=39 i915_max_seg=0xffffffff coherent=1
i915: parity P2 ggtt_probe: ggms=3 entries=1048576 (4096 MiB GPU VA window)
i915: parity P2 scratch: cpu=0xffff80010016a000 dma=0x10016a000 len=0x1000 ggtt_pte=0x10016a001
i915: parity env: phys_bits=39 cpu_limit=0x7fffffffff bar2_raw=0x0000000c bar3_raw=0x00000070
i915: parity P2 ggtt_init_hw: gmadr=0x7000000000 mappable_end=0x10000000
i915: parity P2 ggtt_init_hw: WC aperture mapped base=0x7000000000 requested_size=0x10000000 mapped_size=0x10000000 va=0xffffffffe1000000 attr=RW|WC
i915: parity P2 ggtt_init_hw: 32 fence registers initialized
i915: parity P2 pci_set_master ok (command=0x0007)
i915: parity P2 pci_enable_msi ok (vector programmed, msi_enabled=1, handler unattached)
i915: parity P2 pci_enable_msi kept for P4 (resource retained)
i915: parity P2 opregion: ASLS=0x00000000
i915: parity P2 opregion: absent (ASLS=0): no OpRegion data, no runtime protocol
i915: parity P2 dram: raw=0x00003420 type=0 channels=2 qgv_points=4 psf_gv_points=3 wm_lv0_adjust=0
i915: parity P2 bw: QGV 0 DCLK=2134 tRP=15 tRDPRE=8 tRAS=35 tRCD=15 tRC=50
i915: parity P2 bw: QGV 1 DCLK=2934 tRP=21 tRDPRE=12 tRAS=47 tRCD=21 tRC=68
i915: parity P2 bw: QGV 2 DCLK=3201 tRP=22 tRDPRE=12 tRAS=52 tRCD=22 tRC=74
i915: parity P2 bw: QGV 3 DCLK=2668 tRP=19 tRDPRE=10 tRAS=43 tRCD=19 tRC=62
i915: parity P2 bw: PSF GV 0 CLK=32
i915: parity P2 bw: PSF GV 1 CLK=48
i915: parity P2 bw: PSF GV 2 CLK=48
i915: parity P2 bw: BW0/QGV0 num_planes=0 deratedbw=9299 peakbw=34144
i915: parity P2 bw: BW0/QGV1 num_planes=0 deratedbw=10925 peakbw=46944
i915: parity P2 bw: BW0/QGV2 num_planes=0 deratedbw=11707 peakbw=51216
i915: parity P2 bw: BW0/QGV3 num_planes=0 deratedbw=10508 peakbw=42688
i915: parity P2 bw: BW0/PSF0 num_planes=0 bw=34133
i915: parity P2 bw: BW0/PSF1 num_planes=0 bw=51200
i915: parity P2 bw: BW0/PSF2 num_planes=0 bw=51200
i915: parity P2 bw: BW1/QGV0 num_planes=2 deratedbw=11064 peakbw=34144
i915: parity P2 bw: BW1/QGV1 num_planes=2 deratedbw=13813 peakbw=46944
i915: parity P2 bw: BW1/QGV2 num_planes=2 deratedbw=14899 peakbw=51216
i915: parity P2 bw: BW1/QGV3 num_planes=2 deratedbw=13010 peakbw=42688
i915: parity P2 bw: BW1/PSF0 num_planes=2 bw=34133
i915: parity P2 bw: BW1/PSF1 num_planes=2 bw=51200
i915: parity P2 bw: BW1/PSF2 num_planes=2 bw=51200
i915: parity P2 bw: BW2/QGV0 num_planes=0 deratedbw=12225 peakbw=34144
i915: parity P2 bw: BW2/QGV1 num_planes=0 deratedbw=15917 peakbw=46944
i915: parity P2 bw: BW2/QGV2 num_planes=0 deratedbw=17252 peakbw=51216
i915: parity P2 bw: BW2/QGV3 num_planes=0 deratedbw=14768 peakbw=42688
i915: parity P2 bw: BW2/PSF0 num_planes=0 bw=34133
i915: parity P2 bw: BW2/PSF1 num_planes=0 bw=51200
i915: parity P2 bw: BW2/PSF2 num_planes=0 bw=51200
i915: parity P2 bw: BW3/QGV0 num_planes=0 deratedbw=12902 peakbw=34144
i915: parity P2 bw: BW3/QGV1 num_planes=0 deratedbw=17230 peakbw=46944
i915: parity P2 bw: BW3/QGV2 num_planes=0 deratedbw=18731 peakbw=51216
i915: parity P2 bw: BW3/QGV3 num_planes=0 deratedbw=15838 peakbw=42688
i915: parity P2 bw: BW3/PSF0 num_planes=0 bw=34133
i915: parity P2 bw: BW3/PSF1 num_planes=0 bw=51200
i915: parity P2 bw: BW3/PSF2 num_planes=0 bw=51200
i915: parity P2 bw: BW4/QGV0 num_planes=0 deratedbw=13269 peakbw=34144
i915: parity P2 bw: BW4/QGV1 num_planes=0 deratedbw=17970 peakbw=46944
i915: parity P2 bw: BW4/QGV2 num_planes=0 deratedbw=19569 peakbw=51216
i915: parity P2 bw: BW4/QGV3 num_planes=0 deratedbw=16433 peakbw=42688
i915: parity P2 bw: BW4/PSF0 num_planes=0 bw=34133
i915: parity P2 bw: BW4/PSF1 num_planes=0 bw=51200
i915: parity P2 bw: BW4/PSF2 num_planes=0 bw=51200
i915: parity P2 bw: BW5/QGV0 num_planes=0 deratedbw=13460 peakbw=34144
i915: parity P2 bw: BW5/QGV1 num_planes=0 deratedbw=18365 peakbw=46944
i915: parity P2 bw: BW5/QGV2 num_planes=0 deratedbw=20017 peakbw=51216
i915: parity P2 bw: BW5/QGV3 num_planes=0 deratedbw=16748 peakbw=42688
i915: parity P2 bw: BW5/PSF0 num_planes=0 bw=34133
i915: parity P2 bw: BW5/PSF1 num_planes=0 bw=51200
i915: parity P2 bw: BW5/PSF2 num_planes=0 bw=51200
i915: parity P2 bw: sagv_status=2 num_qgv_points=4 num_psf_points=3
i915: parity P2 hw_probe tail: dram_detect rc=0 bw_init rc=0 sagv=2
i915: parity P3 display_driver_probe_noirq enter (device state carried from P2, msi_kept=1)
i915: parity P3 drm_vblank_init: vblank_slots=4 (per-pipe worker+timer+seqlock)
i915: parity P3 intel_bios_init: source=0 vbt_found=0 version=155 bdb_blocks=0 child_devices=3 missing_defaults=1 parser_errors=0 arena_peak=240
i915: parity P3 VBT child[0]: port=A dvo_port=0 type=0x1004 aux_ch=-1 ddc_pin=0 dp=1 edp=1 hdmi=0 typec=0 tbt=0 max_lanes=0 max_rate=0 hpd_invert=0 lane_reversal=0
i915: parity P3 VBT child[1]: port=B dvo_port=1 type=0x0014 aux_ch=-1 ddc_pin=0 dp=1 edp=0 hdmi=1 typec=0 tbt=0 max_lanes=0 max_rate=0 hpd_invert=0 lane_reversal=0
i915: parity P3 VBT child[2]: port=C dvo_port=2 type=0x0014 aux_ch=-1 ddc_pin=0 dp=1 edp=0 hdmi=1 typec=0 tbt=0 max_lanes=0 max_rate=0 hpd_invert=0 lane_reversal=0
i915: parity P3 intel_bios_init done: source=0 vbt_found=0 version=155 child_devices=3
i915: parity P3 intel_vga_register: client=registered gmch_bridge=found ret=0
i915: parity P3 intel_power_domains_init: wells=30 allowed_dc=0x4000000a target_dc=0x2 disable_pw=1 (xelpd map)
i915: parity N0 platform: hypervisor=1 (CPUID.1:ECX[31]; recorded, not a driver mode)
i915: parity N0 opregion: ASLS=0x00000000 mapped=0 sig=0 ver=0.0.0 size=0KiB mboxes=0x0 | VBT via none (rvda=0x0 rvds=0 relative=0 inside=0 phys=0x0) mapped=0 size=0 valid=0 sha256=-.. matches explicit pin=0
i915: parity N0 vt-d (GPU unit): GFXVTBAR=0xfed90001 enabled=1 view=guest VER=0x00000000 readable=0 GSTS=0x00000000 (TES bit31) PMEN=0x00000000 (EPM bit0 / PRS bit31)
i915: parity N0 vt-d GSTS decoded: TES=0 RTPS=0 FLS=0 AFLS=0 WBFS=0 QIES=0 IRES=0 IRTPS=0 CFIS=0 | PMEN EPM=0 PRS=0 (not register values)
i915: parity N0 VBT: observed none 0 bytes sha256=-.. | adopted by the parser: NONE 0 bytes sha256=-.. | same bytes=0
i915: parity N0 firmware framebuffer: present=1 base=0x80000000 size=0x12c000 in_aperture=0 GGTT pages 0..0 | driver writes GGTT pages 1040128..1048576 overlap=0
i915: parity N0 pipe A: POWER_OFF -- not_readable (its wells' STATE is off: counted inactive, as the reference readout concludes; its registers were not read)
i915: parity N0 pipe B: POWER_OFF -- not_readable (its wells' STATE is off: counted inactive, as the reference readout concludes; its registers were not read)
i915: parity N0 pipe C: POWER_OFF -- not_readable (its wells' STATE is off: counted inactive, as the reference readout concludes; its registers were not read)
i915: parity N0 pipe D: POWER_OFF -- not_readable (its wells' STATE is off: counted inactive, as the reference readout concludes; its registers were not read)
i915: parity N0 pipe-A domain: not read (pipe A's wells are off)
i915: parity N0 decision: PROCEED -- start conditions match the prepared path (no active pipe, no overlap; VT-d: guest view, the host owns the unit) (active pipes 0x0, unreadable 0xf)
i915: parity N0 conditions: primary=0x0 observed=0x0 []
i915: parity N0 before-N0: PCI COMMAND firmware=0x0007 now=0x0007 (BME/MEM set at P2; restored on teardown) | done already: GT reset (GDRST full, display untouched on ADL-P), GT fault/error-register clears, fence clears (0..31), PCODE reads, MSI enabled (no handler), WC CPU view of the aperture | not done: any display register, any GGTT PTE, any D-state change
i915: parity P3 intel_combo_phy_init: combo PHYs A/B (0 initialised)
i915: parity cdclk: sanitizing cdclk programmed by pre-os
i915: parity P3 intel_combo_phy_init: combo PHYs A/B (0 initialised)
i915: parity P3 intel_power_domains_init_hw(false) done: cdclk=179200 vco=537600 dbuf=0x1 init_ref=1 sync_hw=1
i915: dmc worker: proceeding to load
i915: parity P3 intel_dmc_init: revid=0xc step=D0 DMC load queued (path=i915/adlp_dmc.bin, work_submitted=1)
i915: parity P3 modeset/flip workqueues: modeset=1 flip=1
i915: parity Forcing SAGV disable: mask 0x10b
i915: parity P3 intel_bw_init: obj=3 sagv_forced=1 qgv=0x4 psf=0x6 mask=0x10b pcode=0 sagv_status=1
i915: parity PCIID cached: ven=0x8086 dev=0x46a8 rev=0x0c subsys=1028:0b02 | live: ven=0x8086 dev=0x46a8 rev=0x0c subsys=1028:0b02
i915: parity P3 intel_init_quirks: dev=0x46a8 subsys=1028:0b02 quirk_mask=0x0 hooks=0 dmi_available=0
i915: parity Sanitized enable_fbc value: 1
i915: parity P3 intel_fbc_init: fbc_mask=0x1 enable_fbc=1 created=1 funcs=6
i915: parity P3 probe_noirq COMPLETE: global objs=4 (order: cdclk,dbuf,bw,pmdemand) mode_config max=16384x16384 cursor=256x256 async_flip=1
i915: parity Assuming PCH ID 7a80
i915: parity Found Alder Lake PCH
i915: parity P4 intel_detect_pch: type=8 id=0x7a80 source=2 bridges=1 bridge_dev=0x2918 subsys=1af4:1100
i915: parity P4 intel_irq_install: rc=0 msi_irq=16 attached=1 gt_irqs=0x909 dmask=0x9090909 smask=0x9090000 reset_writes=62 post_writes=28
i915: parity P4 de masks: pipe_masked=0x10100f80 pipe_enables=0x90700f89 port_masked=0x3f07 misc_masked=0x80000 de_irq_mask[A]=0xefeff07f master_enabled=1
i915: parity P4 irq observed: count=0 handled=0 none=0 gt=0 display=0 last_master_ctl=0x0 gu_misc_iir=0x0
i915: parity P4 gt irq: banks=0/0 identity=0 invalid=0 engine=0 other=0 unknown=0 user=0 ctxsw=0 err=0 sema=0
i915: parity P5-0 survey pipe A: power(pipe=1 trans=1) TRANSCONF=0x00000000 TRANS_DDI_FUNC_CTL=0x00030000 PLANE_CTL(1)=0x00000008
i915: parity P5-0 survey pipe B: power(pipe=1 trans=1) TRANSCONF=0x00000000 TRANS_DDI_FUNC_CTL=0x00030000 PLANE_CTL(1)=0x00000008
i915: parity P5-0 survey pipe C: power(pipe=1 trans=1) TRANSCONF=0x00000000 TRANS_DDI_FUNC_CTL=0x00030000 PLANE_CTL(1)=0x00000008
i915: parity P5-0 survey pipe D: power(pipe=1 trans=1) TRANSCONF=0x00000000 TRANS_DDI_FUNC_CTL=0x00030000 PLANE_CTL(1)=0x00000008
i915: parity P5-0 survey DDI A: DDI_BUF_CTL=0x00000080
i915: parity P5-0 survey DDI B: DDI_BUF_CTL=0x00000080
i915: parity P5-0 survey DDI TC1: DDI_BUF_CTL=0x00000080
i915: parity P5-0 survey DDI TC2: DDI_BUF_CTL=0x00000080
i915: parity P5-0 survey DDI TC3: DDI_BUF_CTL=0x00000080
i915: parity P5-0 survey DDI TC4: DDI_BUF_CTL=0x00000080
i915: parity P5-0 survey PLL DPLL0: ENABLE=0x00000000
i915: parity P5-0 survey PLL DPLL1: ENABLE=0x00000000
i915: parity P5-0 survey PLL TBT: ENABLE=0x00000000
i915: parity P5-0 survey PLL TC1: ENABLE=0x00000000
i915: parity P5-0 survey PLL TC2: ENABLE=0x00000000
i915: parity P5-0 survey PLL TC3: ENABLE=0x00000000
i915: parity P5-0 survey PLL TC4: ENABLE=0x00000000
i915: parity P5-0 survey wells: total=30 on=8 on_unused=0
i915: parity SAGV supported: yes, original SAGV block time: 35 us
i915: parity P5 4 display pipes available.
i915: parity P5 Current CDCLK: cdclk=179200 vco=537600 ref=38400 voltage=0
i915: parity P5a wm: levels=6 latency=3/54/83/102/147/147/144/144 valid=1 sagv_status=1 block_time=35us
i915: parity P5a objects: crtcs=4 planes/crtc=6 scalers=2 dplls=7(mgr=1) gmbus_pins=9 pps_base=0x61200 gmbus_base=0xc0000
i915: parity P5a hw: max_cdclk=652800 nssc_ref=38400 adlp_wa=1 hti_read=0 vga_already_off=1 vga_disabled=0 writes=2 (gmbus_adapters/hdcp_component unimplemented: 1/1)
i915: parity WARN Platform does not support port C
i915: parity P5b setup_outputs: vbt_children=3 ddi_init=3 encoders=2 skipped=1 crt_present=0
i915: parity P5b encoder[0]: port=A phy=0 tc=0 clk=1 pd=17 dvo=0x00 dev_type=0x1004 dp=1 hdmi=0
i915: parity P5b encoder[1]: port=B phy=1 tc=0 clk=1 pd=18 dvo=0x01 dev_type=0x14 dp=1 hdmi=1
i915: parity P5b ddi skip[0]: port=2 reason=3
i915: parity P5c [CRTC:A] hw state readout: disabled
i915: parity P5c [CRTC:B] hw state readout: disabled
i915: parity P5c [CRTC:C] hw state readout: disabled
i915: parity P5c [CRTC:D] hw state readout: disabled
i915: parity P5c [ENCODER port A] hw state readout: disabled pipe_mask=0x0 mst=0
i915: parity P5c [ENCODER port B] hw state readout: disabled pipe_mask=0x0 mst=0
i915: parity P5c DPLL 0 hw state readout: pipe_mask 0x0, on 0
i915: parity P5c DPLL 1 hw state readout: pipe_mask 0x0, on 0
i915: parity P5c TBT PLL hw state readout: pipe_mask 0x0, on 0
i915: parity P5c TC PLL 1 hw state readout: pipe_mask 0x0, on 0
i915: parity P5c TC PLL 2 hw state readout: pipe_mask 0x0, on 0
i915: parity P5c TC PLL 3 hw state readout: pipe_mask 0x0, on 0
i915: parity P5c TC PLL 4 hw state readout: pipe_mask 0x0, on 0
i915: parity P5c readout: crtcs=4 active_pipes=0x0 planes_visible=0 encoders_linked=0 dplls_on=0 (detail readout unimplemented: 1)
i915: parity P5d sanitize: vblank_resets=4 dmc_pipes=0 vblank_on=0 fbc_deact=0 enc_clk_gated=0 dplls_disabled=0 wells_disabled=0 cmtg_wa=0 early_was=0 wm_read=1 (crtc_disable_noatomic needed: 0)
i915: parity P6a tables: gt_wa=5 mocs(uc_index=3 entries=64) rps(rp0=72 rp1=18 min=6 eff=18 pcode=1) rc6_supported=1
i915: parity WA-MANIFEST GT 'gt_wa': 5 entries
i915: parity WA GT reg=0x00fdc clr=0x7f000000 set=0x00000000 rmask=0x7f000000 kind=0 mcr=0 MCR steering (icl_wa_init_mcr)
i915: parity WA GT reg=0x1c3f10 clr=0x00400000 set=0x00400000 rmask=0x00400000 kind=0 mcr=0 Wa_14011060649
i915: parity WA GT reg=0x1d3f10 clr=0x00400000 set=0x00400000 rmask=0x00400000 kind=0 mcr=0 Wa_14011060649
i915: parity WA GT reg=0x09550 clr=0x00000200 set=0x00000200 rmask=0x00000200 kind=0 mcr=1 Wa_14011059788
i915: parity WA GT reg=0x09424 clr=0x00000002 set=0x00000000 rmask=0x00000000 kind=2 mcr=0 Wa_14015795083
i915: parity P6a rcs0: engine_wa=8 ctx_wa=5 whitelist=4
i915: parity WA-MANIFEST ENGINE 'rcs0': 8 entries
i915: parity WA ENGINE reg=0x020c4 clr=0x00000000 set=0x3fff0306 rmask=0x00003fff kind=1 mcr=0 fake: RING_CMD_CCTL MOCS
i915: parity WA ENGINE reg=0x020ec clr=0x00000000 set=0x00020002 rmask=0x00000002 kind=1 mcr=0 Wa_1606700617
i915: parity WA ENGINE reg=0x0e4f4 clr=0x00000000 set=0x41004100 rmask=0x00004100 kind=1 mcr=1 Wa_1606931601
i915: parity WA ENGINE reg=0x020a0 clr=0x00080000 set=0x00080000 rmask=0x00080000 kind=0 mcr=0 Wa_14010919138
i915: parity WA ENGINE reg=0x0e18c clr=0x00000000 set=0x80008000 rmask=0x00008000 kind=1 mcr=1 Wa_1406941453
i915: parity WA ENGINE reg=0x0e48c clr=0x00000000 set=0x02000200 rmask=0x00000200 kind=1 mcr=1 Wa_14010229206
i915: parity WA ENGINE reg=0x02050 clr=0x00000000 set=0x10801080 rmask=0x00001080 kind=1 mcr=0 Wa_1607297627
i915: parity WA ENGINE reg=0x020e0 clr=0x00000000 set=0x40004000 rmask=0x00004000 kind=1 mcr=0 perctx preempt ctrl
i915: parity WA-MANIFEST CTX 'ctx_wa': 5 entries
i915: parity WA CTX reg=0x07304 clr=0x00000000 set=0x02000200 rmask=0x00000200 kind=1 mcr=0 Wa_1409142259
i915: parity WA CTX reg=0x02580 clr=0x00000000 set=0x00060002 rmask=0x00000006 kind=1 mcr=0 WaDisableGPGPUMidThreadPreemption
i915: parity WA CTX reg=0x06604 clr=0xffffffff set=0xe0040000 rmask=0x00000000 kind=2 mcr=0 Wa_16011163337 (FF_MODE2)
i915: parity WA CTX reg=0x07018 clr=0x00000000 set=0x20002000 rmask=0x00002000 kind=1 mcr=0 Wa_1806527549
i915: parity WA CTX reg=0x07300 clr=0x00000000 set=0x00400040 rmask=0x00000040 kind=1 mcr=0 Wa_1606376872
i915: parity WA-MANIFEST WHITELIST 'whitelist': 4 entries
i915: parity WA WHITELIST reg=0x10002349 clr=0x00000000 set=0x00000000 rmask=0x00000000 kind=0 mcr=0 Wa_1408556865 (PS_INVOCATION_COUNT x4)
i915: parity WA WHITELIST reg=0x07010 clr=0x00000000 set=0x00000000 rmask=0x00000000 kind=0 mcr=0 Wa_1508744258
i915: parity WA WHITELIST reg=0x07018 clr=0x00000000 set=0x00000000 rmask=0x00000000 kind=0 mcr=0 Wa_1806527549 (whitelist)
i915: parity WA WHITELIST reg=0x07304 clr=0x00000000 set=0x00000000 rmask=0x00000000 kind=0 mcr=0 tuning
i915: parity P6a bcs0: engine_wa=1 ctx_wa=1 whitelist=1
i915: parity P6a vcs0: engine_wa=1 ctx_wa=0 whitelist=1
i915: parity P6a vcs2: engine_wa=1 ctx_wa=0 whitelist=1
i915: parity P6a vecs0: engine_wa=1 ctx_wa=0 whitelist=1
i915: parity P6c mem: ggtt window first=1048320 pages=256 (of 1048576) scratch ggtt=0xfff00000 ppgtt top_pd dma=0x100213000 objects=6
i915: parity P6c rcs0: hwsp=0xfff01000 kctx state=0xfff02000 (16 pages, wa_bb_page=14) ring=0xfff12000 lrca=0xfff02119 ccid=0x00000000 bb=32 dw
i915: parity P6c bcs0: hwsp=0xfff13000 kctx state=0xfff14000 (4 pages, wa_bb_page=2) ring=0xfff18000 lrca=0xfff14119 ccid=0x60000000 bb=32 dw
i915: parity P6c vcs0: hwsp=0xfff19000 kctx state=0xfff1a000 (4 pages, wa_bb_page=2) ring=0xfff1e000 lrca=0xfff1a119 ccid=0x20000000 bb=32 dw
i915: parity P6c vcs2: hwsp=0xfff1f000 kctx state=0xfff20000 (4 pages, wa_bb_page=2) ring=0xfff24000 lrca=0xfff20119 ccid=0x20020000 bb=32 dw
i915: parity P6c vecs0: hwsp=0xfff25000 kctx state=0xfff26000 (4 pages, wa_bb_page=2) ring=0xfff2a000 lrca=0xfff26119 ccid=0x40000000 bb=32 dw
i915: parity P1 gt_reset attempt=0 passes=2 rc=0
i915: parity P6c resume: rc=0 reset_engines=0 stop_cs_timeouts=0 engines_resumed=5 l3cc(rcs, mocs_init_engine)=32
i915: parity P6b hw: pat=1 gt_wa(w=1 skip=4 ok=4 mismatch=0 noverify=1) mocs(global=64 l3cc=32) whitelist_writes=60 engines=5
i915: parity P6b rcs0 wa: w=8 skip=0 ok=8 mismatch=0 noverify=0
i915: parity P6b bcs0 wa: w=1 skip=0 ok=1 mismatch=0 noverify=0
i915: parity P6b vcs0 wa: w=1 skip=0 ok=1 mismatch=0 noverify=0
i915: parity P6b vcs2 wa: w=1 skip=0 ok=1 mismatch=0 noverify=0
i915: parity P6b vecs0 wa: w=1 skip=0 ok=1 mismatch=0 noverify=0
i915: parity P6b pm: rps_enabled=1 rc6_enabled=1 rc6_ctl=0x40000 pg_enable=0x19f (rc6 skipped by switch: 0)
i915: parity P6c rcs0 resume: stop_cs=0 mi_fw_pending=0x0 esr=0x0 | readback HWS_PGA=0xfff01000 (want 0xfff01000) MODE_GEN7=0x00000008 MI_MODE=0x00000200 HEAD=0x00000000 TAIL=0x00000000
i915: parity P6c bcs0 resume: stop_cs=0 mi_fw_pending=0x0 esr=0x0 | readback HWS_PGA=0xfff13000 (want 0xfff13000) MODE_GEN7=0x00000008 MI_MODE=0x00000200 HEAD=0x00000000 TAIL=0x00000000
i915: parity P6c vcs0 resume: stop_cs=0 mi_fw_pending=0x0 esr=0x0 | readback HWS_PGA=0xfff19000 (want 0xfff19000) MODE_GEN7=0x00000008 MI_MODE=0x00000200 HEAD=0x00000000 TAIL=0x00000000
i915: parity P6c vcs2 resume: stop_cs=0 mi_fw_pending=0x0 esr=0x0 | readback HWS_PGA=0xfff1f000 (want 0xfff1f000) MODE_GEN7=0x00000008 MI_MODE=0x00000200 HEAD=0x00000000 TAIL=0x00000000
i915: parity P6c vecs0 resume: stop_cs=0 mi_fw_pending=0x0 esr=0x0 | readback HWS_PGA=0xfff25000 (want 0xfff25000) MODE_GEN7=0x00000008 MI_MODE=0x00000200 HEAD=0x00000000 TAIL=0x00000000
i915: parity P6c record_defaults: rc=0 where=- polls=5 timed_out=0 wedged=0 | gt irq during: user=8 ctx_switch=11 engine=12 error=0
i915: parity P6c rcs0 defaults: state=3 rq_seqno=2 krq_seqno=1 hwsp_seqno=1 | el submits=2 promotes=2 completes=2 errors=0 late=0 mmio=0 serial=3 wakeref_serial=3
i915: parity P6c rcs0 default_state: 65536 bytes | reg[1]=11081019 CTX_CTRL=ffff0008 RING_HEAD=00000188 RING_TAIL=00000188 RING_START=fff3b000 RING_CTL=00000001 TIMESTAMP=00000acd RPCS=80041000
i915: parity P6c bcs0 defaults: state=3 rq_seqno=2 krq_seqno=1 hwsp_seqno=1 | el submits=2 promotes=2 completes=2 errors=0 late=0 mmio=0 serial=3 wakeref_serial=3
i915: parity P6c bcs0 default_state: 16384 bytes | reg[1]=11081019 CTX_CTRL=ffff0008 RING_HEAD=000000f8 RING_TAIL=000000f8 RING_START=fff41000 RING_CTL=00000001 TIMESTAMP=00000105 RPCS=ffff0000
i915: parity P6c vcs0 defaults: state=3 rq_seqno=2 krq_seqno=1 hwsp_seqno=1 | el submits=2 promotes=2 completes=2 errors=0 late=0 mmio=0 serial=3 wakeref_serial=3
i915: parity P6c vcs0 default_state: 16384 bytes | reg[1]=11081019 CTX_CTRL=ffff0008 RING_HEAD=00000078 RING_TAIL=00000078 RING_START=fff47000 RING_CTL=00000001 TIMESTAMP=000000db RPCS=00000000
i915: parity P6c vcs2 defaults: state=3 rq_seqno=2 krq_seqno=1 hwsp_seqno=1 | el submits=2 promotes=2 completes=2 errors=0 late=0 mmio=0 serial=3 wakeref_serial=3
i915: parity P6c vcs2 default_state: 16384 bytes | reg[1]=11081019 CTX_CTRL=ffff0008 RING_HEAD=00000078 RING_TAIL=00000078 RING_START=fff4d000 RING_CTL=00000001 TIMESTAMP=000000ea RPCS=00000000
i915: parity P6c vecs0 defaults: state=3 rq_seqno=2 krq_seqno=1 hwsp_seqno=1 | el submits=2 promotes=2 completes=2 errors=0 late=0 mmio=0 serial=3 wakeref_serial=3
i915: parity P6c vecs0 default_state: 16384 bytes | reg[1]=11081019 CTX_CTRL=ffff0008 RING_HEAD=00000078 RING_TAIL=00000078 RING_START=fff53000 RING_CTL=00000001 TIMESTAMP=000000da RPCS=00000000
i915: parity P6c verify_workarounds: rc=0 where=- polls=19 timed_out=0 | gt irq during: user=10 ctx_switch=11 engine=12 error=0
i915: parity P6c rcs0 verify_wa: state=4 list=8 emitted=5 mcr_skipped=3 verified=5 mismatched=0 not_verifiable=0 err=0 rq_seqno=2 krq_seqno=3 hwsp_seqno=3 | el submits=4 promotes=4 completes=4 errors=0 serial=5 wakeref_serial=5 ring_emit=608
i915: parity P6c bcs0 verify_wa: state=4 list=1 emitted=1 mcr_skipped=0 verified=1 mismatched=0 not_verifiable=0 err=0 rq_seqno=2 krq_seqno=3 hwsp_seqno=3 | el submits=4 promotes=4 completes=4 errors=0 serial=5 wakeref_serial=5 ring_emit=400
i915: parity P6c vcs0 verify_wa: state=4 list=1 emitted=1 mcr_skipped=0 verified=1 mismatched=0 not_verifiable=0 err=0 rq_seqno=2 krq_seqno=3 hwsp_seqno=3 | el submits=4 promotes=4 completes=4 errors=0 serial=5 wakeref_serial=5 ring_emit=400
i915: parity P6c vcs2 verify_wa: state=4 list=1 emitted=1 mcr_skipped=0 verified=1 mismatched=0 not_verifiable=0 err=0 rq_seqno=2 krq_seqno=3 hwsp_seqno=3 | el submits=4 promotes=4 completes=4 errors=0 serial=5 wakeref_serial=5 ring_emit=400
i915: parity P6c vecs0 verify_wa: state=4 list=1 emitted=1 mcr_skipped=0 verified=1 mismatched=0 not_verifiable=0 err=0 rq_seqno=2 krq_seqno=3 hwsp_seqno=3 | el submits=4 promotes=4 completes=4 errors=0 serial=5 wakeref_serial=5 ring_emit=400
i915: parity P6c migrate_init: rc=0 where=- engine=bcs0 tables=11 windows=16777216 pte_window=0x1000000 exposed_pts=8 ring=524288 state=16384 | ggtt ring=0xfff34000 state=0xfff30000 hwsp=0xfff13108 | lrc PDP0=00000001:00291000 RING_CTL=0007f001 top_pd=0x100291000
i915: parity P7 pxp_init: rc=0 where=- full=1 engine=vcs0 kcr_base=0x32000 ce ring=4096 state=16384 ggtt=0xfffb4000 hwsp=0xfff19180 stream_cmd=1 component_added=1 (KCR init + irq enable wait for the mei-pxp bind: none here)
i915: parity P7 display_driver_probe: rc=0 active_crtcs=0 initial_commit=0 overlay=0 fbdev=0 ipc_enabled=1
i915: parity P7 hpd_init: encoders=2 pins=4,5 setups=1 skipped=0 | de: enabled=0x0 hotplug=0x0 IMR=0xffffffff TC_CTL=0x00000000 TBT_CTL=0x00000000 | pch: enabled=0x30000 hotplug=0x30000 SHPD_FILTER=0xf8 SDEIMR=0x3f043f07 SHOTPLUG_DDI=0x00000088 SHOTPLUG_TC=0x00000000 | poll: works=1 core_gets=1
i915: parity hpd start: connectors=2 hdmi=- storm_threshold=50 short_storm=0 backend=mmio
i915: parity P7 hotplug path: started
i915: parity P7 driver_register: na_registrations=15 opregion=0 kms_poll=1 | power_domains_enable: wells_on 8 -> 2 dc_state=0x2 verify_mismatches=0 | runtime_pm_enable: probe usage=0 active=1 (autosuspend not armed: intel_runtime_suspend unimplemented)
i915: parity P7 well always_on: refcount=0 hw_enabled=1
i915: parity P7 well PW_1: refcount=0 hw_enabled=1
i915: parity P7 DC_STATE_EN=0x00000002 DC_off disable_calls=1 dc_state_writes=2 rewrites=0 dmc_has_payload=1
i915: parity R1 fixture: build PARITY_R1_TEST=1 c1_batch_hash=5dfb47d3c10b0560 (dwords=322 @0x100401000) draw_batch_hash=241f478201bb3a81 (dwords=353 @0x100403000) state@0x100400000 rt@0x100402000 mocs=6
i915: parity R1 step=1 ctx=A kind=draw lrca=fffb9119 seqno=2 hwsp_observed=2 rc=0 completed=1 parked=1 pass=1 polls=6 state_hash=26a08d52909ca9a4 | before=a5a50001 middraw=c5c50003 after=d7a3f00d ps_marker=c0ffee01 | pixels match=1024/1024 stale=0 first=ffff0000 last=ffff0000
i915: parity R1 step=2 ctx=A kind=draw lrca=fffb9119 seqno=4 hwsp_observed=4 rc=0 completed=1 parked=1 pass=1 polls=5 state_hash=26a08d52909ca9a4 | before=a5a50001 middraw=c5c50003 after=d7a3f00d ps_marker=c0ffee01 | pixels match=1024/1024 stale=0 first=ffff0000 last=ffff0000
i915: parity R1 step=3 ctx=A kind=draw lrca=fffb9119 seqno=6 hwsp_observed=6 rc=0 completed=1 parked=1 pass=1 polls=5 state_hash=26a08d52909ca9a4 | before=a5a50001 middraw=c5c50003 after=d7a3f00d ps_marker=c0ffee01 | pixels match=1024/1024 stale=0 first=ffff0000 last=ffff0000
i915: parity R1 step=4 ctx=A kind=draw lrca=fffb9119 seqno=8 hwsp_observed=8 rc=0 completed=1 parked=1 pass=1 polls=5 state_hash=26a08d52909ca9a4 | before=a5a50001 middraw=c5c50003 after=d7a3f00d ps_marker=c0ffee01 | pixels match=1024/1024 stale=0 first=ffff0000 last=ffff0000
i915: parity R1 step=5 ctx=B kind=draw lrca=fffcb119 seqno=2 hwsp_observed=2 rc=0 completed=1 parked=1 pass=1 polls=5 state_hash=26a08d52909ca9a4 | before=a5a50001 middraw=c5c50003 after=d7a3f00d ps_marker=c0ffee01 | pixels match=1024/1024 stale=0 first=ffff0000 last=ffff0000
i915: parity R1 step=6 ctx=B kind=draw lrca=fffcb119 seqno=4 hwsp_observed=4 rc=0 completed=1 parked=1 pass=1 polls=4 state_hash=26a08d52909ca9a4 | before=a5a50001 middraw=c5c50003 after=d7a3f00d ps_marker=c0ffee01 | pixels match=1024/1024 stale=0 first=ffff0000 last=ffff0000
i915: parity R1 step=7 ctx=C kind=draw lrca=fffdd119 seqno=2 hwsp_observed=2 rc=0 completed=1 parked=1 pass=1 polls=5 state_hash=26a08d52909ca9a4 | before=a5a50001 middraw=c5c50003 after=d7a3f00d ps_marker=c0ffee01 | pixels match=1024/1024 stale=0 first=ffff0000 last=ffff0000
i915: parity R1 step=8 ctx=C kind=c1 lrca=fffdd119 seqno=4 hwsp_observed=4 rc=0 completed=1 parked=1 pass=1 polls=4 state_hash=15405cb541347915 | ready=c0ffee10 eu=c0ffee02 done=c0ffee20 cs=c0ffee30 idd_rb_ok=1 kernel_rb_ok=1
i915: parity R1 step=9 ctx=C kind=draw lrca=fffdd119 seqno=6 hwsp_observed=6 rc=0 completed=1 parked=1 pass=1 polls=4 state_hash=26a08d52909ca9a4 | before=a5a50001 middraw=c5c50003 after=d7a3f00d ps_marker=c0ffee01 | pixels match=1024/1024 stale=0 first=ffff0000 last=ffff0000
i915: parity R1 step=10 ctx=A kind=c1 lrca=fffb9119 seqno=10 hwsp_observed=10 rc=0 completed=1 parked=1 pass=1 polls=4 state_hash=15405cb541347915 | ready=c0ffee10 eu=c0ffee02 done=c0ffee20 cs=c0ffee30 idd_rb_ok=1 kernel_rb_ok=1
i915: parity R1 step=11 ctx=B kind=draw lrca=fffcb119 seqno=6 hwsp_observed=6 rc=0 completed=1 parked=1 pass=1 polls=4 state_hash=26a08d52909ca9a4 | before=a5a50001 middraw=c5c50003 after=d7a3f00d ps_marker=c0ffee01 | pixels match=1024/1024 stale=0 first=ffff0000 last=ffff0000
i915: parity R1 step=12 ctx=A kind=c1 lrca=fffb9119 seqno=12 hwsp_observed=12 rc=0 completed=1 parked=1 pass=1 polls=4 state_hash=15405cb541347915 | ready=c0ffee10 eu=c0ffee02 done=c0ffee20 cs=c0ffee30 idd_rb_ok=1 kernel_rb_ok=1
i915: parity R1 PASS: rc=0 where=- steps=12/12 passed=12 wedged=0 polls=106 | gt irq: user=24 ctx_switch=48 error=0
i915: parity hpd stop: irq entries=0 dropped=0 works hotplug=0 digport=0 reenable=0 events=0 warnings=0
i915: parity P3 intel_combo_phy_init: combo PHYs A/B (0 initialised)
i915: parity teardown: driver_unregister (rpm usage=1, INIT reference re-taken: wells_on=8 DC_STATE_EN=0x00000000)
i915: parity teardown: intel_pxp_fini (VCS context + stream page released)
i915: parity P1 gt_reset attempt=0 passes=2 rc=0
i915: parity teardown: engines stopped and reset (rc=0) before release
i915: parity teardown: engines released (status pages, kernel contexts)
i915: parity teardown: GT objects released, GGTT window back to scratch (pte_writes=562 live=0)
i915: parity teardown: display-nogem fini (crtc/plane/dpll records released)
i915: parity teardown: intel_irq_uninstall (sources reset, handler detached; irq_count=80 handled=80 none=0)
i915: parity teardown: display-state fini (global objs released, fbc freed)
i915: parity teardown: intel_dmc_fini (worker synced; load_seq_completed=1, payload_writes=13019, dmc_ref_held=0)
i915: parity teardown: DMC ver=2.20 ids MAIN/A/B/C/D present=00000 payload=6274/2547/3066/566/566
i915: parity teardown: display-core driver_remove (init rpm wakeref cancelled, wells kept)
i915: parity teardown: power domains map released
i915: parity teardown: VGA arbiter client unregistered
i915: parity teardown: DRM device + vblank released
i915: parity teardown: MSI resource released
i915: parity teardown: WC aperture unmap va=0xffffffffe1000000 size=0x10000000 rc=0
i915: parity teardown: PCI probe runtime PM released (usage=0)
i915: parity tr[0] note rpm_init_early a0=0x0 a1=0x0
i915: parity tr[1] acquire rpm_get_sync a0=0x1 a1=0x0
i915: parity tr[2] acquire pci_probe_runtime_pm_get_sync a0=0x1 a1=0x0
i915: parity tr[3] entry pci_enable_device a0=0x0 a1=0x0
i915: parity tr[4] note pci_set_power_state a0=0x0 a1=0xd0
i915: parity tr[5] acquire pci_device a0=0x3 a1=0x7
i915: parity tr[6] exit pci_enable_device a0=0x0 a1=0x0
i915: parity tr[7] note rpm_init_early a0=0x0 a1=0x0
i915: parity tr[8] note i915_driver_create a0=0x0 a1=0x0
i915: parity tr[9] note i915_driver_early_probe a0=0x0 a1=0x0
i915: parity tr[10] note intel_vgpu_detect:physical a0=0x0 a1=0x0
i915: parity tr[11] note intel_gt_probe_all:single_gt a0=0x0 a1=0x0
i915: parity tr[12] acquire uncore_mmio_bar a0=0x800000 a1=0x0
i915: parity tr[13] acquire forcewake a0=0x1 a1=0x1
i915: parity tr[14] release forcewake a0=0x1 a1=0x0
i915: parity tr[15] note intel_gt_init_mmio:mcr_multicast a0=0x0 a1=0x0
i915: parity tr[16] acquire forcewake a0=0x1 a1=0x1
i915: parity tr[17] acquire forcewake a0=0x0 a1=0x1
i915: parity tr[18] note posting_read a0=0xcec4 a1=0x0
i915: parity tr[19] release forcewake a0=0x0 a1=0x0
i915: parity tr[20] release forcewake a0=0x1 a1=0x0
i915: parity tr[21] note reset_callback:gen8_reset_engines a0=0x0 a1=0x0
i915: parity tr[22] acquire forcewake a0=0x0 a1=0x1
i915: parity tr[23] acquire forcewake a0=0x1 a1=0x1
i915: parity tr[24] release forcewake a0=0x1 a1=0x0
i915: parity tr[25] release forcewake a0=0x0 a1=0x0
i915: parity tr[26] acquire sanitize_gpu:__intel_gt_reset a0=0x1 a1=0x0
i915: parity tr[27] entry dma_set_info a0=0x27 a1=0xffffffff
i915: parity tr[28] exit dma_set_info a0=0x0 a1=0x0
i915: parity tr[29] acquire ggtt_table_window a0=0x800000 a1=0x100000
i915: parity tr[30] map scratch_page a0=0x10016a000 a1=0x10016a001
i915: parity tr[31] note address_space_init:GGTT a0=0x100000000 a1=0x0
i915: parity tr[32] acquire ggtt_aperture_gmadr a0=0x7000000000 a1=0x10000000
i915: parity tr[33] acquire ggtt_aperture_wc a0=0x7000000000 a1=0x10000000
i915: parity tr[34] acquire forcewake a0=0x1 a1=0x1
i915: parity tr[35] release forcewake a0=0x1 a1=0x0
i915: parity tr[36] note intel_ggtt_init_fences a0=0x20 a1=0x0
i915: parity tr[37] note intel_gt_tiles_init:single_tile a0=0x1 a1=0x0
i915: parity tr[38] note memory_regions_hw_probe:smem a0=0x0 a1=0x0
i915: parity tr[39] note ggtt_enable_hw:gen6plus_noop a0=0x0 a1=0x0
i915: parity tr[40] acquire pci_bus_master a0=0x1 a1=0x7
i915: parity tr[41] acquire pci_set_master a0=0x7 a1=0x0
i915: parity tr[42] acquire pci_msi a0=0xd0 a1=0xac
i915: parity tr[43] note intel_opregion_absent a0=0x0 a1=0x0
i915: parity tr[44] acquire intel_dram_detect a0=0x0 a1=0x2
i915: parity tr[45] acquire intel_bw_init_hw a0=0x2 a1=0x0
i915: parity tr[46] note display_driver_probe_noirq:enter a0=0x0 a1=0x0
i915: parity tr[47] note i915_inject_probe_failure:noop a0=0x0 a1=0x0
i915: parity tr[48] note HAS_DISPLAY:true a0=0x1 a1=0x0
i915: parity tr[49] acquire drm_dev_init a0=0x0 a1=0x0
i915: parity tr[50] acquire drm_vblank_init a0=0x4 a1=0x0
i915: parity tr[51] note intel_bios_init:vbt_absent a0=0x0 a1=0x0
i915: parity tr[52] acquire intel_vga_register a0=0x0 a1=0x0
i915: parity tr[53] acquire intel_power_domains_init a0=0x1e a1=0x4000000a
i915: parity tr[54] acquire intel_pmdemand_init_early a0=0x0 a1=0x0
i915: parity tr[55] note posting_read a0=0x44404 a1=0x0
i915: parity tr[56] note posting_read a0=0x44408 a1=0x0
i915: parity tr[57] note posting_read a0=0x44408 a1=0x0
i915: parity tr[58] note posting_read a0=0x44414 a1=0x0
i915: parity tr[59] note posting_read a0=0x44418 a1=0x0
i915: parity tr[60] note posting_read a0=0x44418 a1=0x0
i915: parity tr[61] note posting_read a0=0x44424 a1=0x0
i915: parity tr[62] note posting_read a0=0x44428 a1=0x0
i915: parity tr[63] note posting_read a0=0x44428 a1=0x0
i915: parity tr[64] note posting_read a0=0x44434 a1=0x0
i915: parity tr[65] note posting_read a0=0x44438 a1=0x0
i915: parity tr[66] note posting_read a0=0x44438 a1=0x0
i915: parity tr[67] note posting_read a0=0x44444 a1=0x0
i915: parity tr[68] note posting_read a0=0x44448 a1=0x0
i915: parity tr[69] note posting_read a0=0x44448 a1=0x0
i915: parity tr[70] note posting_read a0=0x44464 a1=0x0
i915: parity tr[71] note posting_read a0=0x44468 a1=0x0
i915: parity tr[72] note posting_read a0=0x44468 a1=0x0
i915: parity tr[73] note posting_read a0=0x44474 a1=0x0
i915: parity tr[74] note posting_read a0=0x44478 a1=0x0
i915: parity tr[75] note posting_read a0=0x44478 a1=0x0
i915: parity tr[76] note posting_read a0=0xc4004 a1=0x0
i915: parity tr[77] note posting_read a0=0xc4008 a1=0x0
i915: parity tr[78] note posting_read a0=0xc4008 a1=0x0
i915: parity tr[79] note posting_read a0=0x444f4 a1=0x0
i915: parity tr[80] note posting_read a0=0x444f8 a1=0x0
i915: parity tr[81] note posting_read a0=0x444f8 a1=0x0
i915: parity tr[82] note posting_read a0=0x444e4 a1=0x0
i915: parity tr[83] note posting_read a0=0x444e8 a1=0x0
i915: parity tr[84] note posting_read a0=0x444e8 a1=0x0
i915: parity tr[85] note posting_read a0=0xc4004 a1=0x0
i915: parity tr[86] note posting_read a0=0x44404 a1=0x0
i915: parity tr[87] note posting_read a0=0x44414 a1=0x0
i915: parity tr[88] note posting_read a0=0x44424 a1=0x0
i915: parity tr[89] note posting_read a0=0x44434 a1=0x0
i915: parity tr[90] note posting_read a0=0x44444 a1=0x0
i915: parity tr[91] note posting_read a0=0x44464 a1=0x0
i915: parity tr[92] note posting_read a0=0x44474 a1=0x0
i915: parity tr[93] note posting_read a0=0x444f4 a1=0x0
i915: parity tr[94] note posting_read a0=0x190010 a1=0x0
i915: parity tr[95] acquire forcewake a0=0x0 a1=0x1
i915: parity tr[96] acquire forcewake a0=0x1 a1=0x1
i915: parity tr[97] acquire forcewake a0=0x2 a1=0x1
i915: parity tr[98] acquire forcewake a0=0x3 a1=0x1
i915: parity tr[99] acquire forcewake a0=0x4 a1=0x1
i915: parity tr[100] note posting_read a0=0x209c a1=0x0
i915: parity tr[101] note posting_read a0=0x23a0 a1=0x0
i915: parity tr[102] note posting_read a0=0x23a0 a1=0x0
i915: parity tr[103] note posting_read a0=0x2209c a1=0x0
i915: parity tr[104] note posting_read a0=0x223a0 a1=0x0
i915: parity tr[105] note posting_read a0=0x223a0 a1=0x0
i915: parity tr[106] note posting_read a0=0x1c009c a1=0x0
i915: parity tr[107] note posting_read a0=0x1c03a0 a1=0x0
i915: parity tr[108] note posting_read a0=0x1c03a0 a1=0x0
i915: parity tr[109] note posting_read a0=0x1d009c a1=0x0
i915: parity tr[110] note posting_read a0=0x1d03a0 a1=0x0
i915: parity tr[111] note posting_read a0=0x1d03a0 a1=0x0
i915: parity tr[112] note posting_read a0=0x1c809c a1=0x0
i915: parity tr[113] note posting_read a0=0x1c83a0 a1=0x0
i915: parity tr[114] note posting_read a0=0x1c83a0 a1=0x0
i915: parity tr[115] acquire forcewake a0=0x0 a1=0x2
i915: parity tr[116] acquire forcewake a0=0x1 a1=0x2
i915: parity tr[117] release forcewake a0=0x1 a1=0x1
i915: parity tr[118] release forcewake a0=0x0 a1=0x1
i915: parity tr[119] note posting_read a0=0x2080 a1=0x0
i915: parity tr[120] note posting_read a0=0x22080 a1=0x0
i915: parity tr[121] note posting_read a0=0x1c0080 a1=0x0
i915: parity tr[122] note posting_read a0=0x1d0080 a1=0x0
i915: parity tr[123] note posting_read a0=0x1c8080 a1=0x0
i915: parity tr[124] release forcewake a0=0x4 a1=0x0
i915: parity tr[125] release forcewake a0=0x3 a1=0x0
i915: parity tr[126] release forcewake a0=0x2 a1=0x0
i915: parity tr[127] release forcewake a0=0x1 a1=0x0
i915: parity tr[128] release forcewake a0=0x0 a1=0x0
i915: parity tr[129] note posting_read a0=0x44434 a1=0x0
i915: parity tr[130] note posting_read a0=0x44438 a1=0x0
i915: parity tr[131] note posting_read a0=0x44438 a1=0x0
i915: parity tr[132] note posting_read a0=0x44424 a1=0x0
i915: parity tr[133] note posting_read a0=0x44428 a1=0x0
i915: parity tr[134] note posting_read a0=0x44428 a1=0x0
i915: parity tr[135] note posting_read a0=0x44414 a1=0x0
i915: parity tr[136] note posting_read a0=0x44418 a1=0x0
i915: parity tr[137] note posting_read a0=0x44418 a1=0x0
i915: parity tr[138] note posting_read a0=0x44404 a1=0x0
i915: parity tr[139] note posting_read a0=0x44408 a1=0x0
i915: parity tr[140] note posting_read a0=0x44408 a1=0x0
i915: parity tr[141] release rpm_put a0=0x0 a1=0x0
i915: parity tr[142] acquire forcewake a0=0x0 a1=0x1
i915: parity tr[143] acquire forcewake a0=0x1 a1=0x1
i915: parity tr[144] acquire forcewake a0=0x2 a1=0x1
i915: parity tr[145] acquire forcewake a0=0x3 a1=0x1
i915: parity tr[146] acquire forcewake a0=0x4 a1=0x1
i915: parity tr[147] release forcewake a0=0x4 a1=0x0
i915: parity tr[148] release forcewake a0=0x3 a1=0x0
i915: parity tr[149] release forcewake a0=0x2 a1=0x0
i915: parity tr[150] release forcewake a0=0x1 a1=0x0
i915: parity tr[151] release forcewake a0=0x0 a1=0x0
i915: parity tr[152] acquire rpm_get_sync a0=0x1 a1=0x0
i915: parity tr[153] note posting_read a0=0x44404 a1=0x0
i915: parity tr[154] note posting_read a0=0x44414 a1=0x0
i915: parity tr[155] note posting_read a0=0x44424 a1=0x0
i915: parity tr[156] note posting_read a0=0x44434 a1=0x0
i915: parity tr[157] acquire forcewake a0=0x0 a1=0x1
i915: parity tr[158] acquire forcewake a0=0x1 a1=0x1
i915: parity tr[159] acquire forcewake a0=0x2 a1=0x1
i915: parity tr[160] acquire forcewake a0=0x3 a1=0x1
i915: parity tr[161] acquire forcewake a0=0x4 a1=0x1
i915: parity tr[162] note posting_read a0=0x209c a1=0x0
i915: parity tr[163] note posting_read a0=0x2209c a1=0x0
i915: parity tr[164] note posting_read a0=0x1c009c a1=0x0
i915: parity tr[165] note posting_read a0=0x1d009c a1=0x0
i915: parity tr[166] note posting_read a0=0x1c809c a1=0x0
i915: parity tr[167] acquire forcewake a0=0x0 a1=0x2
i915: parity tr[168] acquire forcewake a0=0x1 a1=0x2
i915: parity tr[169] release forcewake a0=0x1 a1=0x1
i915: parity tr[170] release forcewake a0=0x0 a1=0x1
i915: parity tr[171] release forcewake a0=0x4 a1=0x0
i915: parity tr[172] release forcewake a0=0x3 a1=0x0
i915: parity tr[173] release forcewake a0=0x2 a1=0x0
i915: parity tr[174] release forcewake a0=0x1 a1=0x0
i915: parity tr[175] release forcewake a0=0x0 a1=0x0
i915: parity tr[176] note posting_read a0=0x44404 a1=0x0
i915: parity tr[177] note posting_read a0=0x44408 a1=0x0
i915: parity tr[178] note posting_read a0=0x44408 a1=0x0
i915: parity tr[179] note posting_read a0=0x44414 a1=0x0
i915: parity tr[180] note posting_read a0=0x44418 a1=0x0
i915: parity tr[181] note posting_read a0=0x44418 a1=0x0
i915: parity tr[182] note posting_read a0=0x44424 a1=0x0
i915: parity tr[183] note posting_read a0=0x44428 a1=0x0
i915: parity tr[184] note posting_read a0=0x44428 a1=0x0
i915: parity tr[185] note posting_read a0=0x44434 a1=0x0
i915: parity tr[186] note posting_read a0=0x44438 a1=0x0
i915: parity tr[187] note posting_read a0=0x44438 a1=0x0
i915: parity tr[188] note posting_read a0=0x44444 a1=0x0
i915: parity tr[189] note posting_read a0=0x44448 a1=0x0
i915: parity tr[190] note posting_read a0=0x44448 a1=0x0
i915: parity tr[191] note posting_read a0=0x44464 a1=0x0
i915: parity tr[192] note posting_read a0=0x44468 a1=0x0
i915: parity tr[193] note posting_read a0=0x44468 a1=0x0
i915: parity tr[194] note posting_read a0=0x44474 a1=0x0
i915: parity tr[195] note posting_read a0=0x44478 a1=0x0
i915: parity tr[196] note posting_read a0=0x44478 a1=0x0
i915: parity tr[197] note posting_read a0=0xc4004 a1=0x0
i915: parity tr[198] note posting_read a0=0xc4008 a1=0x0
i915: parity tr[199] note posting_read a0=0xc4008 a1=0x0
i915: parity tr[200] note posting_read a0=0x444f4 a1=0x0
i915: parity tr[201] note posting_read a0=0x444f8 a1=0x0
i915: parity tr[202] note posting_read a0=0x444f8 a1=0x0
i915: parity tr[203] note posting_read a0=0x444e4 a1=0x0
i915: parity tr[204] note posting_read a0=0x444e8 a1=0x0
i915: parity tr[205] note posting_read a0=0x444e8 a1=0x0
i915: parity tr[206] release pci_msi a0=0xd0 a1=0x0
i915: parity tr[207] release pci_device_restore a0=0x0 a1=0x7
i915: parity tr[208] release rpm_put a0=0x0 a1=0x0
i915: parity attach end: reached=P3 outcome=STOPPED where=i915_driver_probe complete err=0
i915: parity ktest begin (cpu=0, shared backend)
i915: parity ktest K0 native-waitq start=1239 deadline=1260 end=1260 rc=42
i915: parity ktest cross-CPU: gens=64 cross_cpu=64 mismatch=0 queue_fail=0
i915: parity P1 gt_reset attempt=0 passes=2 rc=0
i915: parity P1 gt_reset attempt=0 passes=1 rc=-42
i915: parity P1 gt_reset attempt=1 passes=1 rc=-42
i915: parity P1 gt_reset attempt=2 passes=1 rc=-42
i915: parity P1 gt_reset attempt=0 passes=1 rc=-42
i915: parity P1 gt_reset attempt=1 passes=2 rc=0
i915: parity pcode read mbox=0x0000000d err=-24
i915: parity pcode read mbox=0x0000000d err=-42
i915: parity P2 dram: raw=0x00003420 type=0 channels=2 qgv_points=4 psf_gv_points=3 wm_lv0_adjust=0
i915: parity P2 dram: unknown type field 0xf (tolerated)
i915: parity P2 dram: raw=0x00003420 type=0 channels=2 qgv_points=4 psf_gv_points=3 wm_lv0_adjust=0
i915: parity P2 bw: QGV 0 DCLK=16668 tRP=15 tRDPRE=4 tRAS=8 tRCD=0 tRC=23
i915: parity P2 bw: QGV 1 DCLK=16668 tRP=15 tRDPRE=4 tRAS=8 tRCD=0 tRC=23
i915: parity P2 bw: QGV 2 DCLK=16668 tRP=15 tRDPRE=4 tRAS=8 tRCD=0 tRC=23
i915: parity P2 bw: QGV 3 DCLK=16668 tRP=15 tRDPRE=4 tRAS=8 tRCD=0 tRC=23
i915: parity P2 bw: PSF GV 0 CLK=16
i915: parity P2 bw: PSF GV 1 CLK=32
i915: parity P2 bw: PSF GV 2 CLK=48
i915: parity P2 bw: BW0/QGV0 num_planes=0 deratedbw=38000 peakbw=266688
i915: parity P2 bw: BW0/QGV1 num_planes=0 deratedbw=38000 peakbw=266688
i915: parity P2 bw: BW0/QGV2 num_planes=0 deratedbw=38000 peakbw=266688
i915: parity P2 bw: BW0/QGV3 num_planes=0 deratedbw=38000 peakbw=266688
i915: parity P2 bw: BW0/PSF0 num_planes=0 bw=17067
i915: parity P2 bw: BW0/PSF1 num_planes=0 bw=34133
i915: parity P2 bw: BW0/PSF2 num_planes=0 bw=51200
i915: parity P2 bw: BW1/QGV0 num_planes=2 deratedbw=38000 peakbw=266688
i915: parity P2 bw: BW1/QGV1 num_planes=2 deratedbw=38000 peakbw=266688
i915: parity P2 bw: BW1/QGV2 num_planes=2 deratedbw=38000 peakbw=266688
i915: parity P2 bw: BW1/QGV3 num_planes=2 deratedbw=38000 peakbw=266688
i915: parity P2 bw: BW1/PSF0 num_planes=2 bw=17067
i915: parity P2 bw: BW1/PSF1 num_planes=2 bw=34133
i915: parity P2 bw: BW1/PSF2 num_planes=2 bw=51200
i915: parity P2 bw: BW2/QGV0 num_planes=0 deratedbw=38000 peakbw=266688
i915: parity P2 bw: BW2/QGV1 num_planes=0 deratedbw=38000 peakbw=266688
i915: parity P2 bw: BW2/QGV2 num_planes=0 deratedbw=38000 peakbw=266688
i915: parity P2 bw: BW2/QGV3 num_planes=0 deratedbw=38000 peakbw=266688
i915: parity P2 bw: BW2/PSF0 num_planes=0 bw=17067
i915: parity P2 bw: BW2/PSF1 num_planes=0 bw=34133
i915: parity P2 bw: BW2/PSF2 num_planes=0 bw=51200
i915: parity P2 bw: BW3/QGV0 num_planes=0 deratedbw=38000 peakbw=266688
i915: parity P2 bw: BW3/QGV1 num_planes=0 deratedbw=38000 peakbw=266688
i915: parity P2 bw: BW3/QGV2 num_planes=0 deratedbw=38000 peakbw=266688
i915: parity P2 bw: BW3/QGV3 num_planes=0 deratedbw=38000 peakbw=266688
i915: parity P2 bw: BW3/PSF0 num_planes=0 bw=17067
i915: parity P2 bw: BW3/PSF1 num_planes=0 bw=34133
i915: parity P2 bw: BW3/PSF2 num_planes=0 bw=51200
i915: parity P2 bw: BW4/QGV0 num_planes=0 deratedbw=38000 peakbw=266688
i915: parity P2 bw: BW4/QGV1 num_planes=0 deratedbw=38000 peakbw=266688
i915: parity P2 bw: BW4/QGV2 num_planes=0 deratedbw=38000 peakbw=266688
i915: parity P2 bw: BW4/QGV3 num_planes=0 deratedbw=38000 peakbw=266688
i915: parity P2 bw: BW4/PSF0 num_planes=0 bw=17067
i915: parity P2 bw: BW4/PSF1 num_planes=0 bw=34133
i915: parity P2 bw: BW4/PSF2 num_planes=0 bw=51200
i915: parity P2 bw: BW5/QGV0 num_planes=0 deratedbw=38000 peakbw=266688
i915: parity P2 bw: BW5/QGV1 num_planes=0 deratedbw=38000 peakbw=266688
i915: parity P2 bw: BW5/QGV2 num_planes=0 deratedbw=38000 peakbw=266688
i915: parity P2 bw: BW5/QGV3 num_planes=0 deratedbw=38000 peakbw=266688
i915: parity P2 bw: BW5/PSF0 num_planes=0 bw=17067
i915: parity P2 bw: BW5/PSF1 num_planes=0 bw=34133
i915: parity P2 bw: BW5/PSF2 num_planes=0 bw=51200
i915: parity P2 bw: sagv_status=2 num_qgv_points=4 num_psf_points=3
i915: parity P2 dram: raw=0x00003420 type=0 channels=2 qgv_points=4 psf_gv_points=3 wm_lv0_adjust=0
i915: parity P2 bw: QGV 0 DCLK=16668 tRP=15 tRDPRE=4 tRAS=8 tRCD=0 tRC=23
i915: parity P2 bw: QGV 1 DCLK=16668 tRP=15 tRDPRE=4 tRAS=8 tRCD=0 tRC=23
i915: parity P2 bw: QGV 2 DCLK=16668 tRP=15 tRDPRE=4 tRAS=8 tRCD=0 tRC=23
i915: parity P2 bw: QGV 3 DCLK=16668 tRP=15 tRDPRE=4 tRAS=8 tRCD=0 tRC=23
i915: parity pcode read mbox=0x0000020d err=-12
i915: parity P2 bw: failed to read PSF point data; PSF points dropped
i915: parity P2 bw: BW0/QGV0 num_planes=0 deratedbw=38000 peakbw=266688
i915: parity P2 bw: BW0/QGV1 num_planes=0 deratedbw=38000 peakbw=266688
i915: parity P2 bw: BW0/QGV2 num_planes=0 deratedbw=38000 peakbw=266688
i915: parity P2 bw: BW0/QGV3 num_planes=0 deratedbw=38000 peakbw=266688
i915: parity P2 bw: BW1/QGV0 num_planes=2 deratedbw=38000 peakbw=266688
i915: parity P2 bw: BW1/QGV1 num_planes=2 deratedbw=38000 peakbw=266688
i915: parity P2 bw: BW1/QGV2 num_planes=2 deratedbw=38000 peakbw=266688
i915: parity P2 bw: BW1/QGV3 num_planes=2 deratedbw=38000 peakbw=266688
i915: parity P2 bw: BW2/QGV0 num_planes=0 deratedbw=38000 peakbw=266688
i915: parity P2 bw: BW2/QGV1 num_planes=0 deratedbw=38000 peakbw=266688
i915: parity P2 bw: BW2/QGV2 num_planes=0 deratedbw=38000 peakbw=266688
i915: parity P2 bw: BW2/QGV3 num_planes=0 deratedbw=38000 peakbw=266688
i915: parity P2 bw: BW3/QGV0 num_planes=0 deratedbw=38000 peakbw=266688
i915: parity P2 bw: BW3/QGV1 num_planes=0 deratedbw=38000 peakbw=266688
i915: parity P2 bw: BW3/QGV2 num_planes=0 deratedbw=38000 peakbw=266688
i915: parity P2 bw: BW3/QGV3 num_planes=0 deratedbw=38000 peakbw=266688
i915: parity P2 bw: BW4/QGV0 num_planes=0 deratedbw=38000 peakbw=266688
i915: parity P2 bw: BW4/QGV1 num_planes=0 deratedbw=38000 peakbw=266688
i915: parity P2 bw: BW4/QGV2 num_planes=0 deratedbw=38000 peakbw=266688
i915: parity P2 bw: BW4/QGV3 num_planes=0 deratedbw=38000 peakbw=266688
i915: parity P2 bw: BW5/QGV0 num_planes=0 deratedbw=38000 peakbw=266688
i915: parity P2 bw: BW5/QGV1 num_planes=0 deratedbw=38000 peakbw=266688
i915: parity P2 bw: BW5/QGV2 num_planes=0 deratedbw=38000 peakbw=266688
i915: parity P2 bw: BW5/QGV3 num_planes=0 deratedbw=38000 peakbw=266688
i915: parity P2 bw: sagv_status=2 num_qgv_points=4 num_psf_points=0
i915: parity P3 drm_vblank_init: vblank_slots=4 (per-pipe worker+timer+seqlock)
i915: parity P3 intel_bios_init: source=0 vbt_found=0 version=155 bdb_blocks=0 child_devices=3 missing_defaults=1 parser_errors=0 arena_peak=240
i915: parity P3 VBT child[0]: port=A dvo_port=0 type=0x1004 aux_ch=-1 ddc_pin=0 dp=1 edp=1 hdmi=0 typec=0 tbt=0 max_lanes=0 max_rate=0 hpd_invert=0 lane_reversal=0
i915: parity P3 VBT child[1]: port=B dvo_port=1 type=0x0014 aux_ch=-1 ddc_pin=0 dp=1 edp=0 hdmi=1 typec=0 tbt=0 max_lanes=0 max_rate=0 hpd_invert=0 lane_reversal=0
i915: parity P3 VBT child[2]: port=C dvo_port=2 type=0x0014 aux_ch=-1 ddc_pin=0 dp=1 edp=0 hdmi=1 typec=0 tbt=0 max_lanes=0 max_rate=0 hpd_invert=0 lane_reversal=0
i915: parity P3 intel_bios_init: source=0 vbt_found=0 version=155 bdb_blocks=0 child_devices=3 missing_defaults=1 parser_errors=0 arena_peak=240
i915: parity P3 VBT child[0]: port=A dvo_port=0 type=0x1004 aux_ch=-1 ddc_pin=0 dp=1 edp=1 hdmi=0 typec=0 tbt=0 max_lanes=0 max_rate=0 hpd_invert=0 lane_reversal=0
i915: parity P3 VBT child[1]: port=B dvo_port=1 type=0x0014 aux_ch=-1 ddc_pin=0 dp=1 edp=0 hdmi=1 typec=0 tbt=0 max_lanes=0 max_rate=0 hpd_invert=0 lane_reversal=0
i915: parity P3 VBT child[2]: port=C dvo_port=2 type=0x0014 aux_ch=-1 ddc_pin=0 dp=1 edp=0 hdmi=1 typec=0 tbt=0 max_lanes=0 max_rate=0 hpd_invert=0 lane_reversal=0
i915: parity P3 intel_bios_init: source=0 vbt_found=0 version=155 bdb_blocks=0 child_devices=3 missing_defaults=1 parser_errors=0 arena_peak=240
i915: parity P3 VBT explicit blob: name=zedbsd/vbt/dell-latitude-5330-1028-0b02.vbt requested=1 found=1 size=8704 sha256=3bff4a0920d55c9a.. hash_ok=1 valid=1 subsys=1028:0b03 subsys_ok=0 used=0 (explicit supply; OpRegion present=0 is unchanged)
i915: parity P3 VBT child[0]: port=A dvo_port=0 type=0x1004 aux_ch=-1 ddc_pin=0 dp=1 edp=1 hdmi=0 typec=0 tbt=0 max_lanes=0 max_rate=0 hpd_invert=0 lane_reversal=0
i915: parity P3 VBT child[1]: port=B dvo_port=1 type=0x0014 aux_ch=-1 ddc_pin=0 dp=1 edp=0 hdmi=1 typec=0 tbt=0 max_lanes=0 max_rate=0 hpd_invert=0 lane_reversal=0
i915: parity P3 VBT child[2]: port=C dvo_port=2 type=0x0014 aux_ch=-1 ddc_pin=0 dp=1 edp=0 hdmi=1 typec=0 tbt=0 max_lanes=0 max_rate=0 hpd_invert=0 lane_reversal=0
i915: parity P3 intel_bios_init: source=3 vbt_found=1 version=249 bdb_blocks=12 child_devices=4 missing_defaults=0 parser_errors=0 arena_peak=5184
i915: parity P3 VBT explicit blob: name=zedbsd/vbt/dell-latitude-5330-1028-0b02.vbt requested=1 found=1 size=8704 sha256=3bff4a0920d55c9a.. hash_ok=1 valid=1 subsys=1028:0b02 subsys_ok=1 used=1 (explicit supply; OpRegion present=0 is unchanged)
i915: parity P3 VBT child[0]: port=A dvo_port=10 type=0x1806 aux_ch=0 ddc_pin=9 dp=1 edp=1 hdmi=0 typec=0 tbt=0 max_lanes=4 max_rate=0 hpd_invert=0 lane_reversal=0
i915: parity P3 VBT child[1]: port=B dvo_port=7 type=0x60d2 aux_ch=1 ddc_pin=2 dp=0 edp=0 hdmi=1 typec=0 tbt=0 max_lanes=4 max_rate=0 hpd_invert=0 lane_reversal=0
i915: parity P3 VBT child[2]: port=D dvo_port=13 type=0x68c6 aux_ch=3 ddc_pin=9 dp=1 edp=0 hdmi=0 typec=1 tbt=1 max_lanes=4 max_rate=810000 hpd_invert=0 lane_reversal=0
i915: parity P3 VBT child[3]: port=E dvo_port=15 type=0x68c6 aux_ch=4 ddc_pin=10 dp=1 edp=0 hdmi=0 typec=1 tbt=1 max_lanes=4 max_rate=810000 hpd_invert=0 lane_reversal=0
i915: parity P3 intel_bios_init: source=0 vbt_found=0 version=155 bdb_blocks=0 child_devices=3 missing_defaults=1 parser_errors=0 arena_peak=240
i915: parity P3 VBT child[0]: port=A dvo_port=0 type=0x1004 aux_ch=-1 ddc_pin=0 dp=1 edp=1 hdmi=0 typec=0 tbt=0 max_lanes=0 max_rate=0 hpd_invert=0 lane_reversal=0
i915: parity P3 VBT child[1]: port=B dvo_port=1 type=0x0014 aux_ch=-1 ddc_pin=0 dp=1 edp=0 hdmi=1 typec=0 tbt=0 max_lanes=0 max_rate=0 hpd_invert=0 lane_reversal=0
i915: parity P3 VBT child[2]: port=C dvo_port=2 type=0x0014 aux_ch=-1 ddc_pin=0 dp=1 edp=0 hdmi=1 typec=0 tbt=0 max_lanes=0 max_rate=0 hpd_invert=0 lane_reversal=0
i915: parity P3 intel_power_domains_init: wells=30 allowed_dc=0x4000000a target_dc=0x2 disable_pw=1 (xelpd map)
i915: parity P1 gt_reset attempt=0 passes=2 time-base fault rc=-5
i915: parity P3 intel_power_domains_init: wells=30 allowed_dc=0x4000000a target_dc=0x2 disable_pw=1 (xelpd map)
i915: parity power well fuse PG6 wait timeout (continuing)
i915: parity power well fuse PG6 wait timeout (continuing)
i915: parity power well fuse PG6 wait timeout (continuing)
i915: parity power well fuse PG6 wait timeout (continuing)
i915: parity power well fuse PG6 wait timeout (continuing)
i915: parity power well fuse PG6 wait timeout (continuing)
i915: parity power well fuse PG6 wait timeout (continuing)
i915: parity power well fuse PG2 wait timeout (continuing)
i915: parity power well fuse PG6 wait timeout (continuing)
i915: parity power well PW_A enable ACK timeout (continuing)
i915: parity power well fuse PG6 wait timeout (continuing)
i915: parity pcode request mbox=0x00000007 timeout, retrying (preempt off)
i915: parity P3 intel_combo_phy_init: combo PHYs A/B (0 initialised)
i915: parity P3 intel_combo_phy_init: combo PHYs A/B (2 initialised)
i915: parity cdclk: sanitizing cdclk programmed by pre-os
i915: parity pcode request mbox=0x00000007 timeout, retrying (preempt off)
i915: parity cdclk: PCU prepare failed (err -42, freq 652800)
i915: parity cdclk: sanitizing cdclk programmed by pre-os
i915: parity cdclk: sanitizing cdclk programmed by pre-os
i915: parity pcode write mbox=0x00000007 err=-25
i915: parity cdclk: PCODE freq set failed (err -25, freq 556800)
i915: parity P3 intel_power_domains_init: wells=30 allowed_dc=0x4000000a target_dc=0x2 disable_pw=1 (xelpd map)
i915: parity P3 intel_combo_phy_init: combo PHYs A/B (2 initialised)
i915: parity cdclk: sanitizing cdclk programmed by pre-os
i915: parity P3 intel_combo_phy_init: combo PHYs A/B (0 initialised)
i915: parity P3 intel_power_domains_init: wells=30 allowed_dc=0x4000000a target_dc=0x2 disable_pw=1 (xelpd map)
i915: parity P3 intel_combo_phy_init: combo PHYs A/B (0 initialised)
i915: parity P3 intel_combo_phy_init: combo PHYs A/B (0 initialised)
i915: parity P3 intel_power_domains_init: wells=30 allowed_dc=0x4000000a target_dc=0x2 disable_pw=1 (xelpd map)
i915: parity P3 intel_combo_phy_init: combo PHYs A/B (2 initialised)
i915: parity display_core: stop at power_well_1_enable (adaptation-layer fault)
i915: parity pcode request mbox=0x00000007 timeout, retrying (preempt off)
i915: parity pcode request mbox=0x00000007 timeout, retrying (preempt off)
i915: parity P3 intel_power_domains_init: wells=30 allowed_dc=0x4000000a target_dc=0x2 disable_pw=1 (xelpd map)
i915: parity power well fuse PG1 wait timeout (continuing)
i915: DMC-PARSE rc=0 ver=2.20 pkg_ver=2 entries=6 css_len=128 main=1
i915: DMC-PARSE id=0 hv=3 off_dw=6301 start=0x80000 mmio=7 fwsz_dw=6274 payload=25096 present=1
i915: DMC-PARSE id=1 hv=3 off_dw=12639 start=0x90000 mmio=9 fwsz_dw=2547 payload=10188 present=1
i915: DMC-PARSE id=2 hv=3 off_dw=15250 start=0x98000 mmio=9 fwsz_dw=3066 payload=12264 present=1
i915: DMC-PARSE id=3 hv=3 off_dw=18380 start=0x52000 mmio=5 fwsz_dw=566 payload=2264 present=1
i915: DMC-PARSE id=4 hv=3 off_dw=19010 start=0x59000 mmio=5 fwsz_dw=566 payload=2264 present=1
i915: parity P3 intel_power_domains_init: wells=30 allowed_dc=0x4000000a target_dc=0x2 disable_pw=1 (xelpd map)
i915: parity P3 intel_combo_phy_init: combo PHYs A/B (2 initialised)
i915: dmc worker: proceeding to load
i915: parity P3 intel_combo_phy_init: combo PHYs A/B (0 initialised)
i915: parity P3 intel_power_domains_init: wells=30 allowed_dc=0x4000000a target_dc=0x2 disable_pw=1 (xelpd map)
i915: parity P3 intel_combo_phy_init: combo PHYs A/B (2 initialised)
i915: parity dmc: unknown DMC fw header version 7
i915: DMC-FINI ckpt A: init
i915: parity P3 intel_combo_phy_init: combo PHYs A/B (2 initialised)
i915: DMC-FINI ckpt B: queued, spawning fini thread
i915: dmc worker: parked (test pause)
i915: DMC-FINI ckpt C: sleeping 40ms
i915: DMC-FINI thread: entering fini
i915: DMC-FINI ckpt D: ws=1 fini_done=0
i915: DMC-FINI ckpt E: released pause
i915: dmc worker: proceeding to load
i915: DMC-FINI thread: fini returned
i915: parity P3 intel_combo_phy_init: combo PHYs A/B (2 initialised)
i915: dmc worker: proceeding to load
i915: parity Forcing SAGV disable: mask 0x5
i915: parity Forcing SAGV disable: mask 0x5
i915: parity pcode request mbox=0x0000000e timeout, retrying (preempt off)
i915: parity Failed to disable qgv points (-42) points: 0x5
i915: parity applying backlight present quirk
i915: parity applying DMI quirk
i915: parity Sanitized enable_fbc value: 1
i915: parity Sanitized enable_fbc value: 0
i915: parity Sanitized enable_fbc value: 0
i915: parity Disabling framebuffer compression (FBC) to prevent screen flicker with VT-d enabled
i915: parity Sanitized enable_fbc value: 0
i915: parity Sanitized enable_fbc value: 1
i915: parity Sanitized enable_fbc value: 0
i915: parity Sanitized enable_fbc value: 0
i915: parity Sanitized enable_fbc value: 0
i915: parity Sanitized enable_fbc value: 0
i915: parity Sanitized enable_fbc value: 1
i915: parity Assuming PCH ID 7a80
i915: parity Found Alder Lake PCH
i915: parity Found Alder Lake PCH
i915: parity Assuming PCH ID 7a80
i915: parity Found Alder Lake PCH
i915: parity Found Alder Lake PCH
i915: parity Display disabled, reverting to NOP PCH
i915: parity Found Ice Lake PCH
i915: parity Found Jasper Lake PCH
i915: parity Found Tiger Lake LP PCH
i915: parity Found Mule Creek Canyon PCH
i915: parity Found PantherPoint PCH
i915: parity Found Comet Lake V PCH (CMP-V)
i915: parity P3 intel_power_domains_init: wells=30 allowed_dc=0x4000000a target_dc=0x2 disable_pw=1 (xelpd map)
i915: parity WARN interrupt register 0xc4008 is not zero: 0xffffffff
i915: parity WARN interrupt register 0x60818 is not zero: 0xffffffff
i915: parity WARN interrupt register 0x61818 is not zero: 0xffffffff
i915: parity WARN interrupt register 0x62818 is not zero: 0xffffffff
i915: parity WARN interrupt register 0x63818 is not zero: 0xffffffff
i915: parity WARN interrupt register 0x44408 is not zero: 0xffffffff
i915: parity WARN interrupt register 0x44418 is not zero: 0xffffffff
i915: parity WARN interrupt register 0x44428 is not zero: 0xffffffff
i915: parity WARN interrupt register 0x44438 is not zero: 0xffffffff
i915: parity WARN interrupt register 0x44448 is not zero: 0xffffffff
i915: parity WARN interrupt register 0x44468 is not zero: 0xffffffff
i915: parity WARN interrupt register 0x44478 is not zero: 0xffffffff
i915: parity WARN interrupt register 0x444f8 is not zero: 0xffffffff
i915: parity Fault errors on pipe B: 0x00000080
i915: parity WARN interrupt register 0x44408 is not zero: 0x00000001
i915: parity intel_synchronize_irq: a handler invocation did not finish (entries=5 exits=4)
i915: parity WARN interrupt register 0x44408 is not zero: 0xffffffff
i915: parity WARN interrupt register 0x44408 is not zero: 0xffffffff
i915: parity IRQ drain: the handler did not leave pipe(s) 0x1 within 100000 us
i915: parity power well PW_A: pipe interrupt drain FAILED; the well is kept on and every later well disable is refused
i915: parity WARN interrupt register 0x44418 is not zero: 0x00000001
i915: parity udelay: time-base fault latched (no counter)
i915: parity IRQ drain: the time base failed while waiting (not a timeout)
i915: parity P5c [ENCODER port A] get_config: ICL_DPCLKA_CFGCR0=0x00000001 -> shared_dpll id 1
i915: parity P5c [ENCODER port A] get_config: ICL_DPCLKA_CFGCR0=0x00000000 -> shared_dpll id 0
i915: parity DPLL 1 enabled but not in use, disabling
i915: parity P5c [ENCODER port D] get_config: icl_ddi_tc_get_pll not ported -- the PLL of this active link is unknown
i915: parity DPLL 1 enabled, active_mask 0 but the readout is incomplete (an active link's PLL is unknown): NOT disabled
i915: parity WARN Platform does not support port C
i915: parity VBT says port A is not DVI/HDMI/DP compatible, respect it
i915: parity Port A already claimed
i915: parity P3 intel_power_domains_init: wells=30 allowed_dc=0x4000000a target_dc=0x2 disable_pw=1 (xelpd map)
i915: parity WARN Platform does not support port C
i915: parity P5c [CRTC:A] hw state readout: disabled
i915: parity P5c [CRTC:B] hw state readout: disabled
i915: parity P5c [CRTC:C] hw state readout: disabled
i915: parity P5c [CRTC:D] hw state readout: disabled
i915: parity P5c [ENCODER port A] hw state readout: disabled pipe_mask=0x0 mst=0
i915: parity P5c [ENCODER port B] hw state readout: disabled pipe_mask=0x0 mst=0
i915: parity P5c DPLL 0 hw state readout: pipe_mask 0x0, on 0
i915: parity P5c DPLL 1 hw state readout: pipe_mask 0x0, on 0
i915: parity P5c TBT PLL hw state readout: pipe_mask 0x0, on 0
i915: parity P5c TC PLL 1 hw state readout: pipe_mask 0x0, on 0
i915: parity P5c TC PLL 2 hw state readout: pipe_mask 0x0, on 0
i915: parity P5c TC PLL 3 hw state readout: pipe_mask 0x0, on 0
i915: parity P5c TC PLL 4 hw state readout: pipe_mask 0x0, on 0
i915: parity P5c [CRTC:A] hw state readout: disabled
i915: parity P5c [CRTC:B] hw state readout: enabled
i915: parity P5c [CRTC:C] hw state readout: disabled
i915: parity P5c [CRTC:D] hw state readout: disabled
i915: parity P5c [ENCODER port A] hw state readout: disabled pipe_mask=0x0 mst=0
i915: parity P5c [ENCODER port B] hw state readout: enabled pipe_mask=0x2 mst=0
i915: parity P5c [ENCODER port B] get_config: ICL_DPCLKA_CFGCR0=0x00000000 -> shared_dpll id 0
i915: parity P5c DPLL 0 hw state readout: pipe_mask 0x2, on 1
i915: parity P5c DPLL 1 hw state readout: pipe_mask 0x0, on 0
i915: parity P5c TBT PLL hw state readout: pipe_mask 0x0, on 0
i915: parity P5c TC PLL 1 hw state readout: pipe_mask 0x0, on 0
i915: parity P5c TC PLL 2 hw state readout: pipe_mask 0x0, on 0
i915: parity P5c TC PLL 3 hw state readout: pipe_mask 0x0, on 0
i915: parity P5c TC PLL 4 hw state readout: pipe_mask 0x0, on 0
i915: parity P5c [CRTC:A] hw state readout: disabled (power gated)
i915: parity P5c [CRTC:B] hw state readout: disabled (power gated)
i915: parity P5c [CRTC:C] hw state readout: disabled (power gated)
i915: parity P5c [CRTC:D] hw state readout: disabled (power gated)
i915: parity P5c [ENCODER port A] hw state readout: disabled pipe_mask=0x0 mst=0
i915: parity P5c [ENCODER port B] hw state readout: disabled pipe_mask=0x0 mst=0
i915: parity P5c DPLL 0 hw state readout: pipe_mask 0x0, on 1
i915: parity P5c DPLL 1 hw state readout: pipe_mask 0x0, on 0
i915: parity P5c TBT PLL hw state readout: pipe_mask 0x0, on 0
i915: parity P5c TC PLL 1 hw state readout: pipe_mask 0x0, on 0
i915: parity P5c TC PLL 2 hw state readout: pipe_mask 0x0, on 0
i915: parity P5c TC PLL 3 hw state readout: pipe_mask 0x0, on 0
i915: parity P5c TC PLL 4 hw state readout: pipe_mask 0x0, on 0
i915: parity P5c [CRTC:A] hw state readout: disabled
i915: parity P5c [CRTC:B] hw state readout: enabled
i915: parity P5c [CRTC:C] hw state readout: disabled
i915: parity P5c [CRTC:D] hw state readout: disabled
i915: parity P5c [ENCODER port A] hw state readout: disabled pipe_mask=0x0 mst=0
i915: parity P5c [ENCODER port B] hw state readout: enabled pipe_mask=0x2 mst=0
i915: parity P5c [ENCODER port B] get_config: ICL_DPCLKA_CFGCR0=0x00000000 -> shared_dpll id 0
i915: parity P5c DPLL 0 hw state readout: pipe_mask 0x2, on 1
i915: parity P5c DPLL 1 hw state readout: pipe_mask 0x0, on 0
i915: parity P5c TBT PLL hw state readout: pipe_mask 0x0, on 0
i915: parity P5c TC PLL 1 hw state readout: pipe_mask 0x0, on 0
i915: parity P5c TC PLL 2 hw state readout: pipe_mask 0x0, on 0
i915: parity P5c TC PLL 3 hw state readout: pipe_mask 0x0, on 0
i915: parity P5c TC PLL 4 hw state readout: pipe_mask 0x0, on 0
i915: parity BIOS left unused DC_off power well enabled, disabling it
i915: parity DPLL 0 enabled but not in use, disabling
i915: parity BIOS left unused DC_off power well enabled, disabling it
i915: parity BIOS left unused DC_off power well enabled, disabling it
i915: parity BIOS left unused DC_off power well enabled, disabling it
i915: parity BIOS left unused DC_off power well enabled, disabling it
i915: parity [ENCODER port A] is disabled with an ungated DDI clock, gate it
i915: parity BIOS left unused DC_off power well enabled, disabling it
i915: parity WARN [CRTC:B] is active with no encoders: intel_crtc_disable_noatomic() is NOT implemented, pipe left as-is
i915: parity BIOS left unused DC_off power well enabled, disabling it
i915: parity BIOS left unused DC_off power well enabled, disabling it
i915: parity vcs2 fused off
i915: parity Unexpected fault addr=0x0 space=PPGTT engine_id=3
i915: parity INTR_IDENTITY_REG0:0 0x00000000 not valid!
i915: parity RC6/PG SKIPPED by the diagnostic switch (pg_enable would be 0x19f, ctl 0x40000)
i915: parity scanout: ABANDONED at GGTT 0x1fc0000 (8294400 bytes, owner ktest): the display was not shown to have stopped; pages, mapping and PTEs are kept
i915: parity gt_mem: object at GGTT 0x1fc0000 (2025 pages) NOT released: still owned by the display
i915: parity scanout: ABANDONED at GGTT 0x1fc0000 (8294400 bytes, owner lcd-b): the display was not shown to have stopped; pages, mapping and PTEs are kept
i915: parity gt_mem: object at GGTT 0x1fc0000 (2025 pages) NOT released: still owned by the display
i915: parity ktest section begin: lcdg (backend=MODEL; lines tagged expected_fault=1 below are intended)
i915: parity TLB invalidation did not complete in 4ms (reg 0xced8 done bit 0x1 still set) backend=MODEL test=TLB-STUCK expected_fault=1
i915: parity TLB invalidation did not complete in 4ms (reg 0xcee4 done bit 0x1 still set) backend=MODEL test=TLB-STUCK expected_fault=1
i915: parity TLB invalidation did not complete in 4ms (reg 0xcedc done bit 0x4 still set) backend=MODEL test=TLB-STUCK expected_fault=1
i915: parity TLB invalidation did not complete in 4ms (reg 0xcee0 done bit 0x1 still set) backend=MODEL test=TLB-STUCK expected_fault=1
i915: parity TLB invalidation did not complete in 4ms (reg 0xced8 done bit 0x1 still set) backend=MODEL test=REL-TLB expected_fault=1
i915: parity TLB invalidation did not complete in 4ms (reg 0xcee4 done bit 0x1 still set) backend=MODEL test=REL-TLB expected_fault=1
i915: parity TLB invalidation did not complete in 4ms (reg 0xcedc done bit 0x4 still set) backend=MODEL test=REL-TLB expected_fault=1
i915: parity TLB invalidation did not complete in 4ms (reg 0xcee0 done bit 0x1 still set) backend=MODEL test=REL-TLB expected_fault=1
i915: parity TLB invalidation did not complete in 4ms (reg 0xced8 done bit 0x1 still set) backend=MODEL test=RTMAP-TLB expected_fault=1
i915: parity TLB invalidation did not complete in 4ms (reg 0xcee4 done bit 0x1 still set) backend=MODEL test=RTMAP-TLB expected_fault=1
i915: parity TLB invalidation did not complete in 4ms (reg 0xcedc done bit 0x4 still set) backend=MODEL test=RTMAP-TLB expected_fault=1
i915: parity TLB invalidation did not complete in 4ms (reg 0xcee0 done bit 0x1 still set) backend=MODEL test=RTMAP-TLB expected_fault=1
i915: parity scanout: ABANDONED at GGTT 0x1fc0000 (16384 bytes, owner lcdg-ktest): the display was not shown to have stopped; pages, mapping and PTEs are kept
i915: parity retained (GPU not shown to be done): the GPU request using the buffer did not finish -- the buffer and every object the request may use are kept
i915: parity LCD-G verdict: FAIL (refused before any initialisation: retained resources)
i915: parity gt_mem: object at GGTT 0x0 (1 pages) NOT released: still owned by the display
i915: parity gt_mem: object at GGTT 0x0 (1 pages) NOT released: still owned by the display
i915: parity gt_mem: object at GGTT 0x0 (1 pages) NOT released: still owned by the display
i915: parity gt_mem: object at GGTT 0x1fc0000 (4 pages) NOT released: still owned by the display
i915: parity ktest section end: lcdg
i915: parity opregion boundary: intel_dsm_get_bios_data_funcs_supported: ACPI _DSM (no AML) -- not evaluated
i915: parity OP-LIFECYCLE register: DIDL 400 300 301 0 | CADL 400 300 301 0 | CSTS 0 DRDY 1 TCHE 2 ARDY 1 | boundaries +1 unported 0
i915: parity WARN acpi notifier callback already registered
i915: parity opregion boundary: intel_dsm_get_bios_data_funcs_supported: ACPI _DSM (no AML) -- not evaluated
i915: parity OP-NOTIFY not-video mailbox_backend=SHADOW service_epoch=1 event_source=SYNTHETIC callback_result=0x0 dispatch_result=0 calls=1 request_before csts=0x55 response_after csts=0x55 real_opregion_write_count=0
i915: parity OP-NOTIFY 0x80-switch mailbox_backend=SHADOW service_epoch=1 event_source=SYNTHETIC callback_result=0x1 dispatch_result=0 calls=1 request_before csts=0x55 response_after csts=0x0 real_opregion_write_count=0
i915: parity OP-NOTIFY 0x80-not-switch mailbox_backend=SHADOW service_epoch=1 event_source=SYNTHETIC callback_result=0x8002 dispatch_result=-3 calls=1 request_before csts=0x55 response_after csts=0x0 real_opregion_write_count=0
i915: parity OP-NOTIFY 0x81 mailbox_backend=SHADOW service_epoch=1 event_source=SYNTHETIC callback_result=0x1 dispatch_result=0 calls=1 request_before csts=0x55 response_after csts=0x0 real_opregion_write_count=0
i915: parity OP-ASLE backlight-128 mailbox_backend=SHADOW service_epoch=1 event_source=SYNTHETIC(GSE entry) display_backend=MODEL request_before aslc=0x2 | response_after aslc=0x0 cblv=0x80000033 | backlight calls +1 level 128/255 | worker started 1 finished 1 queued new 1 pending 0 | real_opregion_write_count=0
i915: parity OP-ASLE backlight-no-valid mailbox_backend=SHADOW service_epoch=1 event_source=SYNTHETIC(GSE entry) display_backend=MODEL request_before aslc=0x2 | response_after aslc=0x1000 cblv=0x1234 | backlight calls +0 level 128/255 | worker started 2 finished 2 queued new 2 pending 0 | real_opregion_write_count=0
i915: parity OP-ASLE backlight-native-policy mailbox_backend=SHADOW service_epoch=1 event_source=SYNTHETIC(GSE entry) display_backend=MODEL request_before aslc=0x2 | response_after aslc=0x0 cblv=0x1234 | backlight calls +0 level 128/255 | worker started 4 finished 4 queued new 4 pending 0 | real_opregion_write_count=0
i915: parity OP-ASLE mixed mailbox_backend=SHADOW service_epoch=1 event_source=SYNTHETIC(GSE entry) display_backend=MODEL request_before aslc=0x7 | response_after aslc=0x4400 cblv=0x8000001a | backlight calls +1 level 64/255 | worker started 5 finished 5 queued new 5 pending 0 | real_opregion_write_count=0
i915: parity OP-NOTIFY after-unregister mailbox_backend=SHADOW service_epoch=1 event_source=SYNTHETIC callback_result=0x0 dispatch_result=0 calls=0 request_before csts=0x55 response_after csts=0x55 real_opregion_write_count=0
i915: parity opregion boundary: intel_dsm_get_bios_data_funcs_supported: ACPI _DSM (no AML) -- not evaluated
i915: parity OP-LIFECYCLE stop-while-running: worker started 1 finished 1 | aslc 0x0 ardy 0 drdy 0 | unregister_synced=1
i915: parity opregion boundary: intel_dsm_get_bios_data_funcs_supported: ACPI _DSM (no AML) -- not evaluated
i915: parity hpd model tests skipped: the device's hotplug path ran in this boot (the model must not share the state the interrupt handler reaches)
i915: parity bcs0 stop_cs: MODE_IDLE timeout, head=0000 tail=0000
i915: parity bcs0 stop_cs: MODE_IDLE timeout, head=0040 tail=0000
i915: parity bcs0 dump(intel_gt_wait_for_idle -ETIME): HEAD=00000000 TAIL=00000000 START=00000000 CTL=00000000 ACTHD=00000000:00000000 IPEHR=00000000 INSTDONE=00000000 MI_MODE=00000000 ESR=00000000 EIR=00000000
i915: parity bcs0 dump(intel_gt_wait_for_idle -ETIME): EXECLIST_STATUS=00000000:00000000 CSB_PTR=ffff0b0b hwsp: csb_write=3 preempt=0 seqno=1 | sw: csb_head=3 submits=3 promotes=2 completes=2 errors=0 late=0 mmio=0 last=00008000:03ff8000
i915: parity bcs0 dump(intel_gt_wait_for_idle -ETIME): csb[0]=ffffffff:ffffffff
i915: parity bcs0 dump(intel_gt_wait_for_idle -ETIME): csb[1]=ffffffff:ffffffff
i915: parity bcs0 dump(intel_gt_wait_for_idle -ETIME): csb[2]=ffffffff:ffffffff
i915: parity bcs0 dump(intel_gt_wait_for_idle -ETIME): csb[3]=ffffffff:ffffffff
i915: parity bcs0 dump(intel_gt_wait_for_idle -ETIME): csb[4]=ffffffff:ffffffff
i915: parity bcs0 dump(intel_gt_wait_for_idle -ETIME): csb[5]=ffffffff:ffffffff
i915: parity bcs0 dump(intel_gt_wait_for_idle -ETIME): csb[6]=ffffffff:ffffffff
i915: parity bcs0 dump(intel_gt_wait_for_idle -ETIME): csb[7]=ffffffff:ffffffff
i915: parity bcs0 dump(intel_gt_wait_for_idle -ETIME): csb[8]=ffffffff:ffffffff
i915: parity bcs0 dump(intel_gt_wait_for_idle -ETIME): csb[9]=ffffffff:ffffffff
i915: parity bcs0 dump(intel_gt_wait_for_idle -ETIME): csb[10]=ffffffff:ffffffff
i915: parity bcs0 dump(intel_gt_wait_for_idle -ETIME): csb[11]=ffffffff:ffffffff
i915: parity bcs0 stop_cs: MODE_IDLE timeout, head=0000 tail=0000
i915: parity P1 gt_reset attempt=0 passes=2 rc=0
i915: parity bcs0 workaround lost on load! (reg[22050]=0x0, relevant bits were 0x0 vs expected 0x100) t: plain
i915: parity P3 intel_combo_phy_init: combo PHYs A/B (2 initialised)
i915: parity ktest (completion+workqueue): 582 checks, 0 failures
i915: runner-result: selftest=PASS selftest_scope=K0-K5 probe=COMPLETE last_op=i915_driver_register blocked_at=- cleanup=1 published=0 lcd_test=NOT_RUN lcd_first_anomaly_at=- lcd_cleanup_rc=0 lcd_retained=0
i915: parity N0 ---- summary (repeated at the end of the run) ----
i915: parity N0 platform: hypervisor=1 (CPUID.1:ECX[31]; recorded, not a driver mode)
i915: parity N0 opregion: ASLS=0x00000000 mapped=0 sig=0 ver=0.0.0 size=0KiB mboxes=0x0 | VBT via none (rvda=0x0 rvds=0 relative=0 inside=0 phys=0x0) mapped=0 size=0 valid=0 sha256=-.. matches explicit pin=0
i915: parity N0 vt-d (GPU unit): GFXVTBAR=0xfed90001 enabled=1 view=guest VER=0x00000000 readable=0 GSTS=0x00000000 (TES bit31) PMEN=0x00000000 (EPM bit0 / PRS bit31)
i915: parity N0 vt-d GSTS decoded: TES=0 RTPS=0 FLS=0 AFLS=0 WBFS=0 QIES=0 IRES=0 IRTPS=0 CFIS=0 | PMEN EPM=0 PRS=0 (not register values)
i915: parity N0 VBT: observed none 0 bytes sha256=-.. | adopted by the parser: NONE 0 bytes sha256=-.. | same bytes=0
i915: parity N0 firmware framebuffer: present=1 base=0x80000000 size=0x12c000 in_aperture=0 GGTT pages 0..0 | driver writes GGTT pages 1040128..1048576 overlap=0
i915: parity N0 pipe A: POWER_OFF -- not_readable (its wells' STATE is off: counted inactive, as the reference readout concludes; its registers were not read)
i915: parity N0 pipe B: POWER_OFF -- not_readable (its wells' STATE is off: counted inactive, as the reference readout concludes; its registers were not read)
i915: parity N0 pipe C: POWER_OFF -- not_readable (its wells' STATE is off: counted inactive, as the reference readout concludes; its registers were not read)
i915: parity N0 pipe D: POWER_OFF -- not_readable (its wells' STATE is off: counted inactive, as the reference readout concludes; its registers were not read)
i915: parity N0 pipe-A domain: not read (pipe A's wells are off)
i915: parity N0 decision: PROCEED -- start conditions match the prepared path (no active pipe, no overlap; VT-d: guest view, the host owns the unit) (active pipes 0x0, unreadable 0xf)
i915: parity N0 conditions: primary=0x0 observed=0x0 []
i915: parity runner thread end
