=== compiler/compile.c
=== compiler/eu.c
=== compiler/spirv.c
=== render/batch.c
=== render/blit.c
=== render/codec.c
=== render/command.c
=== render/descriptor.c
=== render/dispatch.c
=== render/draw.c
=== render/fence.c
=== render/image.c
=== render/instance.c
=== render/math.c
=== render/memory.c
=== render/object.c
=== render/objects.c
=== render/pipeline.c
=== render/pipeline-prepare.c
=== render/render-pass.c
=== render/reply.c
=== render/state.c
=== render/sync.c
=== render/transport.c
=== render/vulkan.c
