/*
 * zedBSD
 * Copyright (C) 2026 Awe Morris
 *
 * SPDX-License-Identifier: Zlib
 */

/* Only the OpenGL ES calls and GLX leave the library (libX11 inside it stays inside). */
{
	global:
		glActiveTexture;
		glAlphaFunc;
		glAttachShader;
		glBegin;
		glBeginConditionalRender;
		glBeginQuery;
		glBeginTransformFeedback;
		glBindAttribLocation;
		glBindBuffer;
		glBindBufferBase;
		glBindBufferRange;
		glBindFragDataLocation;
		glBindFramebuffer;
		glBindRenderbuffer;
		glBindSampler;
		glBindTexture;
		glBindTransformFeedback;
		glBindVertexArray;
		glBlendColor;
		glBlendEquation;
		glBlendEquationSeparate;
		glBlendFunc;
		glBlendFuncSeparate;
		glBlitFramebuffer;
		glBufferData;
		glBufferSubData;
		glCallList;
		glCallLists;
		glCheckFramebufferStatus;
		glClampColor;
		glClear;
		glClearBufferfi;
		glClearBufferfv;
		glClearBufferiv;
		glClearBufferuiv;
		glClearColor;
		glClearDepth;
		glClearDepthf;
		glClearStencil;
		glClientWaitSync;
		glColor3d;
		glColor3f;
		glColor3fv;
		glColor3ub;
		glColor3ubv;
		glColor4d;
		glColor4f;
		glColor4fv;
		glColor4ub;
		glColor4ubv;
		glColorMask;
		glColorMaski;
		glColorMaterial;
		glColorPointer;
		glCompileShader;
		glCompressedTexImage2D;
		glCompressedTexImage3D;
		glCompressedTexSubImage2D;
		glCompressedTexSubImage3D;
		glCopyBufferSubData;
		glCopyTexImage2D;
		glCopyTexSubImage2D;
		glCopyTexSubImage3D;
		glCreateProgram;
		glCreateShader;
		glCullFace;
		glDeleteBuffers;
		glDeleteFramebuffers;
		glDeleteLists;
		glDeleteProgram;
		glDeleteQueries;
		glDeleteRenderbuffers;
		glDeleteSamplers;
		glDeleteShader;
		glDeleteSync;
		glDeleteTextures;
		glDeleteTransformFeedbacks;
		glDeleteVertexArrays;
		glDepthFunc;
		glDepthMask;
		glDepthRange;
		glDepthRangef;
		glDetachShader;
		glDisable;
		glDisableClientState;
		glDisableVertexAttribArray;
		glDisablei;
		glDrawArrays;
		glDrawArraysInstanced;
		glDrawBuffer;
		glDrawBuffers;
		glDrawElements;
		glDrawElementsBaseVertex;
		glDrawElementsInstanced;
		glDrawElementsInstancedBaseVertex;
		glDrawRangeElements;
		glDrawRangeElementsBaseVertex;
		glEnable;
		glEnableClientState;
		glEnableVertexAttribArray;
		glEnablei;
		glEnd;
		glEndConditionalRender;
		glEndList;
		glEndQuery;
		glEndTransformFeedback;
		glFenceSync;
		glFinish;
		glFlush;
		glFlushMappedBufferRange;
		glFramebufferRenderbuffer;
		glFramebufferTexture1D;
		glFramebufferTexture2D;
		glFramebufferTexture3D;
		glFramebufferTextureLayer;
		glFrontFace;
		glFrustum;
		glGenBuffers;
		glGenFramebuffers;
		glGenLists;
		glGenQueries;
		glGenRenderbuffers;
		glGenSamplers;
		glGenTextures;
		glGenTransformFeedbacks;
		glGenVertexArrays;
		glGenerateMipmap;
		glGetActiveAttrib;
		glGetActiveUniform;
		glGetActiveUniformBlockName;
		glGetActiveUniformBlockiv;
		glGetActiveUniformName;
		glGetActiveUniformsiv;
		glGetAttachedShaders;
		glGetAttribLocation;
		glGetBooleani_v;
		glGetBooleanv;
		glGetBufferParameteri64v;
		glGetBufferParameteriv;
		glGetBufferPointerv;
		glGetBufferSubData;
		glGetDoublev;
		glGetError;
		glGetFloatv;
		glGetFragDataLocation;
		glGetFramebufferAttachmentParameteriv;
		glGetInteger64i_v;
		glGetInteger64v;
		glGetIntegeri_v;
		glGetIntegerv;
		glGetInternalformativ;
		glGetProgramBinary;
		glGetProgramInfoLog;
		glGetProgramiv;
		glGetQueryObjectiv;
		glGetQueryObjectuiv;
		glGetQueryiv;
		glGetRenderbufferParameteriv;
		glGetSamplerParameterfv;
		glGetSamplerParameteriv;
		glGetShaderInfoLog;
		glGetShaderPrecisionFormat;
		glGetShaderSource;
		glGetShaderiv;
		glGetString;
		glGetStringi;
		glGetSynciv;
		glGetTexImage;
		glGetTexParameterIiv;
		glGetTexParameterIuiv;
		glGetTexParameterfv;
		glGetTexParameteriv;
		glGetTransformFeedbackVarying;
		glGetUniformBlockIndex;
		glGetUniformIndices;
		glGetUniformLocation;
		glGetUniformfv;
		glGetUniformiv;
		glGetUniformuiv;
		glGetVertexAttribIiv;
		glGetVertexAttribIuiv;
		glGetVertexAttribPointerv;
		glGetVertexAttribfv;
		glGetVertexAttribiv;
		glHint;
		glInvalidateFramebuffer;
		glInvalidateSubFramebuffer;
		glIsBuffer;
		glIsEnabled;
		glIsEnabledi;
		glIsFramebuffer;
		glIsList;
		glIsProgram;
		glIsQuery;
		glIsRenderbuffer;
		glIsSampler;
		glIsShader;
		glIsSync;
		glIsTexture;
		glIsTransformFeedback;
		glIsVertexArray;
		glLightModelf;
		glLightModelfv;
		glLightModeli;
		glLightModeliv;
		glLightf;
		glLightfv;
		glLighti;
		glLightiv;
		glLineWidth;
		glLinkProgram;
		glLoadIdentity;
		glLoadMatrixd;
		glLoadMatrixf;
		glMapBuffer;
		glMapBufferRange;
		glMaterialf;
		glMaterialfv;
		glMateriali;
		glMaterialiv;
		glMatrixMode;
		glMultMatrixd;
		glMultMatrixf;
		glNewList;
		glNormal3d;
		glNormal3f;
		glNormal3fv;
		glNormalPointer;
		glOrtho;
		glPauseTransformFeedback;
		glPixelStorei;
		glPointSize;
		glPolygonMode;
		glPolygonOffset;
		glPopAttrib;
		glPopMatrix;
		glPrimitiveRestartIndex;
		glProgramBinary;
		glProgramParameteri;
		glProvokingVertex;
		glPushAttrib;
		glPushMatrix;
		glReadBuffer;
		glReadPixels;
		glRectf;
		glReleaseShaderCompiler;
		glRenderbufferStorage;
		glRenderbufferStorageMultisample;
		glResumeTransformFeedback;
		glRotated;
		glRotatef;
		glSampleCoverage;
		glSamplerParameterf;
		glSamplerParameterfv;
		glSamplerParameteri;
		glSamplerParameteriv;
		glScaled;
		glScalef;
		glScissor;
		glShadeModel;
		glShaderBinary;
		glShaderSource;
		glStencilFunc;
		glStencilFuncSeparate;
		glStencilMask;
		glStencilMaskSeparate;
		glStencilOp;
		glStencilOpSeparate;
		glTexBuffer;
		glTexCoord1f;
		glTexCoord2f;
		glTexCoord2fv;
		glTexCoord3f;
		glTexCoord4f;
		glTexCoordPointer;
		glTexEnvf;
		glTexEnvfv;
		glTexEnvi;
		glTexEnviv;
		glTexImage2D;
		glTexImage3D;
		glTexParameterIiv;
		glTexParameterIuiv;
		glTexParameterf;
		glTexParameterfv;
		glTexParameteri;
		glTexParameteriv;
		glTexStorage2D;
		glTexStorage3D;
		glTexSubImage2D;
		glTexSubImage3D;
		glTransformFeedbackVaryings;
		glTranslated;
		glTranslatef;
		glUniform1f;
		glUniform1fv;
		glUniform1i;
		glUniform1iv;
		glUniform1ui;
		glUniform1uiv;
		glUniform2f;
		glUniform2fv;
		glUniform2i;
		glUniform2iv;
		glUniform2ui;
		glUniform2uiv;
		glUniform3f;
		glUniform3fv;
		glUniform3i;
		glUniform3iv;
		glUniform3ui;
		glUniform3uiv;
		glUniform4f;
		glUniform4fv;
		glUniform4i;
		glUniform4iv;
		glUniform4ui;
		glUniform4uiv;
		glUniformBlockBinding;
		glUniformMatrix2fv;
		glUniformMatrix2x3fv;
		glUniformMatrix2x4fv;
		glUniformMatrix3fv;
		glUniformMatrix3x2fv;
		glUniformMatrix3x4fv;
		glUniformMatrix4fv;
		glUniformMatrix4x2fv;
		glUniformMatrix4x3fv;
		glUnmapBuffer;
		glUseProgram;
		glValidateProgram;
		glVertex2d;
		glVertex2f;
		glVertex2fv;
		glVertex2i;
		glVertex2s;
		glVertex3d;
		glVertex3dv;
		glVertex3f;
		glVertex3fv;
		glVertex3i;
		glVertex4f;
		glVertex4fv;
		glVertexAttrib1f;
		glVertexAttrib1fv;
		glVertexAttrib2f;
		glVertexAttrib2fv;
		glVertexAttrib3f;
		glVertexAttrib3fv;
		glVertexAttrib4f;
		glVertexAttrib4fv;
		glVertexAttribDivisor;
		glVertexAttribI1i;
		glVertexAttribI1iv;
		glVertexAttribI1ui;
		glVertexAttribI1uiv;
		glVertexAttribI2i;
		glVertexAttribI2iv;
		glVertexAttribI2ui;
		glVertexAttribI2uiv;
		glVertexAttribI3i;
		glVertexAttribI3iv;
		glVertexAttribI3ui;
		glVertexAttribI3uiv;
		glVertexAttribI4bv;
		glVertexAttribI4i;
		glVertexAttribI4iv;
		glVertexAttribI4sv;
		glVertexAttribI4ubv;
		glVertexAttribI4ui;
		glVertexAttribI4uiv;
		glVertexAttribI4usv;
		glVertexAttribIPointer;
		glVertexAttribPointer;
		glVertexPointer;
		glViewport;
		glWaitSync;
		glXChooseFBConfig;
		glXChooseVisual;
		glXCreateContext;
		glXCreateContextAttribsARB;
		glXCreateNewContext;
		glXCreateWindow;
		glXDestroyContext;
		glXDestroyWindow;
		glXGetClientString;
		glXGetConfig;
		glXGetCurrentContext;
		glXGetCurrentDisplay;
		glXGetCurrentDrawable;
		glXGetFBConfigAttrib;
		glXGetFBConfigs;
		glXGetProcAddress;
		glXGetProcAddressARB;
		glXGetVisualFromFBConfig;
		glXIsDirect;
		glXMakeContextCurrent;
		glXMakeCurrent;
		glXQueryExtension;
		glXQueryExtensionsString;
		glXQueryServerString;
		glXQueryVersion;
		glXSwapBuffers;
		glXWaitGL;
		glXWaitX;
		zglx_swap_step;
	local:
		*;
};
