10 2
1 undefined false
0,1,2
0,2,4
x,y
ReferenceError Cannot access 'c' before initialization
TypeError Assignment to constant variable.
ReferenceError ReferenceError
5
s1
101
function
10
TypeError
9 3 7 5 function 1 sq false
11,12 10
5
TypeError
1,2,3 1
true
x1yUz plain 11 multi
line AB true
3,a|b|c,a|b|c,1,2 2,
|,\n|,x
W!
