TOUCHDUMP abs ABS_X min=0 max=1000 resolution=0
TOUCHDUMP abs ABS_Y min=0 max=1000 resolution=0
TOUCHDUMP abs ABS_MT_SLOT min=0 max=9 resolution=0
TOUCHDUMP abs ABS_MT_TRACKING_ID min=0 max=65535 resolution=0
TOUCHDUMP abs ABS_MT_POSITION_X min=0 max=1000 resolution=0
TOUCHDUMP abs ABS_MT_POSITION_Y min=0 max=1000 resolution=0
TOUCHDUMP event ABS_MT_SLOT 0
TOUCHDUMP event ABS_MT_TRACKING_ID 0
TOUCHDUMP event ABS_MT_POSITION_X 100
TOUCHDUMP event ABS_MT_POSITION_Y 800
TOUCHDUMP event ABS_MT_SLOT 1
TOUCHDUMP event ABS_MT_TRACKING_ID 1
TOUCHDUMP event ABS_MT_POSITION_X 300
TOUCHDUMP event ABS_MT_POSITION_Y 800
TOUCHDUMP event BTN_TOUCH 1
TOUCHDUMP event ABS_X 100
TOUCHDUMP event ABS_Y 800
TOUCHDUMP event SYN_REPORT 0
TOUCHDUMP event ABS_MT_SLOT 0
TOUCHDUMP event ABS_MT_POSITION_Y 750
TOUCHDUMP event ABS_MT_SLOT 1
TOUCHDUMP event ABS_MT_POSITION_Y 750
TOUCHDUMP event ABS_Y 750
TOUCHDUMP event SYN_REPORT 0
TOUCHDUMP event ABS_MT_SLOT 0
TOUCHDUMP event ABS_MT_POSITION_Y 700
TOUCHDUMP event ABS_MT_SLOT 1
TOUCHDUMP event ABS_MT_POSITION_Y 700
TOUCHDUMP event ABS_Y 700
TOUCHDUMP event SYN_REPORT 0
TOUCHDUMP event ABS_MT_SLOT 0
TOUCHDUMP event ABS_MT_TRACKING_ID -1
TOUCHDUMP event ABS_X 300
TOUCHDUMP event SYN_REPORT 0
TOUCHDUMP event ABS_MT_TRACKING_ID 2
TOUCHDUMP event ABS_MT_POSITION_X 500
TOUCHDUMP event ABS_MT_POSITION_Y 500
TOUCHDUMP event ABS_MT_SLOT 1
TOUCHDUMP event ABS_MT_POSITION_X 320
TOUCHDUMP event ABS_X 320
TOUCHDUMP event SYN_REPORT 0
TOUCHDUMP event ABS_MT_SLOT 2
TOUCHDUMP event ABS_MT_TRACKING_ID 3
TOUCHDUMP event ABS_MT_POSITION_X 600
TOUCHDUMP event ABS_MT_POSITION_Y 600
TOUCHDUMP event SYN_REPORT 0
TOUCHDUMP event ABS_MT_SLOT 0
TOUCHDUMP event ABS_MT_TRACKING_ID -1
TOUCHDUMP event ABS_MT_SLOT 1
TOUCHDUMP event ABS_MT_TRACKING_ID -1
TOUCHDUMP event ABS_MT_SLOT 2
TOUCHDUMP event ABS_MT_TRACKING_ID -1
TOUCHDUMP event BTN_TOUCH 0
TOUCHDUMP event SYN_REPORT 0
