=== command.c
=== context.c
=== defaults.c
=== device.c
=== device-info.c
=== dma.c
=== engine.c
=== firmware.c
=== ggtt.c
=== gt-power.c
=== i915.c
=== irq.c
=== job.c
=== memory.c
=== migrate.c
=== mmio.c
=== pci.c
=== power.c
=== ppgtt.c
=== pxp.c
=== request.c
=== request-queue.c
=== reset.c
=== resource.c
=== runtime-pm.c
=== session.c
=== submit.c
/home/awe/zedBSD-gpu/src/drivers/gpu/i915/submit.c:577:42: warning: Left shift by '32' overflows the capacity of 'uint32_t' [core.BitwiseShift]
  577 |         direction = (int32_t)((tail - previous) << wrap);
      |                                                 ^
/home/awe/zedBSD-gpu/src/drivers/gpu/i915/submit.c:254:6: note: Assuming 'ge' is not equal to NULL
  254 |         if (ge == NULL ||
      |             ^~~~~~~~~~
/home/awe/zedBSD-gpu/src/drivers/gpu/i915/submit.c:254:6: note: Left side of '||' is false
/home/awe/zedBSD-gpu/src/drivers/gpu/i915/submit.c:255:6: note: Assuming 'el' is not equal to NULL
  255 |             el == NULL ||
      |             ^~~~~~~~~~
/home/awe/zedBSD-gpu/src/drivers/gpu/i915/submit.c:254:6: note: Left side of '||' is false
  254 |         if (ge == NULL ||
      |             ^
/home/awe/zedBSD-gpu/src/drivers/gpu/i915/submit.c:256:6: note: Assuming 'mmio' is not equal to NULL
  256 |             mmio == NULL ||
      |             ^~~~~~~~~~~~
/home/awe/zedBSD-gpu/src/drivers/gpu/i915/submit.c:254:6: note: Left side of '||' is false
  254 |         if (ge == NULL ||
      |             ^
/home/awe/zedBSD-gpu/src/drivers/gpu/i915/submit.c:257:6: note: Assuming 'rq' is not equal to NULL
  257 |             rq == NULL ||
      |             ^~~~~~~~~~
/home/awe/zedBSD-gpu/src/drivers/gpu/i915/submit.c:254:6: note: Left side of '||' is false
  254 |         if (ge == NULL ||
      |             ^
/home/awe/zedBSD-gpu/src/drivers/gpu/i915/submit.c:258:6: note: Assuming field 'added' is not equal to 0
  258 |             rq->added == 0)
      |             ^~~~~~~~~~~~~~
/home/awe/zedBSD-gpu/src/drivers/gpu/i915/submit.c:254:2: note: Taking false branch
  254 |         if (ge == NULL ||
      |         ^
/home/awe/zedBSD-gpu/src/drivers/gpu/i915/submit.c:262:6: note: Assuming field 'have_active' is equal to 0
  262 |         if (el->have_active != 0 || el->pending[0] != NULL)
      |             ^~~~~~~~~~~~~~~~~~~~
/home/awe/zedBSD-gpu/src/drivers/gpu/i915/submit.c:262:6: note: Left side of '||' is false
/home/awe/zedBSD-gpu/src/drivers/gpu/i915/submit.c:262:30: note: Assuming the condition is false
  262 |         if (el->have_active != 0 || el->pending[0] != NULL)
      |                                     ^~~~~~~~~~~~~~~~~~~~~~
/home/awe/zedBSD-gpu/src/drivers/gpu/i915/submit.c:262:2: note: Taking false branch
  262 |         if (el->have_active != 0 || el->pending[0] != NULL)
      |         ^
/home/awe/zedBSD-gpu/src/drivers/gpu/i915/submit.c:267:6: note: 'error' is equal to 0
  267 |         if (error != 0)
      |             ^~~~~
/home/awe/zedBSD-gpu/src/drivers/gpu/i915/submit.c:267:2: note: Taking false branch
  267 |         if (error != 0)
      |         ^
/home/awe/zedBSD-gpu/src/drivers/gpu/i915/submit.c:279:2: note: Loop condition is true.  Entering loop body
  279 |         while (port > 0U) {
      |         ^
/home/awe/zedBSD-gpu/src/drivers/gpu/i915/submit.c:283:7: note: 'request' is equal to NULL
  283 |                 if (request != NULL)
      |                     ^~~~~~~
/home/awe/zedBSD-gpu/src/drivers/gpu/i915/submit.c:283:3: note: Taking false branch
  283 |                 if (request != NULL)
      |                 ^
/home/awe/zedBSD-gpu/src/drivers/gpu/i915/submit.c:279:2: note: Loop condition is true.  Entering loop body
  279 |         while (port > 0U) {
      |         ^
/home/awe/zedBSD-gpu/src/drivers/gpu/i915/submit.c:283:7: note: 'request' is not equal to NULL
  283 |                 if (request != NULL)
      |                     ^~~~~~~
/home/awe/zedBSD-gpu/src/drivers/gpu/i915/submit.c:283:3: note: Taking true branch
  283 |                 if (request != NULL)
      |                 ^
/home/awe/zedBSD-gpu/src/drivers/gpu/i915/submit.c:284:11: note: Calling 'i915_update_context'
  284 |                         desc = i915_update_context(request);
      |                                ^~~~~~~~~~~~~~~~~~~~~~~~~~~~
/home/awe/zedBSD-gpu/src/drivers/gpu/i915/submit.c:569:2: note: The value 32 is assigned to 'wrap'
  569 |         wrap = 32U;
      |         ^~~~~~~~~~
/home/awe/zedBSD-gpu/src/drivers/gpu/i915/submit.c:571:9: note: Assuming 'size' is <= 1
  571 |         while (size > 1U) {
      |                ^~~~~~~~~
/home/awe/zedBSD-gpu/src/drivers/gpu/i915/submit.c:571:2: note: Loop condition is false. Execution continues on line 577
  571 |         while (size > 1U) {
      |         ^
/home/awe/zedBSD-gpu/src/drivers/gpu/i915/submit.c:577:42: note: The result of left shift is undefined because the right operand '32' is not smaller than 32, the capacity of 'uint32_t'
  577 |         direction = (int32_t)((tail - previous) << wrap);
      |                               ~~~~~~~~~~~~~~~~~~^~~~~~~
1 warning generated.
=== sync.c
=== tlb.c
=== trace.c
=== verify-workarounds.c
=== workarounds.c
/home/awe/zedBSD-gpu/src/drivers/gpu/i915/workarounds.c:428:27: warning: Access to field 'count' results in a dereference of a null pointer (loaded from variable 'wal') [core.NullDereference]
  428 |         for (index = 0U; index < wal->count; index++) {
      |                                  ^
/home/awe/zedBSD-gpu/src/drivers/gpu/i915/workarounds.c:873:6: note: Assuming 'index' is < field 'num_engines'
  873 |         if (index >= gt->num_engines)
      |             ^~~~~~~~~~~~~~~~~~~~~~~~
/home/awe/zedBSD-gpu/src/drivers/gpu/i915/workarounds.c:873:2: note: Taking false branch
  873 |         if (index >= gt->num_engines)
      |         ^
/home/awe/zedBSD-gpu/src/drivers/gpu/i915/workarounds.c:877:6: note: Assuming 'index' is < 6
  877 |         if (index >= (unsigned)I915_WA_ENGINES)
      |             ^~~~~~~~~~~~~~~~~~~~~~~~~~~~~~~~~~
/home/awe/zedBSD-gpu/src/drivers/gpu/i915/workarounds.c:877:2: note: Taking false branch
  877 |         if (index >= (unsigned)I915_WA_ENGINES)
      |         ^
/home/awe/zedBSD-gpu/src/drivers/gpu/i915/workarounds.c:881:25: note: Passing value via 1st parameter 'wal'
  881 |         drv_i915_wa_list_apply(&gt_init->engine_wa[index], mmio, 1, &gt_init->engine_wa_applied[index]);
      |                                ^~~~~~~~~~~~~~~~~~~~~~~~~~
/home/awe/zedBSD-gpu/src/drivers/gpu/i915/workarounds.c:881:2: note: Calling 'drv_i915_wa_list_apply'
  881 |         drv_i915_wa_list_apply(&gt_init->engine_wa[index], mmio, 1, &gt_init->engine_wa_applied[index]);
      |         ^~~~~~~~~~~~~~~~~~~~~~~~~~~~~~~~~~~~~~~~~~~~~~~~~~~~~~~~~~~~~~~~~~~~~~~~~~~~~~~~~~~~~~~~~~~~~~~
/home/awe/zedBSD-gpu/src/drivers/gpu/i915/workarounds.c:424:6: note: Assuming 'result' is equal to NULL
  424 |         if (result != NULL)
      |             ^~~~~~~~~~~~~~
/home/awe/zedBSD-gpu/src/drivers/gpu/i915/workarounds.c:424:2: note: Taking false branch
  424 |         if (result != NULL)
      |         ^
/home/awe/zedBSD-gpu/src/drivers/gpu/i915/workarounds.c:428:27: note: Access to field 'count' results in a dereference of a null pointer (loaded from variable 'wal')
  428 |         for (index = 0U; index < wal->count; index++) {
      |                                  ^~~
1 warning generated.
=== worker.c
=== workqueue.c
