object function true true
Mozilla Netscape Gecko string false
true true false false
number 24 24 true
number true number true
true true
file:    true true
environment.html true true
CSS1Compat UTF-8 true false visible
true true null true number
IMG 8 9 true true true
true 30 20 a picture nothing.png
changed 44 44
string
