root 1 DIV DIV div root
children P,#comment,P,#text 4 2 2
first P #text a a b
siblings #comment  note  P
element siblings a b a
text onetwo threetext | text 4 text
parents BODY BODY #document null
owner true null true
contains true true false
constants 1 3 8 9 11
types 3 8 9 10 html
instanceof true true true true true true
prototypes true true
insert SECTION,P,#comment,P,#text SECTION SECTION section
move P,#comment,P,#text,SECTION
remove P null #comment,P,#text,SECTION
replace P #comment,SPAN,#text,SECTION
clone root 4 0 null true
textContent 1 #text gone true
empty 0 false
fragment I,B 0
append #comment,I,B,#text,U,#text xy
remove2 #comment,I,B,#text,U
hierarchy true true HierarchyRequestError 3
not a child true true NotFoundError 8
not a node true
illegal true
constructor true
constructors abcdef 6 hmm #comment #document-fragment
title The tree
title2 Changed TITLE
